Using Python from: /users/acb20si/.conda/envs/lejepa/bin/python
Python 3.11.13
Job started at Sat  2 May 16:04:07 BST 2026
Running on node: node068.pri.stanage.alces.network
[INFO] Building TIFF index...
[INFO] Indexed TIFF folders: 22
[INFO] Indexed TIFF files  : 310
[INFO] Resolving TIFF paths for valid_points_train.shp...
[INFO] Resolved samples: 784
[INFO] Failed samples  : 0
[INFO] Saving 64 debug patches to ./outputs/binary_dino/debug_patches/train
[INFO] Resolving TIFF paths for valid_points_val.shp...
[INFO] Resolved samples: 218
[INFO] Failed samples  : 0
[INFO] Saving 64 debug patches to ./outputs/binary_dino/debug_patches/val
================================================================================
Phase 1.5 supervised fine-tuning setup
Classes: ['0', '1']
Train samples: 784
Val samples: 218
Coord mode: auto
AMP enabled: False
Class weights: True
Balanced sampler: False
Debug patches: ./outputs/binary_dino/debug_patches
================================================================================
Class weights: [0.18622449040412903, 1.8137754201889038]
[VAL epoch 1] True counts by index: {0: 163, 1: 55}
[VAL epoch 1] Pred counts by index: {0: 122, 1: 96}
[VAL epoch 1] True counts by class:
  00 0: 163
  01 1: 55
[VAL epoch 1] Pred counts by class:
  00 0: 122
  01 1: 96
Epoch 001 | frozen=0 | train loss 0.7543 acc 0.7360 macro_f1 0.4960 weighted_f1 0.7790 | val loss 0.6699 acc 0.5459 macro_f1 0.4985 weighted_f1 0.5749
[INFO] Saved best checkpoint at epoch 1: val_macro_f1=0.498501
[VAL epoch 2] True counts by index: {0: 163, 1: 55}
[VAL epoch 2] Pred counts by index: {0: 194, 1: 24}
[VAL epoch 2] True counts by class:
  00 0: 163
  01 1: 55
[VAL epoch 2] Pred counts by class:
  00 0: 194
  01 1: 24
Epoch 002 | frozen=0 | train loss 0.6825 acc 0.8163 macro_f1 0.4932 weighted_f1 0.8225 | val loss 0.6418 acc 0.7202 macro_f1 0.5285 weighted_f1 0.6774
[INFO] Saved best checkpoint at epoch 2: val_macro_f1=0.528490
[VAL epoch 3] True counts by index: {0: 163, 1: 55}
[VAL epoch 3] Pred counts by index: {0: 203, 1: 15}
[VAL epoch 3] True counts by class:
  00 0: 163
  01 1: 55
[VAL epoch 3] Pred counts by class:
  00 0: 203
  01 1: 15
Epoch 003 | frozen=0 | train loss 0.6886 acc 0.8202 macro_f1 0.4772 weighted_f1 0.8218 | val loss 0.6383 acc 0.7064 macro_f1 0.4554 weighted_f1 0.6386
[VAL epoch 4] True counts by index: {0: 163, 1: 55}
[VAL epoch 4] Pred counts by index: {0: 207, 1: 11}
[VAL epoch 4] True counts by class:
  00 0: 163
  01 1: 55
[VAL epoch 4] Pred counts by class:
  00 0: 207
  01 1: 11
Epoch 004 | frozen=0 | train loss 0.6655 acc 0.8393 macro_f1 0.5183 weighted_f1 0.8383 | val loss 0.6941 acc 0.7064 macro_f1 0.4287 weighted_f1 0.6260
[VAL epoch 5] True counts by index: {0: 163, 1: 55}
[VAL epoch 5] Pred counts by index: {0: 195, 1: 23}
[VAL epoch 5] True counts by class:
  00 0: 163
  01 1: 55
[VAL epoch 5] Pred counts by class:
  00 0: 195
  01 1: 23
Epoch 005 | frozen=0 | train loss 0.6905 acc 0.8355 macro_f1 0.4908 weighted_f1 0.8317 | val loss 0.6615 acc 0.7064 macro_f1 0.5004 weighted_f1 0.6593
[VAL epoch 6] True counts by index: {0: 163, 1: 55}
[VAL epoch 6] Pred counts by index: {0: 156, 1: 62}
[VAL epoch 6] True counts by class:
  00 0: 163
  01 1: 55
[VAL epoch 6] Pred counts by class:
  00 0: 156
  01 1: 62
Epoch 006 | frozen=0 | train loss 0.6490 acc 0.8329 macro_f1 0.5142 weighted_f1 0.8344 | val loss 0.6910 acc 0.6009 macro_f1 0.4918 weighted_f1 0.6085
[VAL epoch 7] True counts by index: {0: 163, 1: 55}
[VAL epoch 7] Pred counts by index: {0: 214, 1: 4}
[VAL epoch 7] True counts by class:
  00 0: 163
  01 1: 55
[VAL epoch 7] Pred counts by class:
  00 0: 214
  01 1: 4
Epoch 007 | frozen=0 | train loss 0.6572 acc 0.8533 macro_f1 0.4851 weighted_f1 0.8394 | val loss 0.6471 acc 0.7385 macro_f1 0.4414 weighted_f1 0.6432
[VAL epoch 8] True counts by index: {0: 163, 1: 55}
[VAL epoch 8] Pred counts by index: {0: 211, 1: 7}
[VAL epoch 8] True counts by class:
  00 0: 163
  01 1: 55
[VAL epoch 8] Pred counts by class:
  00 0: 211
  01 1: 7
Epoch 008 | frozen=0 | train loss 0.6828 acc 0.8597 macro_f1 0.4880 weighted_f1 0.8430 | val loss 0.6495 acc 0.7248 macro_f1 0.4359 weighted_f1 0.6359
[VAL epoch 9] True counts by index: {0: 163, 1: 55}
[VAL epoch 9] Pred counts by index: {0: 208, 1: 10}
[VAL epoch 9] True counts by class:
  00 0: 163
  01 1: 55
[VAL epoch 9] Pred counts by class:
  00 0: 208
  01 1: 10
Epoch 009 | frozen=0 | train loss 0.6732 acc 0.8814 macro_f1 0.4685 weighted_f1 0.8497 | val loss 0.6493 acc 0.7385 macro_f1 0.4847 weighted_f1 0.6639
[VAL epoch 10] True counts by index: {0: 163, 1: 55}
[VAL epoch 10] Pred counts by index: {0: 204, 1: 14}
[VAL epoch 10] True counts by class:
  00 0: 163
  01 1: 55
[VAL epoch 10] Pred counts by class:
  00 0: 204
  01 1: 14
Epoch 010 | frozen=0 | train loss 0.6359 acc 0.9069 macro_f1 0.5015 weighted_f1 0.8673 | val loss 0.6496 acc 0.7202 macro_f1 0.4749 weighted_f1 0.6527
[VAL epoch 11] True counts by index: {0: 163, 1: 55}
[VAL epoch 11] Pred counts by index: {0: 214, 1: 4}
[VAL epoch 11] True counts by class:
  00 0: 163
  01 1: 55
[VAL epoch 11] Pred counts by class:
  00 0: 214
  01 1: 4
Epoch 011 | frozen=0 | train loss 0.6467 acc 0.8788 macro_f1 0.5152 weighted_f1 0.8569 | val loss 0.6406 acc 0.7477 macro_f1 0.4610 weighted_f1 0.6557
[VAL epoch 12] True counts by index: {0: 163, 1: 55}
[VAL epoch 12] Pred counts by index: {0: 214, 1: 4}
[VAL epoch 12] True counts by class:
  00 0: 163
  01 1: 55
[VAL epoch 12] Pred counts by class:
  00 0: 214
  01 1: 4
Epoch 012 | frozen=0 | train loss 0.6263 acc 0.9005 macro_f1 0.4863 weighted_f1 0.8617 | val loss 0.6372 acc 0.7477 macro_f1 0.4610 weighted_f1 0.6557
[VAL epoch 13] True counts by index: {0: 163, 1: 55}
[VAL epoch 13] Pred counts by index: {0: 215, 1: 3}
[VAL epoch 13] True counts by class:
  00 0: 163
  01 1: 55
[VAL epoch 13] Pred counts by class:
  00 0: 215
  01 1: 3
Epoch 013 | frozen=0 | train loss 0.6451 acc 0.8992 macro_f1 0.4735 weighted_f1 0.8588 | val loss 0.6347 acc 0.7523 macro_f1 0.4631 weighted_f1 0.6583
[VAL epoch 14] True counts by index: {0: 163, 1: 55}
[VAL epoch 14] Pred counts by index: {0: 214, 1: 4}
[VAL epoch 14] True counts by class:
  00 0: 163
  01 1: 55
[VAL epoch 14] Pred counts by class:
  00 0: 214
  01 1: 4
Epoch 014 | frozen=0 | train loss 0.6331 acc 0.8610 macro_f1 0.5262 weighted_f1 0.8503 | val loss 0.6386 acc 0.7385 macro_f1 0.4414 weighted_f1 0.6432
[VAL epoch 15] True counts by index: {0: 163, 1: 55}
[VAL epoch 15] Pred counts by index: {0: 214, 1: 4}
[VAL epoch 15] True counts by class:
  00 0: 163
  01 1: 55
[VAL epoch 15] Pred counts by class:
  00 0: 214
  01 1: 4
Epoch 015 | frozen=0 | train loss 0.6524 acc 0.8992 macro_f1 0.4858 weighted_f1 0.8610 | val loss 0.6332 acc 0.7385 macro_f1 0.4414 weighted_f1 0.6432
[VAL epoch 16] True counts by index: {0: 163, 1: 55}
[VAL epoch 16] Pred counts by index: {0: 215, 1: 3}
[VAL epoch 16] True counts by class:
  00 0: 163
  01 1: 55
[VAL epoch 16] Pred counts by class:
  00 0: 215
  01 1: 3
Epoch 016 | frozen=0 | train loss 0.6339 acc 0.8967 macro_f1 0.4962 weighted_f1 0.8617 | val loss 0.6332 acc 0.7431 macro_f1 0.4432 weighted_f1 0.6456
[VAL epoch 17] True counts by index: {0: 163, 1: 55}
[VAL epoch 17] Pred counts by index: {0: 215, 1: 3}
[VAL epoch 17] True counts by class:
  00 0: 163
  01 1: 55
[VAL epoch 17] Pred counts by class:
  00 0: 215
  01 1: 3
Epoch 017 | frozen=0 | train loss 0.6374 acc 0.8954 macro_f1 0.5064 weighted_f1 0.8630 | val loss 0.6356 acc 0.7431 macro_f1 0.4432 weighted_f1 0.6456
[VAL epoch 18] True counts by index: {0: 163, 1: 55}
[VAL epoch 18] Pred counts by index: {0: 217, 1: 1}
[VAL epoch 18] True counts by class:
  00 0: 163
  01 1: 55
[VAL epoch 18] Pred counts by class:
  00 0: 217
  01 1: 1
Epoch 018 | frozen=0 | train loss 0.6331 acc 0.9005 macro_f1 0.4738 weighted_f1 0.8594 | val loss 0.6367 acc 0.7523 macro_f1 0.4468 weighted_f1 0.6505
[VAL epoch 19] True counts by index: {0: 163, 1: 55}
[VAL epoch 19] Pred counts by index: {0: 217, 1: 1}
[VAL epoch 19] True counts by class:
  00 0: 163
  01 1: 55
[VAL epoch 19] Pred counts by class:
  00 0: 217
  01 1: 1
Epoch 019 | frozen=0 | train loss 0.6351 acc 0.9005 macro_f1 0.4863 weighted_f1 0.8617 | val loss 0.6352 acc 0.7523 macro_f1 0.4468 weighted_f1 0.6505
[VAL epoch 20] True counts by index: {0: 163, 1: 55}
[VAL epoch 20] Pred counts by index: {0: 215, 1: 3}
[VAL epoch 20] True counts by class:
  00 0: 163
  01 1: 55
[VAL epoch 20] Pred counts by class:
  00 0: 215
  01 1: 3
Epoch 020 | frozen=0 | train loss 0.6464 acc 0.9056 macro_f1 0.5008 weighted_f1 0.8666 | val loss 0.6337 acc 0.7431 macro_f1 0.4432 weighted_f1 0.6456
[VAL epoch 21] True counts by index: {0: 163, 1: 55}
[VAL epoch 21] Pred counts by index: {0: 212, 1: 6}
[VAL epoch 21] True counts by class:
  00 0: 163
  01 1: 55
[VAL epoch 21] Pred counts by class:
  00 0: 212
  01 1: 6
Epoch 021 | frozen=0 | train loss 0.6474 acc 0.8890 macro_f1 0.4706 weighted_f1 0.8536 | val loss 0.6351 acc 0.7294 macro_f1 0.4377 weighted_f1 0.6383
[VAL epoch 22] True counts by index: {0: 163, 1: 55}
[VAL epoch 22] Pred counts by index: {0: 212, 1: 6}
[VAL epoch 22] True counts by class:
  00 0: 163
  01 1: 55
[VAL epoch 22] Pred counts by class:
  00 0: 212
  01 1: 6
Epoch 022 | frozen=0 | train loss 0.6274 acc 0.8941 macro_f1 0.4950 weighted_f1 0.8603 | val loss 0.6359 acc 0.7294 macro_f1 0.4377 weighted_f1 0.6383
[VAL epoch 23] True counts by index: {0: 163, 1: 55}
[VAL epoch 23] Pred counts by index: {0: 212, 1: 6}
[VAL epoch 23] True counts by class:
  00 0: 163
  01 1: 55
[VAL epoch 23] Pred counts by class:
  00 0: 212
  01 1: 6
Epoch 023 | frozen=0 | train loss 0.6430 acc 0.8916 macro_f1 0.4937 weighted_f1 0.8590 | val loss 0.6361 acc 0.7294 macro_f1 0.4377 weighted_f1 0.6383
[VAL epoch 24] True counts by index: {0: 163, 1: 55}
[VAL epoch 24] Pred counts by index: {0: 213, 1: 5}
[VAL epoch 24] True counts by class:
  00 0: 163
  01 1: 55
[VAL epoch 24] Pred counts by class:
  00 0: 213
  01 1: 5
Epoch 024 | frozen=0 | train loss 0.6303 acc 0.8878 macro_f1 0.4919 weighted_f1 0.8569 | val loss 0.6356 acc 0.7339 macro_f1 0.4395 weighted_f1 0.6408
[VAL epoch 25] True counts by index: {0: 163, 1: 55}
[VAL epoch 25] Pred counts by index: {0: 215, 1: 3}
[VAL epoch 25] True counts by class:
  00 0: 163
  01 1: 55
[VAL epoch 25] Pred counts by class:
  00 0: 215
  01 1: 3
Epoch 025 | frozen=0 | train loss 0.6271 acc 0.8941 macro_f1 0.4950 weighted_f1 0.8603 | val loss 0.6355 acc 0.7431 macro_f1 0.4432 weighted_f1 0.6456
[VAL epoch 26] True counts by index: {0: 163, 1: 55}
[VAL epoch 26] Pred counts by index: {0: 215, 1: 3}
[VAL epoch 26] True counts by class:
  00 0: 163
  01 1: 55
[VAL epoch 26] Pred counts by class:
  00 0: 215
  01 1: 3
Epoch 026 | frozen=0 | train loss 0.6236 acc 0.9031 macro_f1 0.4873 weighted_f1 0.8630 | val loss 0.6354 acc 0.7431 macro_f1 0.4432 weighted_f1 0.6456
[VAL epoch 27] True counts by index: {0: 163, 1: 55}
[VAL epoch 27] Pred counts by index: {0: 215, 1: 3}
[VAL epoch 27] True counts by class:
  00 0: 163
  01 1: 55
[VAL epoch 27] Pred counts by class:
  00 0: 215
  01 1: 3
Epoch 027 | frozen=0 | train loss 0.6400 acc 0.8992 macro_f1 0.4975 weighted_f1 0.8631 | val loss 0.6353 acc 0.7431 macro_f1 0.4432 weighted_f1 0.6456
[VAL epoch 28] True counts by index: {0: 163, 1: 55}
[VAL epoch 28] Pred counts by index: {0: 215, 1: 3}
[VAL epoch 28] True counts by class:
  00 0: 163
  01 1: 55
[VAL epoch 28] Pred counts by class:
  00 0: 215
  01 1: 3
Epoch 028 | frozen=0 | train loss 0.6249 acc 0.8992 macro_f1 0.5087 weighted_f1 0.8652 | val loss 0.6350 acc 0.7431 macro_f1 0.4432 weighted_f1 0.6456
[VAL epoch 29] True counts by index: {0: 163, 1: 55}
[VAL epoch 29] Pred counts by index: {0: 215, 1: 3}
[VAL epoch 29] True counts by class:
  00 0: 163
  01 1: 55
[VAL epoch 29] Pred counts by class:
  00 0: 215
  01 1: 3
Epoch 029 | frozen=0 | train loss 0.6430 acc 0.8954 macro_f1 0.4843 weighted_f1 0.8590 | val loss 0.6348 acc 0.7431 macro_f1 0.4432 weighted_f1 0.6456
[VAL epoch 30] True counts by index: {0: 163, 1: 55}
[VAL epoch 30] Pred counts by index: {0: 215, 1: 3}
[VAL epoch 30] True counts by class:
  00 0: 163
  01 1: 55
[VAL epoch 30] Pred counts by class:
  00 0: 215
  01 1: 3
Epoch 030 | frozen=0 | train loss 0.6572 acc 0.9031 macro_f1 0.4995 weighted_f1 0.8652 | val loss 0.6350 acc 0.7431 macro_f1 0.4432 weighted_f1 0.6456
[VAL epoch 31] True counts by index: {0: 163, 1: 55}
[VAL epoch 31] Pred counts by index: {0: 215, 1: 3}
[VAL epoch 31] True counts by class:
  00 0: 163
  01 1: 55
[VAL epoch 31] Pred counts by class:
  00 0: 215
  01 1: 3
Epoch 031 | frozen=0 | train loss 0.6213 acc 0.8967 macro_f1 0.4728 weighted_f1 0.8575 | val loss 0.6350 acc 0.7431 macro_f1 0.4432 weighted_f1 0.6456
[VAL epoch 32] True counts by index: {0: 163, 1: 55}
[VAL epoch 32] Pred counts by index: {0: 215, 1: 3}
[VAL epoch 32] True counts by class:
  00 0: 163
  01 1: 55
[VAL epoch 32] Pred counts by class:
  00 0: 215
  01 1: 3
Epoch 032 | frozen=0 | train loss 0.6327 acc 0.9043 macro_f1 0.5229 weighted_f1 0.8701 | val loss 0.6352 acc 0.7431 macro_f1 0.4432 weighted_f1 0.6456
[VAL epoch 33] True counts by index: {0: 163, 1: 55}
[VAL epoch 33] Pred counts by index: {0: 215, 1: 3}
[VAL epoch 33] True counts by class:
  00 0: 163
  01 1: 55
[VAL epoch 33] Pred counts by class:
  00 0: 215
  01 1: 3
Epoch 033 | frozen=0 | train loss 0.6472 acc 0.9005 macro_f1 0.5094 weighted_f1 0.8659 | val loss 0.6351 acc 0.7431 macro_f1 0.4432 weighted_f1 0.6456
[VAL epoch 34] True counts by index: {0: 163, 1: 55}
[VAL epoch 34] Pred counts by index: {0: 215, 1: 3}
[VAL epoch 34] True counts by class:
  00 0: 163
  01 1: 55
[VAL epoch 34] Pred counts by class:
  00 0: 215
  01 1: 3
Epoch 034 | frozen=0 | train loss 0.6463 acc 0.8916 macro_f1 0.4713 weighted_f1 0.8549 | val loss 0.6350 acc 0.7431 macro_f1 0.4432 weighted_f1 0.6456
[VAL epoch 35] True counts by index: {0: 163, 1: 55}
[VAL epoch 35] Pred counts by index: {0: 215, 1: 3}
[VAL epoch 35] True counts by class:
  00 0: 163
  01 1: 55
[VAL epoch 35] Pred counts by class:
  00 0: 215
  01 1: 3
Epoch 035 | frozen=0 | train loss 0.6475 acc 0.8967 macro_f1 0.4728 weighted_f1 0.8575 | val loss 0.6350 acc 0.7431 macro_f1 0.4432 weighted_f1 0.6456
[VAL epoch 36] True counts by index: {0: 163, 1: 55}
[VAL epoch 36] Pred counts by index: {0: 215, 1: 3}
[VAL epoch 36] True counts by class:
  00 0: 163
  01 1: 55
[VAL epoch 36] Pred counts by class:
  00 0: 215
  01 1: 3
Epoch 036 | frozen=0 | train loss 0.6547 acc 0.8967 macro_f1 0.4962 weighted_f1 0.8617 | val loss 0.6350 acc 0.7431 macro_f1 0.4432 weighted_f1 0.6456
[VAL epoch 37] True counts by index: {0: 163, 1: 55}
[VAL epoch 37] Pred counts by index: {0: 215, 1: 3}
[VAL epoch 37] True counts by class:
  00 0: 163
  01 1: 55
[VAL epoch 37] Pred counts by class:
  00 0: 215
  01 1: 3
Epoch 037 | frozen=0 | train loss 0.6171 acc 0.8980 macro_f1 0.4731 weighted_f1 0.8581 | val loss 0.6350 acc 0.7431 macro_f1 0.4432 weighted_f1 0.6456
[VAL epoch 38] True counts by index: {0: 163, 1: 55}
[VAL epoch 38] Pred counts by index: {0: 215, 1: 3}
[VAL epoch 38] True counts by class:
  00 0: 163
  01 1: 55
[VAL epoch 38] Pred counts by class:
  00 0: 215
  01 1: 3
Epoch 038 | frozen=0 | train loss 0.6422 acc 0.9056 macro_f1 0.5448 weighted_f1 0.8746 | val loss 0.6352 acc 0.7431 macro_f1 0.4432 weighted_f1 0.6456
[VAL epoch 39] True counts by index: {0: 163, 1: 55}
[VAL epoch 39] Pred counts by index: {0: 215, 1: 3}
[VAL epoch 39] True counts by class:
  00 0: 163
  01 1: 55
[VAL epoch 39] Pred counts by class:
  00 0: 215
  01 1: 3
Epoch 039 | frozen=0 | train loss 0.6408 acc 0.8941 macro_f1 0.4838 weighted_f1 0.8583 | val loss 0.6352 acc 0.7431 macro_f1 0.4432 weighted_f1 0.6456
[VAL epoch 40] True counts by index: {0: 163, 1: 55}
[VAL epoch 40] Pred counts by index: {0: 215, 1: 3}
[VAL epoch 40] True counts by class:
  00 0: 163
  01 1: 55
[VAL epoch 40] Pred counts by class:
  00 0: 215
  01 1: 3
Epoch 040 | frozen=0 | train loss 0.6292 acc 0.8992 macro_f1 0.4735 weighted_f1 0.8588 | val loss 0.6350 acc 0.7431 macro_f1 0.4432 weighted_f1 0.6456
[VAL epoch 40] True counts by index: {0: 163, 1: 55}
[VAL epoch 40] Pred counts by index: {0: 215, 1: 3}
[VAL epoch 40] True counts by class:
  00 0: 163
  01 1: 55
[VAL epoch 40] Pred counts by class:
  00 0: 215
  01 1: 3
================================================================================
Phase 1.5 supervised fine-tuning completed
Best monitored metric: val_macro_f1 = 0.528490
Best epoch: 2
Saved best encoder: ./outputs/binary_dino/phase1_encoder_best.pth
Saved last encoder: ./outputs/binary_dino/phase1_encoder_last.pth
Elapsed: 15087.4s
================================================================================
Job finished at Sat  2 May 20:17:08 BST 2026
