Using Python from: /users/acb20si/.conda/envs/lejepa/bin/python
Python 3.11.13
Job started at Sat  2 May 16:05:07 BST 2026
Running on node: node072.pri.stanage.alces.network
[INFO] Building TIFF index...
[INFO] Indexed TIFF folders: 22
[INFO] Indexed TIFF files  : 310
[INFO] Resolving TIFF paths for valid_points_train.shp...
[INFO] Resolved samples: 784
[INFO] Failed samples  : 0
[INFO] Saving 64 debug patches to ./outputs/binary_renet50/debug_patches/train
[INFO] Resolving TIFF paths for valid_points_val.shp...
[INFO] Resolved samples: 218
[INFO] Failed samples  : 0
[INFO] Saving 64 debug patches to ./outputs/binary_renet50/debug_patches/val
================================================================================
Phase 1.5 supervised fine-tuning setup
Classes: ['0', '1']
Train samples: 784
Val samples: 218
Coord mode: auto
AMP enabled: False
Class weights: True
Balanced sampler: False
Debug patches: ./outputs/binary_renet50/debug_patches
================================================================================
Class weights: [0.18622449040412903, 1.8137754201889038]
[VAL epoch 1] True counts by index: {0: 163, 1: 55}
[VAL epoch 1] Pred counts by index: {0: 218}
[VAL epoch 1] True counts by class:
  00 0: 163
  01 1: 55
[VAL epoch 1] Pred counts by class:
  00 0: 218
Epoch 001 | frozen=0 | train loss 0.6546 acc 0.9056 macro_f1 0.4884 weighted_f1 0.8644 | val loss 0.6531 acc 0.7477 macro_f1 0.4278 weighted_f1 0.6398
[INFO] Saved best checkpoint at epoch 1: val_macro_f1=0.427822
[VAL epoch 2] True counts by index: {0: 163, 1: 55}
[VAL epoch 2] Pred counts by index: {0: 218}
[VAL epoch 2] True counts by class:
  00 0: 163
  01 1: 55
[VAL epoch 2] Pred counts by class:
  00 0: 218
Epoch 002 | frozen=0 | train loss 0.6462 acc 0.9069 macro_f1 0.4756 weighted_f1 0.8626 | val loss 0.6461 acc 0.7477 macro_f1 0.4278 weighted_f1 0.6398
[VAL epoch 3] True counts by index: {0: 163, 1: 55}
[VAL epoch 3] Pred counts by index: {0: 218}
[VAL epoch 3] True counts by class:
  00 0: 163
  01 1: 55
[VAL epoch 3] Pred counts by class:
  00 0: 218
Epoch 003 | frozen=0 | train loss 0.6335 acc 0.9069 macro_f1 0.4756 weighted_f1 0.8626 | val loss 0.6466 acc 0.7477 macro_f1 0.4278 weighted_f1 0.6398
[VAL epoch 4] True counts by index: {0: 163, 1: 55}
[VAL epoch 4] Pred counts by index: {0: 218}
[VAL epoch 4] True counts by class:
  00 0: 163
  01 1: 55
[VAL epoch 4] Pred counts by class:
  00 0: 218
Epoch 004 | frozen=0 | train loss 0.6305 acc 0.9069 macro_f1 0.4756 weighted_f1 0.8626 | val loss 0.6427 acc 0.7477 macro_f1 0.4278 weighted_f1 0.6398
[VAL epoch 5] True counts by index: {0: 163, 1: 55}
[VAL epoch 5] Pred counts by index: {0: 218}
[VAL epoch 5] True counts by class:
  00 0: 163
  01 1: 55
[VAL epoch 5] Pred counts by class:
  00 0: 218
Epoch 005 | frozen=0 | train loss 0.6380 acc 0.9069 macro_f1 0.4756 weighted_f1 0.8626 | val loss 0.6489 acc 0.7477 macro_f1 0.4278 weighted_f1 0.6398
[VAL epoch 6] True counts by index: {0: 163, 1: 55}
[VAL epoch 6] Pred counts by index: {0: 218}
[VAL epoch 6] True counts by class:
  00 0: 163
  01 1: 55
[VAL epoch 6] Pred counts by class:
  00 0: 218
Epoch 006 | frozen=0 | train loss 0.6444 acc 0.9069 macro_f1 0.4756 weighted_f1 0.8626 | val loss 0.6396 acc 0.7477 macro_f1 0.4278 weighted_f1 0.6398
[VAL epoch 7] True counts by index: {0: 163, 1: 55}
[VAL epoch 7] Pred counts by index: {0: 218}
[VAL epoch 7] True counts by class:
  00 0: 163
  01 1: 55
[VAL epoch 7] Pred counts by class:
  00 0: 218
Epoch 007 | frozen=0 | train loss 0.6238 acc 0.9069 macro_f1 0.4756 weighted_f1 0.8626 | val loss 0.6440 acc 0.7477 macro_f1 0.4278 weighted_f1 0.6398
[VAL epoch 8] True counts by index: {0: 163, 1: 55}
[VAL epoch 8] Pred counts by index: {0: 218}
[VAL epoch 8] True counts by class:
  00 0: 163
  01 1: 55
[VAL epoch 8] Pred counts by class:
  00 0: 218
Epoch 008 | frozen=0 | train loss 0.6376 acc 0.9069 macro_f1 0.4756 weighted_f1 0.8626 | val loss 0.6461 acc 0.7477 macro_f1 0.4278 weighted_f1 0.6398
[VAL epoch 9] True counts by index: {0: 163, 1: 55}
[VAL epoch 9] Pred counts by index: {0: 218}
[VAL epoch 9] True counts by class:
  00 0: 163
  01 1: 55
[VAL epoch 9] Pred counts by class:
  00 0: 218
Epoch 009 | frozen=0 | train loss 0.6218 acc 0.9069 macro_f1 0.4756 weighted_f1 0.8626 | val loss 0.6423 acc 0.7477 macro_f1 0.4278 weighted_f1 0.6398
[VAL epoch 10] True counts by index: {0: 163, 1: 55}
[VAL epoch 10] Pred counts by index: {0: 218}
[VAL epoch 10] True counts by class:
  00 0: 163
  01 1: 55
[VAL epoch 10] Pred counts by class:
  00 0: 218
Epoch 010 | frozen=0 | train loss 0.6298 acc 0.9069 macro_f1 0.4756 weighted_f1 0.8626 | val loss 0.6420 acc 0.7477 macro_f1 0.4278 weighted_f1 0.6398
[VAL epoch 11] True counts by index: {0: 163, 1: 55}
[VAL epoch 11] Pred counts by index: {0: 218}
[VAL epoch 11] True counts by class:
  00 0: 163
  01 1: 55
[VAL epoch 11] Pred counts by class:
  00 0: 218
Epoch 011 | frozen=0 | train loss 0.6226 acc 0.9069 macro_f1 0.4756 weighted_f1 0.8626 | val loss 0.6380 acc 0.7477 macro_f1 0.4278 weighted_f1 0.6398
[VAL epoch 12] True counts by index: {0: 163, 1: 55}
[VAL epoch 12] Pred counts by index: {0: 218}
[VAL epoch 12] True counts by class:
  00 0: 163
  01 1: 55
[VAL epoch 12] Pred counts by class:
  00 0: 218
Epoch 012 | frozen=0 | train loss 0.6306 acc 0.9069 macro_f1 0.4756 weighted_f1 0.8626 | val loss 0.6452 acc 0.7477 macro_f1 0.4278 weighted_f1 0.6398
[VAL epoch 13] True counts by index: {0: 163, 1: 55}
[VAL epoch 13] Pred counts by index: {0: 218}
[VAL epoch 13] True counts by class:
  00 0: 163
  01 1: 55
[VAL epoch 13] Pred counts by class:
  00 0: 218
Epoch 013 | frozen=0 | train loss 0.6231 acc 0.9069 macro_f1 0.4756 weighted_f1 0.8626 | val loss 0.6440 acc 0.7477 macro_f1 0.4278 weighted_f1 0.6398
[VAL epoch 14] True counts by index: {0: 163, 1: 55}
[VAL epoch 14] Pred counts by index: {0: 218}
[VAL epoch 14] True counts by class:
  00 0: 163
  01 1: 55
[VAL epoch 14] Pred counts by class:
  00 0: 218
Epoch 014 | frozen=0 | train loss 0.6169 acc 0.9069 macro_f1 0.4756 weighted_f1 0.8626 | val loss 0.6457 acc 0.7477 macro_f1 0.4278 weighted_f1 0.6398
[VAL epoch 15] True counts by index: {0: 163, 1: 55}
[VAL epoch 15] Pred counts by index: {0: 218}
[VAL epoch 15] True counts by class:
  00 0: 163
  01 1: 55
[VAL epoch 15] Pred counts by class:
  00 0: 218
Epoch 015 | frozen=0 | train loss 0.6263 acc 0.9069 macro_f1 0.4756 weighted_f1 0.8626 | val loss 0.6458 acc 0.7477 macro_f1 0.4278 weighted_f1 0.6398
[VAL epoch 16] True counts by index: {0: 163, 1: 55}
[VAL epoch 16] Pred counts by index: {0: 218}
[VAL epoch 16] True counts by class:
  00 0: 163
  01 1: 55
[VAL epoch 16] Pred counts by class:
  00 0: 218
Epoch 016 | frozen=0 | train loss 0.6273 acc 0.9069 macro_f1 0.4756 weighted_f1 0.8626 | val loss 0.6443 acc 0.7477 macro_f1 0.4278 weighted_f1 0.6398
[VAL epoch 17] True counts by index: {0: 163, 1: 55}
[VAL epoch 17] Pred counts by index: {0: 218}
[VAL epoch 17] True counts by class:
  00 0: 163
  01 1: 55
[VAL epoch 17] Pred counts by class:
  00 0: 218
Epoch 017 | frozen=0 | train loss 0.6302 acc 0.9069 macro_f1 0.4756 weighted_f1 0.8626 | val loss 0.6431 acc 0.7477 macro_f1 0.4278 weighted_f1 0.6398
[VAL epoch 18] True counts by index: {0: 163, 1: 55}
[VAL epoch 18] Pred counts by index: {0: 218}
[VAL epoch 18] True counts by class:
  00 0: 163
  01 1: 55
[VAL epoch 18] Pred counts by class:
  00 0: 218
Epoch 018 | frozen=0 | train loss 0.6211 acc 0.9069 macro_f1 0.4756 weighted_f1 0.8626 | val loss 0.6436 acc 0.7477 macro_f1 0.4278 weighted_f1 0.6398
[VAL epoch 19] True counts by index: {0: 163, 1: 55}
[VAL epoch 19] Pred counts by index: {0: 218}
[VAL epoch 19] True counts by class:
  00 0: 163
  01 1: 55
[VAL epoch 19] Pred counts by class:
  00 0: 218
Epoch 019 | frozen=0 | train loss 0.6156 acc 0.9069 macro_f1 0.4756 weighted_f1 0.8626 | val loss 0.6474 acc 0.7477 macro_f1 0.4278 weighted_f1 0.6398
[VAL epoch 20] True counts by index: {0: 163, 1: 55}
[VAL epoch 20] Pred counts by index: {0: 218}
[VAL epoch 20] True counts by class:
  00 0: 163
  01 1: 55
[VAL epoch 20] Pred counts by class:
  00 0: 218
Epoch 020 | frozen=0 | train loss 0.6126 acc 0.9069 macro_f1 0.4756 weighted_f1 0.8626 | val loss 0.6426 acc 0.7477 macro_f1 0.4278 weighted_f1 0.6398
[VAL epoch 21] True counts by index: {0: 163, 1: 55}
[VAL epoch 21] Pred counts by index: {0: 218}
[VAL epoch 21] True counts by class:
  00 0: 163
  01 1: 55
[VAL epoch 21] Pred counts by class:
  00 0: 218
Epoch 021 | frozen=0 | train loss 0.6222 acc 0.9069 macro_f1 0.4756 weighted_f1 0.8626 | val loss 0.6498 acc 0.7477 macro_f1 0.4278 weighted_f1 0.6398
[VAL epoch 22] True counts by index: {0: 163, 1: 55}
[VAL epoch 22] Pred counts by index: {0: 218}
[VAL epoch 22] True counts by class:
  00 0: 163
  01 1: 55
[VAL epoch 22] Pred counts by class:
  00 0: 218
Epoch 022 | frozen=0 | train loss 0.6306 acc 0.9069 macro_f1 0.4756 weighted_f1 0.8626 | val loss 0.6488 acc 0.7477 macro_f1 0.4278 weighted_f1 0.6398
[VAL epoch 23] True counts by index: {0: 163, 1: 55}
[VAL epoch 23] Pred counts by index: {0: 218}
[VAL epoch 23] True counts by class:
  00 0: 163
  01 1: 55
[VAL epoch 23] Pred counts by class:
  00 0: 218
Epoch 023 | frozen=0 | train loss 0.6198 acc 0.9069 macro_f1 0.4756 weighted_f1 0.8626 | val loss 0.6459 acc 0.7477 macro_f1 0.4278 weighted_f1 0.6398
[VAL epoch 24] True counts by index: {0: 163, 1: 55}
[VAL epoch 24] Pred counts by index: {0: 218}
[VAL epoch 24] True counts by class:
  00 0: 163
  01 1: 55
[VAL epoch 24] Pred counts by class:
  00 0: 218
Epoch 024 | frozen=0 | train loss 0.6193 acc 0.9069 macro_f1 0.4756 weighted_f1 0.8626 | val loss 0.6448 acc 0.7477 macro_f1 0.4278 weighted_f1 0.6398
[VAL epoch 25] True counts by index: {0: 163, 1: 55}
[VAL epoch 25] Pred counts by index: {0: 218}
[VAL epoch 25] True counts by class:
  00 0: 163
  01 1: 55
[VAL epoch 25] Pred counts by class:
  00 0: 218
Epoch 025 | frozen=0 | train loss 0.6203 acc 0.9069 macro_f1 0.4756 weighted_f1 0.8626 | val loss 0.6467 acc 0.7477 macro_f1 0.4278 weighted_f1 0.6398
[VAL epoch 26] True counts by index: {0: 163, 1: 55}
[VAL epoch 26] Pred counts by index: {0: 218}
[VAL epoch 26] True counts by class:
  00 0: 163
  01 1: 55
[VAL epoch 26] Pred counts by class:
  00 0: 218
Epoch 026 | frozen=0 | train loss 0.6260 acc 0.9069 macro_f1 0.4756 weighted_f1 0.8626 | val loss 0.6432 acc 0.7477 macro_f1 0.4278 weighted_f1 0.6398
[VAL epoch 27] True counts by index: {0: 163, 1: 55}
[VAL epoch 27] Pred counts by index: {0: 218}
[VAL epoch 27] True counts by class:
  00 0: 163
  01 1: 55
[VAL epoch 27] Pred counts by class:
  00 0: 218
Epoch 027 | frozen=0 | train loss 0.6219 acc 0.9069 macro_f1 0.4756 weighted_f1 0.8626 | val loss 0.6466 acc 0.7477 macro_f1 0.4278 weighted_f1 0.6398
[VAL epoch 28] True counts by index: {0: 163, 1: 55}
[VAL epoch 28] Pred counts by index: {0: 218}
[VAL epoch 28] True counts by class:
  00 0: 163
  01 1: 55
[VAL epoch 28] Pred counts by class:
  00 0: 218
Epoch 028 | frozen=0 | train loss 0.6127 acc 0.9069 macro_f1 0.4756 weighted_f1 0.8626 | val loss 0.6475 acc 0.7477 macro_f1 0.4278 weighted_f1 0.6398
[VAL epoch 29] True counts by index: {0: 163, 1: 55}
[VAL epoch 29] Pred counts by index: {0: 218}
[VAL epoch 29] True counts by class:
  00 0: 163
  01 1: 55
[VAL epoch 29] Pred counts by class:
  00 0: 218
Epoch 029 | frozen=0 | train loss 0.6337 acc 0.9069 macro_f1 0.4756 weighted_f1 0.8626 | val loss 0.6450 acc 0.7477 macro_f1 0.4278 weighted_f1 0.6398
[VAL epoch 30] True counts by index: {0: 163, 1: 55}
[VAL epoch 30] Pred counts by index: {0: 218}
[VAL epoch 30] True counts by class:
  00 0: 163
  01 1: 55
[VAL epoch 30] Pred counts by class:
  00 0: 218
Epoch 030 | frozen=0 | train loss 0.6220 acc 0.9069 macro_f1 0.4756 weighted_f1 0.8626 | val loss 0.6407 acc 0.7477 macro_f1 0.4278 weighted_f1 0.6398
[VAL epoch 31] True counts by index: {0: 163, 1: 55}
[VAL epoch 31] Pred counts by index: {0: 218}
[VAL epoch 31] True counts by class:
  00 0: 163
  01 1: 55
[VAL epoch 31] Pred counts by class:
  00 0: 218
Epoch 031 | frozen=0 | train loss 0.6194 acc 0.9069 macro_f1 0.4756 weighted_f1 0.8626 | val loss 0.6452 acc 0.7477 macro_f1 0.4278 weighted_f1 0.6398
[VAL epoch 32] True counts by index: {0: 163, 1: 55}
[VAL epoch 32] Pred counts by index: {0: 218}
[VAL epoch 32] True counts by class:
  00 0: 163
  01 1: 55
[VAL epoch 32] Pred counts by class:
  00 0: 218
Epoch 032 | frozen=0 | train loss 0.6121 acc 0.9069 macro_f1 0.4756 weighted_f1 0.8626 | val loss 0.6437 acc 0.7477 macro_f1 0.4278 weighted_f1 0.6398
[VAL epoch 33] True counts by index: {0: 163, 1: 55}
[VAL epoch 33] Pred counts by index: {0: 218}
[VAL epoch 33] True counts by class:
  00 0: 163
  01 1: 55
[VAL epoch 33] Pred counts by class:
  00 0: 218
Epoch 033 | frozen=0 | train loss 0.6186 acc 0.9069 macro_f1 0.4756 weighted_f1 0.8626 | val loss 0.6385 acc 0.7477 macro_f1 0.4278 weighted_f1 0.6398
[VAL epoch 34] True counts by index: {0: 163, 1: 55}
[VAL epoch 34] Pred counts by index: {0: 218}
[VAL epoch 34] True counts by class:
  00 0: 163
  01 1: 55
[VAL epoch 34] Pred counts by class:
  00 0: 218
Epoch 034 | frozen=0 | train loss 0.6117 acc 0.9069 macro_f1 0.4756 weighted_f1 0.8626 | val loss 0.6385 acc 0.7477 macro_f1 0.4278 weighted_f1 0.6398
[VAL epoch 35] True counts by index: {0: 163, 1: 55}
[VAL epoch 35] Pred counts by index: {0: 218}
[VAL epoch 35] True counts by class:
  00 0: 163
  01 1: 55
[VAL epoch 35] Pred counts by class:
  00 0: 218
Epoch 035 | frozen=0 | train loss 0.6236 acc 0.9069 macro_f1 0.4756 weighted_f1 0.8626 | val loss 0.6399 acc 0.7477 macro_f1 0.4278 weighted_f1 0.6398
[VAL epoch 36] True counts by index: {0: 163, 1: 55}
[VAL epoch 36] Pred counts by index: {0: 218}
[VAL epoch 36] True counts by class:
  00 0: 163
  01 1: 55
[VAL epoch 36] Pred counts by class:
  00 0: 218
Epoch 036 | frozen=0 | train loss 0.6276 acc 0.9069 macro_f1 0.4756 weighted_f1 0.8626 | val loss 0.6464 acc 0.7477 macro_f1 0.4278 weighted_f1 0.6398
[VAL epoch 37] True counts by index: {0: 163, 1: 55}
[VAL epoch 37] Pred counts by index: {0: 218}
[VAL epoch 37] True counts by class:
  00 0: 163
  01 1: 55
[VAL epoch 37] Pred counts by class:
  00 0: 218
Epoch 037 | frozen=0 | train loss 0.6022 acc 0.9069 macro_f1 0.4756 weighted_f1 0.8626 | val loss 0.6466 acc 0.7477 macro_f1 0.4278 weighted_f1 0.6398
[VAL epoch 38] True counts by index: {0: 163, 1: 55}
[VAL epoch 38] Pred counts by index: {0: 218}
[VAL epoch 38] True counts by class:
  00 0: 163
  01 1: 55
[VAL epoch 38] Pred counts by class:
  00 0: 218
Epoch 038 | frozen=0 | train loss 0.6263 acc 0.9069 macro_f1 0.4756 weighted_f1 0.8626 | val loss 0.6408 acc 0.7477 macro_f1 0.4278 weighted_f1 0.6398
[VAL epoch 39] True counts by index: {0: 163, 1: 55}
[VAL epoch 39] Pred counts by index: {0: 218}
[VAL epoch 39] True counts by class:
  00 0: 163
  01 1: 55
[VAL epoch 39] Pred counts by class:
  00 0: 218
Epoch 039 | frozen=0 | train loss 0.6189 acc 0.9069 macro_f1 0.4756 weighted_f1 0.8626 | val loss 0.6440 acc 0.7477 macro_f1 0.4278 weighted_f1 0.6398
[VAL epoch 40] True counts by index: {0: 163, 1: 55}
[VAL epoch 40] Pred counts by index: {0: 218}
[VAL epoch 40] True counts by class:
  00 0: 163
  01 1: 55
[VAL epoch 40] Pred counts by class:
  00 0: 218
Epoch 040 | frozen=0 | train loss 0.6179 acc 0.9069 macro_f1 0.4756 weighted_f1 0.8626 | val loss 0.6417 acc 0.7477 macro_f1 0.4278 weighted_f1 0.6398
[VAL epoch 40] True counts by index: {0: 163, 1: 55}
[VAL epoch 40] Pred counts by index: {0: 218}
[VAL epoch 40] True counts by class:
  00 0: 163
  01 1: 55
[VAL epoch 40] Pred counts by class:
  00 0: 218
================================================================================
Phase 1.5 supervised fine-tuning completed
Best monitored metric: val_macro_f1 = 0.427822
Best epoch: 1
Saved best encoder: ./outputs/binary_renet50/phase1_encoder_best.pth
Saved last encoder: ./outputs/binary_renet50/phase1_encoder_last.pth
Elapsed: 11980.7s
================================================================================
Job finished at Sat  2 May 19:25:39 BST 2026
