============================================================
Job started at: Wed  6 May 11:53:57 BST 2026
Running on node: gpu15.pri.stanage.alces.network
Python: /users/aca21jo/.conda/envs/lejepa_gpu/bin/python
Python 3.10.20
Wed May  6 11:53:57 2026       
+-----------------------------------------------------------------------------------------+
| NVIDIA-SMI 550.163.01             Driver Version: 550.163.01     CUDA Version: 12.4     |
|-----------------------------------------+------------------------+----------------------+
| GPU  Name                 Persistence-M | Bus-Id          Disp.A | Volatile Uncorr. ECC |
| Fan  Temp   Perf          Pwr:Usage/Cap |           Memory-Usage | GPU-Util  Compute M. |
|                                         |                        |               MIG M. |
|=========================================+========================+======================|
|   0  NVIDIA A100-SXM4-80GB          On  |   00000000:01:00.0 Off |                    0 |
| N/A   31C    P0             58W /  500W |       1MiB /  81920MiB |      0%      Default |
|                                         |                        |             Disabled |
+-----------------------------------------+------------------------+----------------------+
                                                                                         
+-----------------------------------------------------------------------------------------+
| Processes:                                                                              |
|  GPU   GI   CI        PID   Type   Process name                              GPU Memory |
|        ID   ID                                                               Usage      |
|=========================================================================================|
|  No running processes found                                                             |
+-----------------------------------------------------------------------------------------+
============================================================
Training roots:
  /mnt/parscratch/users/aca21jo/2025_Forge/OSINFOR_data/01. Ortomosaicos/2023
============================================================
Phase 1: DINOv2-backbone SSL pretraining on expanded imagery
============================================================
====================================================================================================
Recursive TIFF scan
Train roots       :
  /mnt/parscratch/users/aca21jo/2025_Forge/OSINFOR_data/01. Ortomosaicos/2023
Found TIFF files  : 179
====================================================================================================
First 10 TIFF files:
  /mnt/parscratch/users/aca21jo/2025_Forge/OSINFOR_data/01. Ortomosaicos/2023/2023-01/25-PUC-C-DE-CPC-002-12_18032023_001_idw_transparent_mosaic_group1.tif
  /mnt/parscratch/users/aca21jo/2025_Forge/OSINFOR_data/01. Ortomosaicos/2023/2023-01/25-PUC-C-DE-CPC-002-12_20032023_003_IDW_transparent_mosaic_group1.tif
  /mnt/parscratch/users/aca21jo/2025_Forge/OSINFOR_data/01. Ortomosaicos/2023/2023-01/25-PUC-C-DE-CPC-002-12_23032023_004_idw_transparent_mosaic_group1.tif
  /mnt/parscratch/users/aca21jo/2025_Forge/OSINFOR_data/01. Ortomosaicos/2023/2023-01/25-PUC-C-DE-CPC-002-12_26032023_002_idw_transparent_mosaic_group1.tif
  /mnt/parscratch/users/aca21jo/2025_Forge/OSINFOR_data/01. Ortomosaicos/2023/2023-01/25-PUC-C-DE-CPC-002-12_26032023_005_idw_transparent_mosaic_group1.tif
  /mnt/parscratch/users/aca21jo/2025_Forge/OSINFOR_data/01. Ortomosaicos/2023/2023-01/25-PUC-C-DE-CPC-002-12_26032023_006_idw_transparent_mosaic_group1.tif
  /mnt/parscratch/users/aca21jo/2025_Forge/OSINFOR_data/01. Ortomosaicos/2023/2023-01/25-PUC-C-DE-CPC-002-12_26032023_007_idw_transparent_mosaic_group1.tif
  /mnt/parscratch/users/aca21jo/2025_Forge/OSINFOR_data/01. Ortomosaicos/2023/2023-02/06-CAJ-PER-FMC-2021-001_02042023_01_IDW_transparent_mosaic_group1.tif
  /mnt/parscratch/users/aca21jo/2025_Forge/OSINFOR_data/01. Ortomosaicos/2023/2023-02/06-CAJ-PER-FMC-2021-001_03042023_02_IDW_transparent_mosaic_group1.tif
  /mnt/parscratch/users/aca21jo/2025_Forge/OSINFOR_data/01. Ortomosaicos/2023/2023-02/06-CAJ-PER-FMC-2021-001_03042023_03_IDW_transparent_mosaic_group1.tif
====================================================================================================
[WARN] Skipping unreadable TIFF in training set: /mnt/parscratch/users/aca21jo/2025_Forge/OSINFOR_data/01. Ortomosaicos/2023/2023-19/25-PUCC-DE-CPC001-13_25102023_001_orto_pv17_idw_transparent_mosaic_group1.tif
====================================================================================================
Phase 1 started
Backbone              : vit_small_patch14_dinov2.lvd142m
Pretrained backbone   : True
Device                : cuda
AMP enabled           : True
Train TIFF files      : 179
Patches per image     : 64
Train samples         : 11392
SSL epochs            : 20
Patch size            : 224
Global image size     : 224
Local image size      : 224
Extraction enabled    : False
====================================================================================================
[SSL][Epoch 1/20] total=19.9409 align=0.0038 var=0.6782 cov=2.0146 slice=0.9675 proxy_eval=19.7360 lr=6.67e-06
[INFO] Saved best checkpoint: proxy_loss=19.736001
[SSL][Epoch 2/20] total=19.3012 align=0.0037 var=0.6422 cov=2.2684 slice=0.9731 proxy_eval=19.2479 lr=1.00e-05
[INFO] Saved best checkpoint: proxy_loss=19.247894
[SSL][Epoch 3/20] total=19.1577 align=0.0035 var=0.6351 cov=2.3088 slice=0.9691 proxy_eval=19.0748 lr=1.00e-05
[INFO] Saved best checkpoint: proxy_loss=19.074844
[SSL][Epoch 4/20] total=19.0879 align=0.0032 var=0.6320 cov=2.3251 slice=0.9594 proxy_eval=18.9838 lr=9.91e-06
[INFO] Saved best checkpoint: proxy_loss=18.983783
[SSL][Epoch 5/20] total=19.0358 align=0.0034 var=0.6303 cov=2.3294 slice=0.9454 proxy_eval=18.9746 lr=9.66e-06
[INFO] Saved best checkpoint: proxy_loss=18.974643
[SSL][Epoch 6/20] total=19.0071 align=0.0036 var=0.6288 cov=2.3399 slice=0.9429 proxy_eval=18.9299 lr=9.25e-06
[INFO] Saved best checkpoint: proxy_loss=18.929869
[SSL][Epoch 7/20] total=18.9883 align=0.0036 var=0.6280 cov=2.3419 slice=0.9416 proxy_eval=18.9096 lr=8.70e-06
[INFO] Saved best checkpoint: proxy_loss=18.909559
[SSL][Epoch 8/20] total=18.9649 align=0.0036 var=0.6271 cov=2.3441 slice=0.9404 proxy_eval=18.8884 lr=8.02e-06
[INFO] Saved best checkpoint: proxy_loss=18.888375
[SSL][Epoch 9/20] total=18.9680 align=0.0036 var=0.6273 cov=2.3416 slice=0.9395 proxy_eval=19.0098 lr=7.23e-06
[SSL][Epoch 10/20] total=18.9522 align=0.0036 var=0.6265 cov=2.3477 slice=0.9386 proxy_eval=18.8829 lr=6.37e-06
[INFO] Saved best checkpoint: proxy_loss=18.882890
[SSL][Epoch 11/20] total=18.9431 align=0.0037 var=0.6262 cov=2.3474 slice=0.9376 proxy_eval=18.8686 lr=5.47e-06
[INFO] Saved best checkpoint: proxy_loss=18.868574
[SSL][Epoch 12/20] total=18.9387 align=0.0037 var=0.6259 cov=2.3495 slice=0.9370 proxy_eval=18.8749 lr=4.54e-06
[SSL][Epoch 13/20] total=18.9193 align=0.0037 var=0.6250 cov=2.3530 slice=0.9364 proxy_eval=18.8169 lr=3.64e-06
[INFO] Saved best checkpoint: proxy_loss=18.816868
[SSL][Epoch 14/20] total=18.9099 align=0.0037 var=0.6246 cov=2.3561 slice=0.9359 proxy_eval=18.8579 lr=2.78e-06
[SSL][Epoch 15/20] total=18.8908 align=0.0037 var=0.6235 cov=2.3637 slice=0.9354 proxy_eval=18.8348 lr=1.99e-06
[SSL][Epoch 16/20] total=18.8939 align=0.0037 var=0.6238 cov=2.3604 slice=0.9352 proxy_eval=18.8583 lr=1.31e-06
[SSL][Epoch 17/20] total=18.8993 align=0.0037 var=0.6241 cov=2.3583 slice=0.9351 proxy_eval=18.9078 lr=7.58e-07
[SSL][Epoch 18/20] total=18.8881 align=0.0037 var=0.6234 cov=2.3638 slice=0.9349 proxy_eval=18.8325 lr=3.47e-07
[SSL][Epoch 19/20] total=18.8919 align=0.0037 var=0.6237 cov=2.3615 slice=0.9348 proxy_eval=18.8223 lr=9.50e-08
[SSL][Epoch 20/20] total=18.8952 align=0.0037 var=0.6239 cov=2.3595 slice=0.9348 proxy_eval=18.8810 lr=1.00e-08

====================================================================================================
Phase 1 completed
Best checkpoint      : ./outputs/phase1_dino_ssl_large/phase1_encoder_best.pth
Last checkpoint      : ./outputs/phase1_dino_ssl_large/phase1_encoder_last.pth
Embedding CSV        : skipped
Best proxy loss      : 18.8169
Total elapsed        : 01:47:41
====================================================================================================
============================================================
Job finished at: Wed  6 May 13:42:03 BST 2026
DINO SSL output: ./outputs/phase1_dino_ssl_large -> /mnt/parscratch/users/aca21jo/realign_outputs/phase1_dino_ssl_large
============================================================
