============================================================
Job started at: Thu  7 May 15:22:15 BST 2026
Running on node: gpu05.pri.stanage.alces.network
Python: /users/aca21jo/.conda/envs/lejepa_gpu/bin/python
Python 3.10.20
Thu May  7 15:22:15 2026       
+-----------------------------------------------------------------------------------------+
| NVIDIA-SMI 550.163.01             Driver Version: 550.163.01     CUDA Version: 12.4     |
|-----------------------------------------+------------------------+----------------------+
| GPU  Name                 Persistence-M | Bus-Id          Disp.A | Volatile Uncorr. ECC |
| Fan  Temp   Perf          Pwr:Usage/Cap |           Memory-Usage | GPU-Util  Compute M. |
|                                         |                        |               MIG M. |
|=========================================+========================+======================|
|   0  NVIDIA A100-SXM4-80GB          On  |   00000000:01:00.0 Off |                    0 |
| N/A   30C    P0             57W /  500W |       1MiB /  81920MiB |      0%      Default |
|                                         |                        |             Disabled |
+-----------------------------------------+------------------------+----------------------+
                                                                                         
+-----------------------------------------------------------------------------------------+
| Processes:                                                                              |
|  GPU   GI   CI        PID   Type   Process name                              GPU Memory |
|        ID   ID                                                               Usage      |
|=========================================================================================|
|  No running processes found                                                             |
+-----------------------------------------------------------------------------------------+
============================================================
MIL output dir        : ./outputs/mil_dino_shared_seasonal_20m_rgb_green_keep_25_sat_50_green25_sat50_p224_cuda
Init encoder          : ./outputs/binary_dino_shared_seasonal_rgb_balanced_cuda_80ep/phase1_encoder_best.pth
Train image mode      : rgb_green_keep_25_sat_50
Eval image mode       : rgb_green_keep_25_sat_50
Positive bag radius m : 20
Negative bag radius m : 0
Bag instances         : 17
Patch size px         : 224
Model image size      : 224
Pooling               : lse
Epochs                : 50
Batch size            : 2
============================================================
Step 1: Training 20 m MIL classifier
============================================================
[INFO] Building TIFF index...
[INFO] Indexed TIFF folders: 22
[INFO] Indexed TIFF files  : 310
[INFO] Resolving MIL bags for valid_points_train.shp...
[INFO] Resolved bags: 784
[INFO] Failed rows  : 0
[INFO] Bag labels   : {0: 711, 1: 73}
[INFO] Resolving MIL bags for valid_points_val.shp...
[INFO] Resolved bags: 218
[INFO] Failed rows  : 0
[INFO] Bag labels   : {0: 163, 1: 55}
====================================================================================================
MIL binary training setup
Init checkpoint       : ./outputs/binary_dino_shared_seasonal_rgb_balanced_cuda_80ep/phase1_encoder_best.pth
Train bags            : 1568
Val bags              : 218
Positive radius (m)   : 20.0
Negative radius (m)   : 0.0
Bag instances         : 17
Pooling               : lse
Train image mode      : rgb_green_keep_25_sat_50
Eval image mode       : rgb_green_keep_25_sat_50
Balanced sampler      : True
Positive loss weight  : [9.739726066589355]
====================================================================================================
Epoch 001 | frozen=1 | train loss 1.7724 macro_f1 0.3830 pos_f1 0.6632 pr_auc 0.5550 | val loss 1.7231 macro_f1 0.3173 pos_f1 0.4269 pr_auc 0.3334 roc_auc 0.6984
[INFO] Saved best MIL checkpoint at epoch 1: val_average_precision=0.333370
Epoch 002 | frozen=1 | train loss 1.5938 macro_f1 0.3774 pos_f1 0.6824 pr_auc 0.5971 | val loss 1.6541 macro_f1 0.3057 pos_f1 0.4235 pr_auc 0.3601 roc_auc 0.7226
[INFO] Saved best MIL checkpoint at epoch 2: val_average_precision=0.360085
Epoch 003 | frozen=1 | train loss 1.5642 macro_f1 0.3584 pos_f1 0.6808 pr_auc 0.6466 | val loss 1.5937 macro_f1 0.3267 pos_f1 0.4348 pr_auc 0.3750 roc_auc 0.7326
[INFO] Saved best MIL checkpoint at epoch 3: val_average_precision=0.375010
Epoch 004 | frozen=0 | train loss 1.5184 macro_f1 0.3776 pos_f1 0.6868 pr_auc 0.6687 | val loss 1.4843 macro_f1 0.4380 pos_f1 0.4741 pr_auc 0.4184 roc_auc 0.7636
[INFO] Saved best MIL checkpoint at epoch 4: val_average_precision=0.418418
Epoch 005 | frozen=0 | train loss 1.4610 macro_f1 0.4053 pos_f1 0.6720 pr_auc 0.6844 | val loss 1.4587 macro_f1 0.5175 pos_f1 0.4976 pr_auc 0.4355 roc_auc 0.7625
[INFO] Saved best MIL checkpoint at epoch 5: val_average_precision=0.435462
Epoch 006 | frozen=0 | train loss 1.3836 macro_f1 0.4347 pos_f1 0.7101 pr_auc 0.7067 | val loss 1.3365 macro_f1 0.5885 pos_f1 0.5319 pr_auc 0.5494 roc_auc 0.8182
[INFO] Saved best MIL checkpoint at epoch 6: val_average_precision=0.549423
Epoch 007 | frozen=0 | train loss 1.3329 macro_f1 0.5483 pos_f1 0.7122 pr_auc 0.7020 | val loss 1.3531 macro_f1 0.5787 pos_f1 0.5381 pr_auc 0.4632 roc_auc 0.7953
Epoch 008 | frozen=0 | train loss 1.1640 macro_f1 0.6163 pos_f1 0.7619 pr_auc 0.7592 | val loss 1.8112 macro_f1 0.6972 pos_f1 0.5986 pr_auc 0.4683 roc_auc 0.7950
Epoch 009 | frozen=0 | train loss 1.2021 macro_f1 0.6355 pos_f1 0.7501 pr_auc 0.7365 | val loss 1.8042 macro_f1 0.6993 pos_f1 0.5972 pr_auc 0.4960 roc_auc 0.7934
Epoch 010 | frozen=0 | train loss 1.2513 macro_f1 0.6476 pos_f1 0.7542 pr_auc 0.7249 | val loss 1.4670 macro_f1 0.7005 pos_f1 0.6154 pr_auc 0.4808 roc_auc 0.8158
Epoch 011 | frozen=0 | train loss 1.2097 macro_f1 0.6482 pos_f1 0.7559 pr_auc 0.7283 | val loss 1.3714 macro_f1 0.7389 pos_f1 0.6479 pr_auc 0.4920 roc_auc 0.8341
Epoch 012 | frozen=0 | train loss 1.2069 macro_f1 0.6669 pos_f1 0.7606 pr_auc 0.7213 | val loss 1.4789 macro_f1 0.7323 pos_f1 0.6438 pr_auc 0.4770 roc_auc 0.8163
Epoch 013 | frozen=0 | train loss 1.2181 macro_f1 0.6625 pos_f1 0.7531 pr_auc 0.7193 | val loss 1.4322 macro_f1 0.7022 pos_f1 0.6203 pr_auc 0.4745 roc_auc 0.8051
Epoch 014 | frozen=0 | train loss 1.2554 macro_f1 0.6372 pos_f1 0.7568 pr_auc 0.7117 | val loss 1.2660 macro_f1 0.6887 pos_f1 0.6145 pr_auc 0.5072 roc_auc 0.8354
Epoch 015 | frozen=0 | train loss 1.1387 macro_f1 0.6536 pos_f1 0.7669 pr_auc 0.7574 | val loss 1.3113 macro_f1 0.7147 pos_f1 0.6323 pr_auc 0.4772 roc_auc 0.8269
Epoch 016 | frozen=0 | train loss 1.1000 macro_f1 0.6853 pos_f1 0.7696 pr_auc 0.7716 | val loss 1.4487 macro_f1 0.7172 pos_f1 0.6316 pr_auc 0.4778 roc_auc 0.8148
Epoch 017 | frozen=0 | train loss 1.0685 macro_f1 0.7011 pos_f1 0.7724 pr_auc 0.7885 | val loss 1.5743 macro_f1 0.7178 pos_f1 0.6259 pr_auc 0.4834 roc_auc 0.8104
Epoch 018 | frozen=0 | train loss 1.1217 macro_f1 0.6930 pos_f1 0.7750 pr_auc 0.7531 | val loss 1.5187 macro_f1 0.7451 pos_f1 0.6573 pr_auc 0.4763 roc_auc 0.8171
Epoch 019 | frozen=0 | train loss 1.1269 macro_f1 0.6959 pos_f1 0.7707 pr_auc 0.7348 | val loss 1.5194 macro_f1 0.7408 pos_f1 0.6528 pr_auc 0.4731 roc_auc 0.8144
Epoch 020 | frozen=0 | train loss 1.0377 macro_f1 0.7085 pos_f1 0.7808 pr_auc 0.7806 | val loss 1.5524 macro_f1 0.7220 pos_f1 0.6301 pr_auc 0.4745 roc_auc 0.8127
Epoch 021 | frozen=0 | train loss 1.0215 macro_f1 0.7136 pos_f1 0.7799 pr_auc 0.7834 | val loss 1.5734 macro_f1 0.7178 pos_f1 0.6259 pr_auc 0.4819 roc_auc 0.8147
Epoch 022 | frozen=0 | train loss 1.1067 macro_f1 0.6960 pos_f1 0.7637 pr_auc 0.7412 | val loss 1.6540 macro_f1 0.7304 pos_f1 0.6389 pr_auc 0.4766 roc_auc 0.8138
Epoch 023 | frozen=0 | train loss 1.0938 macro_f1 0.7108 pos_f1 0.7894 pr_auc 0.7585 | val loss 1.5691 macro_f1 0.7136 pos_f1 0.6216 pr_auc 0.4777 roc_auc 0.8125
Epoch 024 | frozen=0 | train loss 0.9982 macro_f1 0.7287 pos_f1 0.7924 pr_auc 0.7664 | val loss 1.4566 macro_f1 0.7238 pos_f1 0.6351 pr_auc 0.4875 roc_auc 0.8253
Epoch 025 | frozen=0 | train loss 1.0462 macro_f1 0.7003 pos_f1 0.7832 pr_auc 0.7693 | val loss 1.5494 macro_f1 0.7178 pos_f1 0.6259 pr_auc 0.4801 roc_auc 0.8192
Epoch 026 | frozen=0 | train loss 1.1809 macro_f1 0.6752 pos_f1 0.7742 pr_auc 0.7531 | val loss 1.4881 macro_f1 0.7154 pos_f1 0.6267 pr_auc 0.4836 roc_auc 0.8204
Epoch 027 | frozen=0 | train loss 1.0841 macro_f1 0.7061 pos_f1 0.7809 pr_auc 0.7586 | val loss 1.5145 macro_f1 0.7136 pos_f1 0.6216 pr_auc 0.4833 roc_auc 0.8185
Epoch 028 | frozen=0 | train loss 1.0009 macro_f1 0.7156 pos_f1 0.7974 pr_auc 0.8017 | val loss 1.5516 macro_f1 0.7178 pos_f1 0.6259 pr_auc 0.4838 roc_auc 0.8157
Epoch 029 | frozen=0 | train loss 1.1407 macro_f1 0.7003 pos_f1 0.7707 pr_auc 0.7587 | val loss 1.5930 macro_f1 0.7178 pos_f1 0.6259 pr_auc 0.4788 roc_auc 0.8106
Epoch 030 | frozen=0 | train loss 1.0852 macro_f1 0.7030 pos_f1 0.7829 pr_auc 0.7924 | val loss 1.5670 macro_f1 0.7136 pos_f1 0.6216 pr_auc 0.4774 roc_auc 0.8099
Epoch 031 | frozen=0 | train loss 1.0004 macro_f1 0.7102 pos_f1 0.7814 pr_auc 0.7923 | val loss 1.5829 macro_f1 0.7178 pos_f1 0.6259 pr_auc 0.4816 roc_auc 0.8114
Epoch 032 | frozen=0 | train loss 1.1174 macro_f1 0.7028 pos_f1 0.7782 pr_auc 0.7633 | val loss 1.6042 macro_f1 0.7178 pos_f1 0.6259 pr_auc 0.4810 roc_auc 0.8083
Epoch 033 | frozen=0 | train loss 1.0949 macro_f1 0.7056 pos_f1 0.7777 pr_auc 0.7589 | val loss 1.6129 macro_f1 0.7262 pos_f1 0.6345 pr_auc 0.4813 roc_auc 0.8087
Epoch 034 | frozen=0 | train loss 1.1684 macro_f1 0.6978 pos_f1 0.7737 pr_auc 0.7643 | val loss 1.5762 macro_f1 0.7262 pos_f1 0.6345 pr_auc 0.4835 roc_auc 0.8117
Epoch 035 | frozen=0 | train loss 1.0740 macro_f1 0.7211 pos_f1 0.7945 pr_auc 0.7989 | val loss 1.5674 macro_f1 0.7178 pos_f1 0.6259 pr_auc 0.4814 roc_auc 0.8094
Epoch 036 | frozen=0 | train loss 1.0660 macro_f1 0.7081 pos_f1 0.7731 pr_auc 0.7669 | val loss 1.5707 macro_f1 0.7389 pos_f1 0.6479 pr_auc 0.4912 roc_auc 0.8156
Epoch 037 | frozen=0 | train loss 1.0914 macro_f1 0.7259 pos_f1 0.7930 pr_auc 0.7840 | val loss 1.5369 macro_f1 0.7304 pos_f1 0.6389 pr_auc 0.4923 roc_auc 0.8164
Epoch 038 | frozen=0 | train loss 1.0887 macro_f1 0.7046 pos_f1 0.7735 pr_auc 0.7672 | val loss 1.5465 macro_f1 0.7304 pos_f1 0.6389 pr_auc 0.4928 roc_auc 0.8161
Epoch 039 | frozen=0 | train loss 0.9938 macro_f1 0.7339 pos_f1 0.7967 pr_auc 0.8037 | val loss 1.5145 macro_f1 0.7262 pos_f1 0.6345 pr_auc 0.4953 roc_auc 0.8202
Epoch 040 | frozen=0 | train loss 1.0606 macro_f1 0.7100 pos_f1 0.7790 pr_auc 0.8026 | val loss 1.5343 macro_f1 0.7304 pos_f1 0.6389 pr_auc 0.4951 roc_auc 0.8186
Epoch 041 | frozen=0 | train loss 0.9634 macro_f1 0.7311 pos_f1 0.7845 pr_auc 0.8054 | val loss 1.5694 macro_f1 0.7389 pos_f1 0.6479 pr_auc 0.4912 roc_auc 0.8163
Epoch 042 | frozen=0 | train loss 1.0372 macro_f1 0.7149 pos_f1 0.7876 pr_auc 0.7747 | val loss 1.5838 macro_f1 0.7346 pos_f1 0.6434 pr_auc 0.4920 roc_auc 0.8160
Epoch 043 | frozen=0 | train loss 1.0694 macro_f1 0.7246 pos_f1 0.7945 pr_auc 0.7918 | val loss 1.5758 macro_f1 0.7262 pos_f1 0.6345 pr_auc 0.4855 roc_auc 0.8115
Epoch 044 | frozen=0 | train loss 1.0274 macro_f1 0.7245 pos_f1 0.7907 pr_auc 0.7811 | val loss 1.5689 macro_f1 0.7304 pos_f1 0.6389 pr_auc 0.4887 roc_auc 0.8127
Epoch 045 | frozen=0 | train loss 1.0551 macro_f1 0.7096 pos_f1 0.7846 pr_auc 0.8180 | val loss 1.5655 macro_f1 0.7304 pos_f1 0.6389 pr_auc 0.4912 roc_auc 0.8132
Epoch 046 | frozen=0 | train loss 1.0486 macro_f1 0.7064 pos_f1 0.7866 pr_auc 0.8003 | val loss 1.5770 macro_f1 0.7220 pos_f1 0.6301 pr_auc 0.4853 roc_auc 0.8110
Epoch 047 | frozen=0 | train loss 1.0990 macro_f1 0.7028 pos_f1 0.7909 pr_auc 0.8142 | val loss 1.5576 macro_f1 0.7136 pos_f1 0.6216 pr_auc 0.4893 roc_auc 0.8126
Epoch 048 | frozen=0 | train loss 1.0544 macro_f1 0.7137 pos_f1 0.7980 pr_auc 0.8114 | val loss 1.5420 macro_f1 0.7220 pos_f1 0.6301 pr_auc 0.4927 roc_auc 0.8157
Epoch 049 | frozen=0 | train loss 1.1041 macro_f1 0.7013 pos_f1 0.7834 pr_auc 0.7940 | val loss 1.5283 macro_f1 0.7178 pos_f1 0.6259 pr_auc 0.4960 roc_auc 0.8148
Epoch 050 | frozen=0 | train loss 1.1047 macro_f1 0.7067 pos_f1 0.7776 pr_auc 0.7811 | val loss 1.5381 macro_f1 0.7136 pos_f1 0.6216 pr_auc 0.4942 roc_auc 0.8135
Binary score diagnostics:
{
  "positive_class": "1",
  "positive_count": 55,
  "negative_count": 163,
  "positive_prevalence": 0.25229357798165136,
  "probability_column": "prob_1",
  "average_precision": 0.5502423613977356,
  "roc_auc": 0.818516452872281,
  "score_summary_by_true_class": {
    "negative": {
      "count": 163.0,
      "mean": 0.5039161171,
      "std": 0.2958630298,
      "min": 0.0353157297,
      "25%": 0.2345600054,
      "50%": 0.5107960701,
      "75%": 0.77702865,
      "max": 0.9934013486
    },
    "positive": {
      "count": 55.0,
      "mean": 0.8293086458,
      "std": 0.1944076488,
      "min": 0.2600519657,
      "25%": 0.8078871667,
      "50%": 0.9060651064,
      "75%": 0.9578844011,
      "max": 0.9940258265
    }
  },
  "positive_mean_minus_negative_mean": 0.3253925287280578
}
{
  "0": {
    "precision": 0.9411764705882353,
    "recall": 0.49079754601226994,
    "f1-score": 0.6451612903225806,
    "support": 163.0
  },
  "1": {
    "precision": 0.37593984962406013,
    "recall": 0.9090909090909091,
    "f1-score": 0.5319148936170213,
    "support": 55.0
  },
  "accuracy": 0.5963302752293578,
  "macro avg": {
    "precision": 0.6585581601061476,
    "recall": 0.6999442275515895,
    "f1-score": 0.5885380919698009,
    "support": 218.0
  },
  "weighted avg": {
    "precision": 0.7985709010789249,
    "recall": 0.5963302752293578,
    "f1-score": 0.6165899517042055,
    "support": 218.0
  }
}
====================================================================================================
MIL training completed
Best epoch      : 6
Best metric     : 0.549423
Total elapsed   : 6.49 hours
Predictions CSV : ./outputs/mil_dino_shared_seasonal_20m_rgb_green_keep_25_sat_50_green25_sat50_p224_cuda/classifier_predictions.csv
====================================================================================================
============================================================
Step 2: Tuning MIL bag threshold
============================================================
Positive prevalence: 0.252294
All-positive F1 baseline: 0.402930
Average precision (PR-AUC): 0.550242
ROC-AUC: 0.818516
Best threshold by Shihuahuaco F1:
threshold                    0.810000
accuracy                     0.788991
precision_shihuahuaco        0.561644
recall_shihuahuaco           0.745455
f1_shihuahuaco               0.640625
pred_positive               73.000000
positive_prevalence          0.252294
f1_all_positive_baseline     0.402930
Name: 76, dtype: float64
============================================================
Job finished at: Thu  7 May 21:52:31 BST 2026
MIL output      : ./outputs/mil_dino_shared_seasonal_20m_rgb_green_keep_25_sat_50_green25_sat50_p224_cuda
Diagnostics     : ./outputs/mil_dino_shared_seasonal_20m_rgb_green_keep_25_sat_50_green25_sat50_p224_cuda/binary_score_diagnostics.json
Thresholds      : ./outputs/mil_dino_shared_seasonal_20m_rgb_green_keep_25_sat_50_green25_sat50_p224_cuda/threshold_tuning.csv
============================================================
