============================================================
Job started at: Wed  6 May 13:45:31 BST 2026
Running on node: gpu13.pri.stanage.alces.network
Python: /users/aca21jo/.conda/envs/lejepa_gpu/bin/python
Python 3.10.20
Wed May  6 13:45:31 2026       
+-----------------------------------------------------------------------------------------+
| NVIDIA-SMI 550.163.01             Driver Version: 550.163.01     CUDA Version: 12.4     |
|-----------------------------------------+------------------------+----------------------+
| GPU  Name                 Persistence-M | Bus-Id          Disp.A | Volatile Uncorr. ECC |
| Fan  Temp   Perf          Pwr:Usage/Cap |           Memory-Usage | GPU-Util  Compute M. |
|                                         |                        |               MIG M. |
|=========================================+========================+======================|
|   0  NVIDIA A100-SXM4-80GB          On  |   00000000:01:00.0 Off |                    0 |
| N/A   35C    P0             60W /  500W |       1MiB /  81920MiB |      0%      Default |
|                                         |                        |             Disabled |
+-----------------------------------------+------------------------+----------------------+
                                                                                         
+-----------------------------------------------------------------------------------------+
| Processes:                                                                              |
|  GPU   GI   CI        PID   Type   Process name                              GPU Memory |
|        ID   ID                                                               Usage      |
|=========================================================================================|
|  No running processes found                                                             |
+-----------------------------------------------------------------------------------------+
============================================================
Using DINO init checkpoint: ./outputs/phase1_dino_ssl_large/phase1_encoder_best.pth
Checking required inputs...
All required inputs found.
============================================================
Step 1: Fine-tuning binary classifier from DINOv2 SSL encoder
============================================================
[INFO] Building TIFF index...
[INFO] Indexed TIFF folders: 22
[INFO] Indexed TIFF files  : 310
[INFO] Resolving TIFF paths for valid_points_train.shp...
[INFO] Resolved samples: 744
[INFO] Failed samples  : 40
[INFO] Saving 80 class-balanced debug patches to ./outputs/binary_dino_rgb_balanced_cuda/debug_patches/train
[INFO] Resolving TIFF paths for valid_points_val.shp...
[INFO] Resolved samples: 209
[INFO] Failed samples  : 9
[INFO] Saving 80 class-balanced debug patches to ./outputs/binary_dino_rgb_balanced_cuda/debug_patches/val
================================================================================
Phase 1.5 supervised fine-tuning setup
Classes: ['0', '1']
Train samples: 1488
Val samples: 209
Coord mode: auto
AMP enabled: True
Class weights: True
Balanced sampler: True
Image mode: rgb
Max black fraction: 0.2
Max bright fraction: 0.35
Train repeat factor: 2
Label smoothing: 0.05
Debug patches: ./outputs/binary_dino_rgb_balanced_cuda/debug_patches
================================================================================
Class weights: [0.19354839622974396, 1.806451678276062]
[VAL epoch 1] True counts by index: {0: 155, 1: 54}
[VAL epoch 1] Pred counts by index: {1: 199, 0: 10}
[VAL epoch 1] True counts by class:
  00 0: 155
  01 1: 54
[VAL epoch 1] Pred counts by class:
  00 0: 10
  01 1: 199
Epoch 001 | frozen=1 | train loss 0.4864 acc 0.4825 macro_f1 0.3623 weighted_f1 0.3512 | val loss 1.6585 acc 0.2775 macro_f1 0.2440 weighted_f1 0.1671
[INFO] Saved best checkpoint at epoch 1: val_macro_f1=0.244005
[VAL epoch 2] True counts by index: {0: 155, 1: 54}
[VAL epoch 2] Pred counts by index: {1: 200, 0: 9}
[VAL epoch 2] True counts by class:
  00 0: 155
  01 1: 54
[VAL epoch 2] Pred counts by class:
  00 0: 9
  01 1: 200
Epoch 002 | frozen=1 | train loss 0.4231 acc 0.5101 macro_f1 0.3693 weighted_f1 0.3721 | val loss 1.6013 acc 0.2727 macro_f1 0.2374 weighted_f1 0.1580
[VAL epoch 3] True counts by index: {0: 155, 1: 54}
[VAL epoch 3] Pred counts by index: {1: 205, 0: 4}
[VAL epoch 3] True counts by class:
  00 0: 155
  01 1: 54
[VAL epoch 3] Pred counts by class:
  00 0: 4
  01 1: 205
Epoch 003 | frozen=1 | train loss 0.4066 acc 0.5114 macro_f1 0.3658 weighted_f1 0.3695 | val loss 1.5878 acc 0.2584 macro_f1 0.2134 weighted_f1 0.1224
[VAL epoch 4] True counts by index: {0: 155, 1: 54}
[VAL epoch 4] Pred counts by index: {1: 206, 0: 3}
[VAL epoch 4] True counts by class:
  00 0: 155
  01 1: 54
[VAL epoch 4] Pred counts by class:
  00 0: 3
  01 1: 206
Epoch 004 | frozen=1 | train loss 0.3747 acc 0.5249 macro_f1 0.3613 weighted_f1 0.3743 | val loss 1.5819 acc 0.2536 macro_f1 0.2063 weighted_f1 0.1127
[VAL epoch 5] True counts by index: {0: 155, 1: 54}
[VAL epoch 5] Pred counts by index: {1: 204, 0: 5}
[VAL epoch 5] True counts by class:
  00 0: 155
  01 1: 54
[VAL epoch 5] Pred counts by class:
  00 0: 5
  01 1: 204
Epoch 005 | frozen=1 | train loss 0.3331 acc 0.5444 macro_f1 0.3680 weighted_f1 0.3945 | val loss 1.4471 acc 0.2632 macro_f1 0.2203 weighted_f1 0.1320
[VAL epoch 6] True counts by index: {0: 155, 1: 54}
[VAL epoch 6] Pred counts by index: {1: 206, 0: 3}
[VAL epoch 6] True counts by class:
  00 0: 155
  01 1: 54
[VAL epoch 6] Pred counts by class:
  00 0: 3
  01 1: 206
Epoch 006 | frozen=1 | train loss 0.3842 acc 0.5094 macro_f1 0.3583 weighted_f1 0.3588 | val loss 1.4923 acc 0.2536 macro_f1 0.2063 weighted_f1 0.1127
[VAL epoch 7] True counts by index: {0: 155, 1: 54}
[VAL epoch 7] Pred counts by index: {1: 206, 0: 3}
[VAL epoch 7] True counts by class:
  00 0: 155
  01 1: 54
[VAL epoch 7] Pred counts by class:
  00 0: 3
  01 1: 206
Epoch 007 | frozen=1 | train loss 0.3707 acc 0.5094 macro_f1 0.3583 weighted_f1 0.3583 | val loss 1.4570 acc 0.2536 macro_f1 0.2063 weighted_f1 0.1127
[VAL epoch 8] True counts by index: {0: 155, 1: 54}
[VAL epoch 8] Pred counts by index: {1: 205, 0: 4}
[VAL epoch 8] True counts by class:
  00 0: 155
  01 1: 54
[VAL epoch 8] Pred counts by class:
  00 0: 4
  01 1: 205
Epoch 008 | frozen=1 | train loss 0.3748 acc 0.5148 macro_f1 0.3599 weighted_f1 0.3637 | val loss 1.3834 acc 0.2584 macro_f1 0.2134 weighted_f1 0.1224
[VAL epoch 9] True counts by index: {0: 155, 1: 54}
[VAL epoch 9] Pred counts by index: {1: 207, 0: 2}
[VAL epoch 9] True counts by class:
  00 0: 155
  01 1: 54
[VAL epoch 9] Pred counts by class:
  00 0: 2
  01 1: 207
Epoch 009 | frozen=1 | train loss 0.3587 acc 0.5175 macro_f1 0.3578 weighted_f1 0.3655 | val loss 1.4331 acc 0.2488 macro_f1 0.1992 weighted_f1 0.1030
[VAL epoch 10] True counts by index: {0: 155, 1: 54}
[VAL epoch 10] Pred counts by index: {1: 207, 0: 2}
[VAL epoch 10] True counts by class:
  00 0: 155
  01 1: 54
[VAL epoch 10] Pred counts by class:
  00 0: 2
  01 1: 207
Epoch 010 | frozen=1 | train loss 0.3815 acc 0.5094 macro_f1 0.3669 weighted_f1 0.3628 | val loss 1.4091 acc 0.2488 macro_f1 0.1992 weighted_f1 0.1030
[VAL epoch 11] True counts by index: {0: 155, 1: 54}
[VAL epoch 11] Pred counts by index: {1: 208, 0: 1}
[VAL epoch 11] True counts by class:
  00 0: 155
  01 1: 54
[VAL epoch 11] Pred counts by class:
  00 0: 1
  01 1: 208
Epoch 011 | frozen=0 | train loss 0.3500 acc 0.5289 macro_f1 0.3632 weighted_f1 0.3785 | val loss 1.5253 acc 0.2536 macro_f1 0.2023 weighted_f1 0.1045
[VAL epoch 12] True counts by index: {0: 155, 1: 54}
[VAL epoch 12] Pred counts by index: {1: 207, 0: 2}
[VAL epoch 12] True counts by class:
  00 0: 155
  01 1: 54
[VAL epoch 12] Pred counts by class:
  00 0: 2
  01 1: 207
Epoch 012 | frozen=0 | train loss 0.3445 acc 0.5114 macro_f1 0.3571 weighted_f1 0.3588 | val loss 1.3922 acc 0.2584 macro_f1 0.2094 weighted_f1 0.1144
[VAL epoch 13] True counts by index: {0: 155, 1: 54}
[VAL epoch 13] Pred counts by index: {1: 206, 0: 3}
[VAL epoch 13] True counts by class:
  00 0: 155
  01 1: 54
[VAL epoch 13] Pred counts by class:
  00 0: 3
  01 1: 206
Epoch 013 | frozen=0 | train loss 0.3471 acc 0.5363 macro_f1 0.3761 weighted_f1 0.3910 | val loss 1.3120 acc 0.2632 macro_f1 0.2165 weighted_f1 0.1241
[VAL epoch 14] True counts by index: {0: 155, 1: 54}
[VAL epoch 14] Pred counts by index: {1: 205, 0: 4}
[VAL epoch 14] True counts by class:
  00 0: 155
  01 1: 54
[VAL epoch 14] Pred counts by class:
  00 0: 4
  01 1: 205
Epoch 014 | frozen=0 | train loss 0.3726 acc 0.5047 macro_f1 0.3764 weighted_f1 0.3650 | val loss 1.2458 acc 0.2679 macro_f1 0.2235 weighted_f1 0.1337
[VAL epoch 15] True counts by index: {0: 155, 1: 54}
[VAL epoch 15] Pred counts by index: {1: 208, 0: 1}
[VAL epoch 15] True counts by class:
  00 0: 155
  01 1: 54
[VAL epoch 15] Pred counts by class:
  00 0: 1
  01 1: 208
Epoch 015 | frozen=0 | train loss 0.3239 acc 0.5316 macro_f1 0.3889 weighted_f1 0.3933 | val loss 1.3138 acc 0.2536 macro_f1 0.2023 weighted_f1 0.1045
[VAL epoch 16] True counts by index: {0: 155, 1: 54}
[VAL epoch 16] Pred counts by index: {1: 205, 0: 4}
[VAL epoch 16] True counts by class:
  00 0: 155
  01 1: 54
[VAL epoch 16] Pred counts by class:
  00 0: 4
  01 1: 205
Epoch 016 | frozen=0 | train loss 0.3379 acc 0.5363 macro_f1 0.3893 weighted_f1 0.3982 | val loss 1.2622 acc 0.2679 macro_f1 0.2235 weighted_f1 0.1337
[VAL epoch 17] True counts by index: {0: 155, 1: 54}
[VAL epoch 17] Pred counts by index: {1: 203, 0: 6}
[VAL epoch 17] True counts by class:
  00 0: 155
  01 1: 54
[VAL epoch 17] Pred counts by class:
  00 0: 6
  01 1: 203
Epoch 017 | frozen=0 | train loss 0.3372 acc 0.5208 macro_f1 0.3861 weighted_f1 0.3831 | val loss 1.2546 acc 0.2679 macro_f1 0.2272 weighted_f1 0.1414
[VAL epoch 18] True counts by index: {0: 155, 1: 54}
[VAL epoch 18] Pred counts by index: {1: 203, 0: 6}
[VAL epoch 18] True counts by class:
  00 0: 155
  01 1: 54
[VAL epoch 18] Pred counts by class:
  00 0: 6
  01 1: 203
Epoch 018 | frozen=0 | train loss 0.3565 acc 0.5208 macro_f1 0.3985 weighted_f1 0.3909 | val loss 1.2019 acc 0.2679 macro_f1 0.2272 weighted_f1 0.1414
[VAL epoch 19] True counts by index: {0: 155, 1: 54}
[VAL epoch 19] Pred counts by index: {1: 204, 0: 5}
[VAL epoch 19] True counts by class:
  00 0: 155
  01 1: 54
[VAL epoch 19] Pred counts by class:
  00 0: 5
  01 1: 204
Epoch 019 | frozen=0 | train loss 0.3291 acc 0.5417 macro_f1 0.3995 weighted_f1 0.4085 | val loss 1.2512 acc 0.2632 macro_f1 0.2203 weighted_f1 0.1320
[VAL epoch 20] True counts by index: {0: 155, 1: 54}
[VAL epoch 20] Pred counts by index: {1: 201, 0: 8}
[VAL epoch 20] True counts by class:
  00 0: 155
  01 1: 54
[VAL epoch 20] Pred counts by class:
  00 0: 8
  01 1: 201
Epoch 020 | frozen=0 | train loss 0.3699 acc 0.5060 macro_f1 0.3882 weighted_f1 0.3738 | val loss 1.1719 acc 0.2775 macro_f1 0.2407 weighted_f1 0.1600
[VAL epoch 21] True counts by index: {0: 155, 1: 54}
[VAL epoch 21] Pred counts by index: {1: 203, 0: 6}
[VAL epoch 21] True counts by class:
  00 0: 155
  01 1: 54
[VAL epoch 21] Pred counts by class:
  00 0: 6
  01 1: 203
Epoch 021 | frozen=0 | train loss 0.3127 acc 0.5497 macro_f1 0.4091 weighted_f1 0.4199 | val loss 1.2368 acc 0.2679 macro_f1 0.2272 weighted_f1 0.1414
[VAL epoch 22] True counts by index: {0: 155, 1: 54}
[VAL epoch 22] Pred counts by index: {1: 202, 0: 7}
[VAL epoch 22] True counts by class:
  00 0: 155
  01 1: 54
[VAL epoch 22] Pred counts by class:
  00 0: 7
  01 1: 202
Epoch 022 | frozen=0 | train loss 0.3401 acc 0.5161 macro_f1 0.3994 weighted_f1 0.3880 | val loss 1.2151 acc 0.2632 macro_f1 0.2239 weighted_f1 0.1396
[VAL epoch 23] True counts by index: {0: 155, 1: 54}
[VAL epoch 23] Pred counts by index: {1: 202, 0: 7}
[VAL epoch 23] True counts by class:
  00 0: 155
  01 1: 54
[VAL epoch 23] Pred counts by class:
  00 0: 7
  01 1: 202
Epoch 023 | frozen=0 | train loss 0.3245 acc 0.5323 macro_f1 0.3974 weighted_f1 0.3989 | val loss 1.2098 acc 0.2632 macro_f1 0.2239 weighted_f1 0.1396
[VAL epoch 24] True counts by index: {0: 155, 1: 54}
[VAL epoch 24] Pred counts by index: {1: 202, 0: 7}
[VAL epoch 24] True counts by class:
  00 0: 155
  01 1: 54
[VAL epoch 24] Pred counts by class:
  00 0: 7
  01 1: 202
Epoch 024 | frozen=0 | train loss 0.3135 acc 0.5430 macro_f1 0.4053 weighted_f1 0.4126 | val loss 1.2145 acc 0.2632 macro_f1 0.2239 weighted_f1 0.1396
[VAL epoch 25] True counts by index: {0: 155, 1: 54}
[VAL epoch 25] Pred counts by index: {1: 201, 0: 8}
[VAL epoch 25] True counts by class:
  00 0: 155
  01 1: 54
[VAL epoch 25] Pred counts by class:
  00 0: 8
  01 1: 201
Epoch 025 | frozen=0 | train loss 0.3240 acc 0.5329 macro_f1 0.4064 weighted_f1 0.4053 | val loss 1.2064 acc 0.2679 macro_f1 0.2307 weighted_f1 0.1488
[VAL epoch 26] True counts by index: {0: 155, 1: 54}
[VAL epoch 26] Pred counts by index: {1: 201, 0: 8}
[VAL epoch 26] True counts by class:
  00 0: 155
  01 1: 54
[VAL epoch 26] Pred counts by class:
  00 0: 8
  01 1: 201
Epoch 026 | frozen=0 | train loss 0.3600 acc 0.5188 macro_f1 0.4001 weighted_f1 0.3904 | val loss 1.2023 acc 0.2679 macro_f1 0.2307 weighted_f1 0.1488
[VAL epoch 27] True counts by index: {0: 155, 1: 54}
[VAL epoch 27] Pred counts by index: {1: 201, 0: 8}
[VAL epoch 27] True counts by class:
  00 0: 155
  01 1: 54
[VAL epoch 27] Pred counts by class:
  00 0: 8
  01 1: 201
Epoch 027 | frozen=0 | train loss 0.3251 acc 0.5591 macro_f1 0.4384 weighted_f1 0.4443 | val loss 1.1989 acc 0.2679 macro_f1 0.2307 weighted_f1 0.1488
[VAL epoch 28] True counts by index: {0: 155, 1: 54}
[VAL epoch 28] Pred counts by index: {1: 201, 0: 8}
[VAL epoch 28] True counts by class:
  00 0: 155
  01 1: 54
[VAL epoch 28] Pred counts by class:
  00 0: 8
  01 1: 201
Epoch 028 | frozen=0 | train loss 0.3318 acc 0.5383 macro_f1 0.4132 weighted_f1 0.4132 | val loss 1.1974 acc 0.2679 macro_f1 0.2307 weighted_f1 0.1488
[VAL epoch 29] True counts by index: {0: 155, 1: 54}
[VAL epoch 29] Pred counts by index: {1: 201, 0: 8}
[VAL epoch 29] True counts by class:
  00 0: 155
  01 1: 54
[VAL epoch 29] Pred counts by class:
  00 0: 8
  01 1: 201
Epoch 029 | frozen=0 | train loss 0.3287 acc 0.5444 macro_f1 0.4232 weighted_f1 0.4242 | val loss 1.1959 acc 0.2679 macro_f1 0.2307 weighted_f1 0.1488
[VAL epoch 30] True counts by index: {0: 155, 1: 54}
[VAL epoch 30] Pred counts by index: {1: 201, 0: 8}
[VAL epoch 30] True counts by class:
  00 0: 155
  01 1: 54
[VAL epoch 30] Pred counts by class:
  00 0: 8
  01 1: 201
Epoch 030 | frozen=0 | train loss 0.3195 acc 0.5323 macro_f1 0.4013 weighted_f1 0.4016 | val loss 1.1936 acc 0.2679 macro_f1 0.2307 weighted_f1 0.1488
[VAL epoch 31] True counts by index: {0: 155, 1: 54}
[VAL epoch 31] Pred counts by index: {1: 201, 0: 8}
[VAL epoch 31] True counts by class:
  00 0: 155
  01 1: 54
[VAL epoch 31] Pred counts by class:
  00 0: 8
  01 1: 201
Epoch 031 | frozen=0 | train loss 0.3160 acc 0.5517 macro_f1 0.4229 weighted_f1 0.4299 | val loss 1.1954 acc 0.2679 macro_f1 0.2307 weighted_f1 0.1488
[VAL epoch 32] True counts by index: {0: 155, 1: 54}
[VAL epoch 32] Pred counts by index: {1: 201, 0: 8}
[VAL epoch 32] True counts by class:
  00 0: 155
  01 1: 54
[VAL epoch 32] Pred counts by class:
  00 0: 8
  01 1: 201
Epoch 032 | frozen=0 | train loss 0.3068 acc 0.5591 macro_f1 0.4320 weighted_f1 0.4407 | val loss 1.2082 acc 0.2679 macro_f1 0.2307 weighted_f1 0.1488
[VAL epoch 33] True counts by index: {0: 155, 1: 54}
[VAL epoch 33] Pred counts by index: {1: 201, 0: 8}
[VAL epoch 33] True counts by class:
  00 0: 155
  01 1: 54
[VAL epoch 33] Pred counts by class:
  00 0: 8
  01 1: 201
Epoch 033 | frozen=0 | train loss 0.3134 acc 0.5356 macro_f1 0.4002 weighted_f1 0.4040 | val loss 1.2079 acc 0.2679 macro_f1 0.2307 weighted_f1 0.1488
[VAL epoch 34] True counts by index: {0: 155, 1: 54}
[VAL epoch 34] Pred counts by index: {1: 201, 0: 8}
[VAL epoch 34] True counts by class:
  00 0: 155
  01 1: 54
[VAL epoch 34] Pred counts by class:
  00 0: 8
  01 1: 201
Epoch 034 | frozen=0 | train loss 0.3129 acc 0.5544 macro_f1 0.4216 weighted_f1 0.4310 | val loss 1.2065 acc 0.2679 macro_f1 0.2307 weighted_f1 0.1488
[VAL epoch 35] True counts by index: {0: 155, 1: 54}
[VAL epoch 35] Pred counts by index: {1: 199, 0: 10}
[VAL epoch 35] True counts by class:
  00 0: 155
  01 1: 54
[VAL epoch 35] Pred counts by class:
  00 0: 10
  01 1: 199
Epoch 035 | frozen=0 | train loss 0.3428 acc 0.5114 macro_f1 0.3931 weighted_f1 0.3805 | val loss 1.1915 acc 0.2775 macro_f1 0.2440 weighted_f1 0.1671
[VAL epoch 36] True counts by index: {0: 155, 1: 54}
[VAL epoch 36] Pred counts by index: {1: 200, 0: 9}
[VAL epoch 36] True counts by class:
  00 0: 155
  01 1: 54
[VAL epoch 36] Pred counts by class:
  00 0: 9
  01 1: 200
Epoch 036 | frozen=0 | train loss 0.3198 acc 0.5376 macro_f1 0.4209 weighted_f1 0.4185 | val loss 1.1976 acc 0.2727 macro_f1 0.2374 weighted_f1 0.1580
[VAL epoch 37] True counts by index: {0: 155, 1: 54}
[VAL epoch 37] Pred counts by index: {1: 200, 0: 9}
[VAL epoch 37] True counts by class:
  00 0: 155
  01 1: 54
[VAL epoch 37] Pred counts by class:
  00 0: 9
  01 1: 200
Epoch 037 | frozen=0 | train loss 0.3320 acc 0.5249 macro_f1 0.4027 weighted_f1 0.3965 | val loss 1.1942 acc 0.2727 macro_f1 0.2374 weighted_f1 0.1580
[VAL epoch 38] True counts by index: {0: 155, 1: 54}
[VAL epoch 38] Pred counts by index: {1: 199, 0: 10}
[VAL epoch 38] True counts by class:
  00 0: 155
  01 1: 54
[VAL epoch 38] Pred counts by class:
  00 0: 10
  01 1: 199
Epoch 038 | frozen=0 | train loss 0.3184 acc 0.5423 macro_f1 0.4202 weighted_f1 0.4209 | val loss 1.1934 acc 0.2775 macro_f1 0.2440 weighted_f1 0.1671
[VAL epoch 39] True counts by index: {0: 155, 1: 54}
[VAL epoch 39] Pred counts by index: {1: 199, 0: 10}
[VAL epoch 39] True counts by class:
  00 0: 155
  01 1: 54
[VAL epoch 39] Pred counts by class:
  00 0: 10
  01 1: 199
Epoch 039 | frozen=0 | train loss 0.3176 acc 0.5356 macro_f1 0.4070 weighted_f1 0.4081 | val loss 1.1930 acc 0.2775 macro_f1 0.2440 weighted_f1 0.1671
[VAL epoch 40] True counts by index: {0: 155, 1: 54}
[VAL epoch 40] Pred counts by index: {1: 200, 0: 9}
[VAL epoch 40] True counts by class:
  00 0: 155
  01 1: 54
[VAL epoch 40] Pred counts by class:
  00 0: 9
  01 1: 200
Epoch 040 | frozen=0 | train loss 0.3046 acc 0.5618 macro_f1 0.4229 weighted_f1 0.4378 | val loss 1.2021 acc 0.2727 macro_f1 0.2374 weighted_f1 0.1580
[VAL epoch 40] True counts by index: {0: 155, 1: 54}
[VAL epoch 40] Pred counts by index: {1: 200, 0: 9}
[VAL epoch 40] True counts by class:
  00 0: 155
  01 1: 54
[VAL epoch 40] Pred counts by class:
  00 0: 9
  01 1: 200
================================================================================
Phase 1.5 supervised fine-tuning completed
Best monitored metric: val_macro_f1 = 0.244005
Best epoch: 1
Saved best encoder: ./outputs/binary_dino_rgb_balanced_cuda/phase1_encoder_best.pth
Saved last encoder: ./outputs/binary_dino_rgb_balanced_cuda/phase1_encoder_last.pth
Elapsed: 1048.4s
================================================================================
============================================================
Step 2: Evaluating DINO binary classifier
============================================================
[INFO] Building TIFF index...
[INFO] Indexed TIFF folders: 22
[INFO] Indexed TIFF files  : 310
[INFO] Resolving TIFF paths for valid_points_val.shp...
[INFO] Resolved samples: 218
[INFO] Failed samples  : 0
Binary score diagnostics:
{
  "positive_class": "1",
  "positive_count": 55,
  "negative_count": 163,
  "positive_prevalence": 0.25229357798165136,
  "probability_column": "prob_1",
  "average_precision": 0.2763469244741571,
  "roc_auc": 0.5264919129949804,
  "score_summary_by_true_class": {
    "negative": {
      "count": 163.0,
      "mean": 0.8582198444,
      "std": 0.1453027073,
      "min": 0.3364305496,
      "25%": 0.808611989,
      "50%": 0.913022697,
      "75%": 0.9576747715,
      "max": 0.9956320524
    },
    "positive": {
      "count": 55.0,
      "mean": 0.8618288265,
      "std": 0.1707053366,
      "min": 0.1606847495,
      "25%": 0.852699995,
      "50%": 0.9208163023,
      "75%": 0.9678764343,
      "max": 0.9939222336
    }
  },
  "positive_mean_minus_negative_mean": 0.0036089820713552934
}
{
  "0": {
    "precision": 0.7272727272727273,
    "recall": 0.049079754601226995,
    "f1-score": 0.09195402298850575,
    "support": 163.0
  },
  "1": {
    "precision": 0.25120772946859904,
    "recall": 0.9454545454545454,
    "f1-score": 0.3969465648854962,
    "support": 55.0
  },
  "accuracy": 0.27522935779816515,
  "macro avg": {
    "precision": 0.48924022837066317,
    "recall": 0.49726715002788624,
    "f1-score": 0.24445029393700096,
    "support": 218.0
  },
  "weighted avg": {
    "precision": 0.6071645856248967,
    "recall": 0.27522935779816515,
    "f1-score": 0.16890168264141617,
    "support": 218.0
  }
}
============================================================
Step 3: Tuning binary threshold
============================================================
Positive prevalence: 0.252294
All-positive F1 baseline: 0.402930
Average precision (PR-AUC): 0.276347
ROC-AUC: 0.526492
Best threshold by Shihuahuaco F1:
threshold                     0.830000
accuracy                      0.426606
precision_shihuahuaco         0.278481
recall_shihuahuaco            0.800000
f1_shihuahuaco                0.413146
pred_positive               158.000000
positive_prevalence           0.252294
f1_all_positive_baseline      0.402930
Name: 78, dtype: float64
============================================================
Job finished at: Wed  6 May 14:04:56 BST 2026
Training output   : ./outputs/binary_dino_rgb_balanced_cuda
Evaluation output : ./outputs/phase2_classifier_binary_dino_rgb_balanced_cuda
Diagnostics       : ./outputs/phase2_classifier_binary_dino_rgb_balanced_cuda/binary_score_diagnostics.json
============================================================
