============================================================
Job started at: Wed  6 May 21:21:37 BST 2026
Running on node: gpu10.pri.stanage.alces.network
Python: /users/aca21jo/.conda/envs/lejepa_gpu/bin/python
Python 3.10.20
Wed May  6 21:21:37 2026       
+-----------------------------------------------------------------------------------------+
| NVIDIA-SMI 550.163.01             Driver Version: 550.163.01     CUDA Version: 12.4     |
|-----------------------------------------+------------------------+----------------------+
| GPU  Name                 Persistence-M | Bus-Id          Disp.A | Volatile Uncorr. ECC |
| Fan  Temp   Perf          Pwr:Usage/Cap |           Memory-Usage | GPU-Util  Compute M. |
|                                         |                        |               MIG M. |
|=========================================+========================+======================|
|   0  NVIDIA A100-SXM4-80GB          On  |   00000000:81:00.0 Off |                    0 |
| N/A   35C    P0             61W /  500W |       1MiB /  81920MiB |      0%      Default |
|                                         |                        |             Disabled |
+-----------------------------------------+------------------------+----------------------+
                                                                                         
+-----------------------------------------------------------------------------------------+
| Processes:                                                                              |
|  GPU   GI   CI        PID   Type   Process name                              GPU Memory |
|        ID   ID                                                               Usage      |
|=========================================================================================|
|  No running processes found                                                             |
+-----------------------------------------------------------------------------------------+
============================================================
MIL output dir        : ./outputs/mil_dino_shared_seasonal_20m_rgb_rgb_cuda
Init encoder          : ./outputs/binary_dino_shared_seasonal_rgb_balanced_cuda_80ep/phase1_encoder_best.pth
Train image mode      : rgb
Eval image mode       : rgb
Positive bag radius m : 20
Negative bag radius m : 0
Bag instances         : 17
Pooling               : lse
Epochs                : 50
Batch size            : 2
============================================================
Step 1: Training 20 m MIL classifier
============================================================
[INFO] Building TIFF index...
[INFO] Indexed TIFF folders: 22
[INFO] Indexed TIFF files  : 310
[INFO] Resolving MIL bags for valid_points_train.shp...
[INFO] Resolved bags: 784
[INFO] Failed rows  : 0
[INFO] Bag labels   : {0: 711, 1: 73}
[INFO] Resolving MIL bags for valid_points_val.shp...
[INFO] Resolved bags: 218
[INFO] Failed rows  : 0
[INFO] Bag labels   : {0: 163, 1: 55}
====================================================================================================
MIL binary training setup
Init checkpoint       : ./outputs/binary_dino_shared_seasonal_rgb_balanced_cuda_80ep/phase1_encoder_best.pth
Train bags            : 1568
Val bags              : 218
Positive radius (m)   : 20.0
Negative radius (m)   : 0.0
Bag instances         : 17
Pooling               : lse
Train image mode      : rgb
Eval image mode       : rgb
Balanced sampler      : True
Positive loss weight  : [9.739726066589355]
====================================================================================================
Epoch 001 | frozen=1 | train loss 1.7847 macro_f1 0.4030 pos_f1 0.6619 pr_auc 0.5788 | val loss 1.5817 macro_f1 0.3725 pos_f1 0.4444 pr_auc 0.3410 roc_auc 0.7101
[INFO] Saved best MIL checkpoint at epoch 1: val_macro_f1=0.372481
Epoch 002 | frozen=1 | train loss 1.4852 macro_f1 0.3885 pos_f1 0.6833 pr_auc 0.6397 | val loss 1.5105 macro_f1 0.4435 pos_f1 0.4716 pr_auc 0.3784 roc_auc 0.7463
[INFO] Saved best MIL checkpoint at epoch 2: val_macro_f1=0.443537
Epoch 003 | frozen=1 | train loss 1.4790 macro_f1 0.3855 pos_f1 0.6841 pr_auc 0.6448 | val loss 1.4959 macro_f1 0.4814 pos_f1 0.4933 pr_auc 0.3843 roc_auc 0.7518
[INFO] Saved best MIL checkpoint at epoch 3: val_macro_f1=0.481379
Epoch 004 | frozen=0 | train loss 1.3593 macro_f1 0.4876 pos_f1 0.7144 pr_auc 0.6849 | val loss 1.4581 macro_f1 0.6051 pos_f1 0.5435 pr_auc 0.4050 roc_auc 0.7633
[INFO] Saved best MIL checkpoint at epoch 4: val_macro_f1=0.605072
Epoch 005 | frozen=0 | train loss 1.1783 macro_f1 0.6294 pos_f1 0.7414 pr_auc 0.7419 | val loss 1.5507 macro_f1 0.6693 pos_f1 0.5904 pr_auc 0.4523 roc_auc 0.7927
[INFO] Saved best MIL checkpoint at epoch 5: val_macro_f1=0.669255
Epoch 006 | frozen=0 | train loss 1.2021 macro_f1 0.6429 pos_f1 0.7727 pr_auc 0.7245 | val loss 1.5864 macro_f1 0.6718 pos_f1 0.5890 pr_auc 0.4503 roc_auc 0.7958
[INFO] Saved best MIL checkpoint at epoch 6: val_macro_f1=0.671768
Epoch 007 | frozen=0 | train loss 1.1505 macro_f1 0.6725 pos_f1 0.7610 pr_auc 0.7229 | val loss 1.6600 macro_f1 0.7005 pos_f1 0.6154 pr_auc 0.4275 roc_auc 0.7856
[INFO] Saved best MIL checkpoint at epoch 7: val_macro_f1=0.700549
Epoch 008 | frozen=0 | train loss 1.0755 macro_f1 0.6867 pos_f1 0.7898 pr_auc 0.7776 | val loss 1.4344 macro_f1 0.6939 pos_f1 0.6125 pr_auc 0.4521 roc_auc 0.8093
Epoch 009 | frozen=0 | train loss 1.0984 macro_f1 0.6923 pos_f1 0.7757 pr_auc 0.7772 | val loss 1.7100 macro_f1 0.7349 pos_f1 0.6377 pr_auc 0.4696 roc_auc 0.8156
[INFO] Saved best MIL checkpoint at epoch 9: val_macro_f1=0.734948
Epoch 010 | frozen=0 | train loss 1.1769 macro_f1 0.6927 pos_f1 0.7729 pr_auc 0.7613 | val loss 1.7785 macro_f1 0.6930 pos_f1 0.5874 pr_auc 0.4705 roc_auc 0.7963
Epoch 011 | frozen=0 | train loss 1.0774 macro_f1 0.7051 pos_f1 0.7820 pr_auc 0.7678 | val loss 1.8236 macro_f1 0.7097 pos_f1 0.6111 pr_auc 0.4457 roc_auc 0.7941
Epoch 012 | frozen=0 | train loss 1.0845 macro_f1 0.7012 pos_f1 0.7774 pr_auc 0.7464 | val loss 1.6191 macro_f1 0.7136 pos_f1 0.6216 pr_auc 0.4815 roc_auc 0.8126
Epoch 013 | frozen=0 | train loss 1.0668 macro_f1 0.7237 pos_f1 0.7863 pr_auc 0.7835 | val loss 1.5820 macro_f1 0.6816 pos_f1 0.6012 pr_auc 0.4785 roc_auc 0.8035
Epoch 014 | frozen=0 | train loss 1.1272 macro_f1 0.6718 pos_f1 0.7716 pr_auc 0.7915 | val loss 1.4814 macro_f1 0.6625 pos_f1 0.5882 pr_auc 0.4713 roc_auc 0.8006
Epoch 015 | frozen=0 | train loss 0.9812 macro_f1 0.7108 pos_f1 0.7928 pr_auc 0.8264 | val loss 1.6042 macro_f1 0.7154 pos_f1 0.6267 pr_auc 0.4808 roc_auc 0.8071
Epoch 016 | frozen=0 | train loss 1.0178 macro_f1 0.7198 pos_f1 0.7858 pr_auc 0.7919 | val loss 1.6697 macro_f1 0.7280 pos_f1 0.6395 pr_auc 0.4698 roc_auc 0.8041
Epoch 017 | frozen=0 | train loss 0.9983 macro_f1 0.7332 pos_f1 0.7890 pr_auc 0.8187 | val loss 1.6889 macro_f1 0.7130 pos_f1 0.6275 pr_auc 0.4497 roc_auc 0.7952
Epoch 018 | frozen=0 | train loss 0.9612 macro_f1 0.7414 pos_f1 0.7996 pr_auc 0.8174 | val loss 1.7156 macro_f1 0.7089 pos_f1 0.6234 pr_auc 0.4526 roc_auc 0.7932
Epoch 019 | frozen=0 | train loss 0.9942 macro_f1 0.7237 pos_f1 0.7863 pr_auc 0.8001 | val loss 1.6995 macro_f1 0.7383 pos_f1 0.6531 pr_auc 0.4648 roc_auc 0.8030
[INFO] Saved best MIL checkpoint at epoch 19: val_macro_f1=0.738295
Epoch 020 | frozen=0 | train loss 0.9124 macro_f1 0.7396 pos_f1 0.7977 pr_auc 0.8426 | val loss 1.8062 macro_f1 0.7537 pos_f1 0.6667 pr_auc 0.4804 roc_auc 0.8118
[INFO] Saved best MIL checkpoint at epoch 20: val_macro_f1=0.753672
Epoch 021 | frozen=0 | train loss 0.9062 macro_f1 0.7613 pos_f1 0.8062 pr_auc 0.8242 | val loss 1.7061 macro_f1 0.7358 pos_f1 0.6533 pr_auc 0.4884 roc_auc 0.8165
Epoch 022 | frozen=0 | train loss 0.9620 macro_f1 0.7423 pos_f1 0.7903 pr_auc 0.8111 | val loss 1.9557 macro_f1 0.7475 pos_f1 0.6571 pr_auc 0.4803 roc_auc 0.8109
Epoch 023 | frozen=0 | train loss 0.9647 macro_f1 0.7424 pos_f1 0.8063 pr_auc 0.8245 | val loss 1.8241 macro_f1 0.7468 pos_f1 0.6621 pr_auc 0.4773 roc_auc 0.8112
Epoch 024 | frozen=0 | train loss 0.8890 macro_f1 0.7597 pos_f1 0.8089 pr_auc 0.8499 | val loss 1.7426 macro_f1 0.7214 pos_f1 0.6358 pr_auc 0.4757 roc_auc 0.8090
Epoch 025 | frozen=0 | train loss 0.9148 macro_f1 0.7542 pos_f1 0.8108 pr_auc 0.8415 | val loss 1.8704 macro_f1 0.7389 pos_f1 0.6479 pr_auc 0.4754 roc_auc 0.8062
Epoch 026 | frozen=0 | train loss 1.0133 macro_f1 0.7322 pos_f1 0.8024 pr_auc 0.8297 | val loss 1.7833 macro_f1 0.7365 pos_f1 0.6483 pr_auc 0.4856 roc_auc 0.8089
Epoch 027 | frozen=0 | train loss 0.8839 macro_f1 0.7700 pos_f1 0.8163 pr_auc 0.8309 | val loss 1.8112 macro_f1 0.7304 pos_f1 0.6389 pr_auc 0.4827 roc_auc 0.8066
Epoch 028 | frozen=0 | train loss 0.8730 macro_f1 0.7636 pos_f1 0.8221 pr_auc 0.8567 | val loss 1.7877 macro_f1 0.7214 pos_f1 0.6358 pr_auc 0.4838 roc_auc 0.8086
Epoch 029 | frozen=0 | train loss 0.9530 macro_f1 0.7433 pos_f1 0.7953 pr_auc 0.8385 | val loss 1.8463 macro_f1 0.7304 pos_f1 0.6389 pr_auc 0.4797 roc_auc 0.8062
Epoch 030 | frozen=0 | train loss 0.9119 macro_f1 0.7631 pos_f1 0.8159 pr_auc 0.8543 | val loss 1.8336 macro_f1 0.7280 pos_f1 0.6395 pr_auc 0.4722 roc_auc 0.8031
Epoch 031 | frozen=0 | train loss 0.8467 macro_f1 0.7642 pos_f1 0.8113 pr_auc 0.8697 | val loss 1.8634 macro_f1 0.7280 pos_f1 0.6395 pr_auc 0.4792 roc_auc 0.8061
Epoch 032 | frozen=0 | train loss 0.8958 macro_f1 0.7659 pos_f1 0.8134 pr_auc 0.8635 | val loss 1.8365 macro_f1 0.7323 pos_f1 0.6438 pr_auc 0.4741 roc_auc 0.8038
Epoch 033 | frozen=0 | train loss 0.9511 macro_f1 0.7484 pos_f1 0.8015 pr_auc 0.8287 | val loss 1.8339 macro_f1 0.7280 pos_f1 0.6395 pr_auc 0.4746 roc_auc 0.8042
Epoch 034 | frozen=0 | train loss 0.9819 macro_f1 0.7488 pos_f1 0.8023 pr_auc 0.8301 | val loss 1.8206 macro_f1 0.7280 pos_f1 0.6395 pr_auc 0.4745 roc_auc 0.8031
Epoch 035 | frozen=0 | train loss 0.8979 macro_f1 0.7771 pos_f1 0.8256 pr_auc 0.8537 | val loss 1.8082 macro_f1 0.7231 pos_f1 0.6405 pr_auc 0.4705 roc_auc 0.8009
Epoch 036 | frozen=0 | train loss 0.9161 macro_f1 0.7433 pos_f1 0.7921 pr_auc 0.8396 | val loss 1.8288 macro_f1 0.7298 pos_f1 0.6443 pr_auc 0.4682 roc_auc 0.8001
Epoch 037 | frozen=0 | train loss 0.9001 macro_f1 0.7635 pos_f1 0.8139 pr_auc 0.8612 | val loss 1.7971 macro_f1 0.7189 pos_f1 0.6364 pr_auc 0.4694 roc_auc 0.8009
Epoch 038 | frozen=0 | train loss 0.9519 macro_f1 0.7510 pos_f1 0.7989 pr_auc 0.8353 | val loss 1.7927 macro_f1 0.7256 pos_f1 0.6400 pr_auc 0.4678 roc_auc 0.8004
Epoch 039 | frozen=0 | train loss 0.8569 macro_f1 0.7576 pos_f1 0.8105 pr_auc 0.8744 | val loss 1.7872 macro_f1 0.7256 pos_f1 0.6400 pr_auc 0.4685 roc_auc 0.8008
Epoch 040 | frozen=0 | train loss 0.8790 macro_f1 0.7659 pos_f1 0.8117 pr_auc 0.8560 | val loss 1.7925 macro_f1 0.7298 pos_f1 0.6443 pr_auc 0.4733 roc_auc 0.8023
Epoch 041 | frozen=0 | train loss 0.8735 macro_f1 0.7771 pos_f1 0.8119 pr_auc 0.8512 | val loss 1.8124 macro_f1 0.7323 pos_f1 0.6438 pr_auc 0.4760 roc_auc 0.8030
Epoch 042 | frozen=0 | train loss 0.8466 macro_f1 0.7741 pos_f1 0.8209 pr_auc 0.8582 | val loss 1.8285 macro_f1 0.7365 pos_f1 0.6483 pr_auc 0.4747 roc_auc 0.8026
Epoch 043 | frozen=0 | train loss 0.9174 macro_f1 0.7561 pos_f1 0.8124 pr_auc 0.8576 | val loss 1.8236 macro_f1 0.7280 pos_f1 0.6395 pr_auc 0.4754 roc_auc 0.8025
Epoch 044 | frozen=0 | train loss 0.8872 macro_f1 0.7644 pos_f1 0.8125 pr_auc 0.8534 | val loss 1.8224 macro_f1 0.7220 pos_f1 0.6301 pr_auc 0.4722 roc_auc 0.8006
Epoch 045 | frozen=0 | train loss 0.9002 macro_f1 0.7513 pos_f1 0.8089 pr_auc 0.8618 | val loss 1.8206 macro_f1 0.7323 pos_f1 0.6438 pr_auc 0.4743 roc_auc 0.8025
Epoch 046 | frozen=0 | train loss 0.8437 macro_f1 0.7796 pos_f1 0.8278 pr_auc 0.8772 | val loss 1.8449 macro_f1 0.7304 pos_f1 0.6389 pr_auc 0.4718 roc_auc 0.8001
Epoch 047 | frozen=0 | train loss 0.8933 macro_f1 0.7624 pos_f1 0.8234 pr_auc 0.8619 | val loss 1.8499 macro_f1 0.7304 pos_f1 0.6389 pr_auc 0.4734 roc_auc 0.8009
Epoch 048 | frozen=0 | train loss 0.9181 macro_f1 0.7515 pos_f1 0.8189 pr_auc 0.8722 | val loss 1.8188 macro_f1 0.7172 pos_f1 0.6316 pr_auc 0.4785 roc_auc 0.8035
Epoch 049 | frozen=0 | train loss 0.9106 macro_f1 0.7463 pos_f1 0.8084 pr_auc 0.8571 | val loss 1.8200 macro_f1 0.7280 pos_f1 0.6395 pr_auc 0.4752 roc_auc 0.8020
Epoch 050 | frozen=0 | train loss 0.8870 macro_f1 0.7687 pos_f1 0.8137 pr_auc 0.8386 | val loss 1.8440 macro_f1 0.7408 pos_f1 0.6528 pr_auc 0.4741 roc_auc 0.8017
Binary score diagnostics:
{
  "positive_class": "1",
  "positive_count": 55,
  "negative_count": 163,
  "positive_prevalence": 0.25229357798165136,
  "probability_column": "prob_1",
  "average_precision": 0.4805438735600817,
  "roc_auc": 0.8117122141662019,
  "score_summary_by_true_class": {
    "negative": {
      "count": 163.0,
      "mean": 0.2812756565,
      "std": 0.3536455671,
      "min": 0.0009615885,
      "25%": 0.0171005866,
      "50%": 0.0753771663,
      "75%": 0.4771390706,
      "max": 0.999201715
    },
    "positive": {
      "count": 55.0,
      "mean": 0.747154757,
      "std": 0.2721753072,
      "min": 0.0132239917,
      "25%": 0.6935013831,
      "50%": 0.8149459958,
      "75%": 0.9497179389,
      "max": 0.9919245839
    }
  },
  "positive_mean_minus_negative_mean": 0.4658791005032135
}
{
  "0": {
    "precision": 0.9393939393939394,
    "recall": 0.7607361963190185,
    "f1-score": 0.8406779661016949,
    "support": 163.0
  },
  "1": {
    "precision": 0.5465116279069767,
    "recall": 0.8545454545454545,
    "f1-score": 0.6666666666666666,
    "support": 55.0
  },
  "accuracy": 0.7844036697247706,
  "macro avg": {
    "precision": 0.7429527836504581,
    "recall": 0.8076408254322365,
    "f1-score": 0.7536723163841808,
    "support": 218.0
  },
  "weighted avg": {
    "precision": 0.8402722553031919,
    "recall": 0.7844036697247706,
    "f1-score": 0.796776032757995,
    "support": 218.0
  }
}
====================================================================================================
MIL training completed
Best epoch      : 20
Best metric     : 0.753672
Total elapsed   : 6.45 hours
Predictions CSV : ./outputs/mil_dino_shared_seasonal_20m_rgb_rgb_cuda/classifier_predictions.csv
====================================================================================================
============================================================
Step 2: Tuning MIL bag threshold
============================================================
Positive prevalence: 0.252294
All-positive F1 baseline: 0.402930
Average precision (PR-AUC): 0.480544
ROC-AUC: 0.811712
Best threshold by Shihuahuaco F1:
threshold                    0.500000
accuracy                     0.784404
precision_shihuahuaco        0.546512
recall_shihuahuaco           0.854545
f1_shihuahuaco               0.666667
pred_positive               86.000000
positive_prevalence          0.252294
f1_all_positive_baseline     0.402930
Name: 45, dtype: float64
============================================================
Job finished at: Thu  7 May 03:49:16 BST 2026
MIL output      : ./outputs/mil_dino_shared_seasonal_20m_rgb_rgb_cuda
Diagnostics     : ./outputs/mil_dino_shared_seasonal_20m_rgb_rgb_cuda/binary_score_diagnostics.json
Thresholds      : ./outputs/mil_dino_shared_seasonal_20m_rgb_rgb_cuda/threshold_tuning.csv
============================================================
