============================================================
Job started at: Wed  6 May 11:41:34 BST 2026
Running on node: gpu12.pri.stanage.alces.network
Python: /users/aca21jo/.conda/envs/lejepa_gpu/bin/python
Python 3.10.20
Wed May  6 11:41:34 2026       
+-----------------------------------------------------------------------------------------+
| NVIDIA-SMI 550.163.01             Driver Version: 550.163.01     CUDA Version: 12.4     |
|-----------------------------------------+------------------------+----------------------+
| GPU  Name                 Persistence-M | Bus-Id          Disp.A | Volatile Uncorr. ECC |
| Fan  Temp   Perf          Pwr:Usage/Cap |           Memory-Usage | GPU-Util  Compute M. |
|                                         |                        |               MIG M. |
|=========================================+========================+======================|
|   0  NVIDIA A100-SXM4-80GB          On  |   00000000:C1:00.0 Off |                    0 |
| N/A   30C    P0             59W /  500W |       1MiB /  81920MiB |      0%      Default |
|                                         |                        |             Disabled |
+-----------------------------------------+------------------------+----------------------+
                                                                                         
+-----------------------------------------------------------------------------------------+
| Processes:                                                                              |
|  GPU   GI   CI        PID   Type   Process name                              GPU Memory |
|        ID   ID                                                               Usage      |
|=========================================================================================|
|  No running processes found                                                             |
+-----------------------------------------------------------------------------------------+
============================================================
Training roots:
  /mnt/parscratch/users/aca21jo/2025_Forge/OSINFOR_data/01. Ortomosaicos/2023
============================================================
Phase 1: DINOv2-backbone SSL pretraining on expanded imagery
============================================================
====================================================================================================
Recursive TIFF scan
Train roots       :
  /mnt/parscratch/users/aca21jo/2025_Forge/OSINFOR_data/01. Ortomosaicos/2023
Found TIFF files  : 179
====================================================================================================
First 10 TIFF files:
  /mnt/parscratch/users/aca21jo/2025_Forge/OSINFOR_data/01. Ortomosaicos/2023/2023-01/25-PUC-C-DE-CPC-002-12_18032023_001_idw_transparent_mosaic_group1.tif
  /mnt/parscratch/users/aca21jo/2025_Forge/OSINFOR_data/01. Ortomosaicos/2023/2023-01/25-PUC-C-DE-CPC-002-12_20032023_003_IDW_transparent_mosaic_group1.tif
  /mnt/parscratch/users/aca21jo/2025_Forge/OSINFOR_data/01. Ortomosaicos/2023/2023-01/25-PUC-C-DE-CPC-002-12_23032023_004_idw_transparent_mosaic_group1.tif
  /mnt/parscratch/users/aca21jo/2025_Forge/OSINFOR_data/01. Ortomosaicos/2023/2023-01/25-PUC-C-DE-CPC-002-12_26032023_002_idw_transparent_mosaic_group1.tif
  /mnt/parscratch/users/aca21jo/2025_Forge/OSINFOR_data/01. Ortomosaicos/2023/2023-01/25-PUC-C-DE-CPC-002-12_26032023_005_idw_transparent_mosaic_group1.tif
  /mnt/parscratch/users/aca21jo/2025_Forge/OSINFOR_data/01. Ortomosaicos/2023/2023-01/25-PUC-C-DE-CPC-002-12_26032023_006_idw_transparent_mosaic_group1.tif
  /mnt/parscratch/users/aca21jo/2025_Forge/OSINFOR_data/01. Ortomosaicos/2023/2023-01/25-PUC-C-DE-CPC-002-12_26032023_007_idw_transparent_mosaic_group1.tif
  /mnt/parscratch/users/aca21jo/2025_Forge/OSINFOR_data/01. Ortomosaicos/2023/2023-02/06-CAJ-PER-FMC-2021-001_02042023_01_IDW_transparent_mosaic_group1.tif
  /mnt/parscratch/users/aca21jo/2025_Forge/OSINFOR_data/01. Ortomosaicos/2023/2023-02/06-CAJ-PER-FMC-2021-001_03042023_02_IDW_transparent_mosaic_group1.tif
  /mnt/parscratch/users/aca21jo/2025_Forge/OSINFOR_data/01. Ortomosaicos/2023/2023-02/06-CAJ-PER-FMC-2021-001_03042023_03_IDW_transparent_mosaic_group1.tif
====================================================================================================
[WARN] Skipping unreadable TIFF in training set: /mnt/parscratch/users/aca21jo/2025_Forge/OSINFOR_data/01. Ortomosaicos/2023/2023-19/25-PUCC-DE-CPC001-13_25102023_001_orto_pv17_idw_transparent_mosaic_group1.tif
====================================================================================================
Phase 1 started
Backbone              : vit_small_patch14_dinov2.lvd142m
Pretrained backbone   : True
Device                : cuda
AMP enabled           : True
Train TIFF files      : 179
Patches per image     : 64
Train samples         : 11392
SSL epochs            : 20
Patch size            : 224
Global image size     : 224
Local image size      : 96
Extraction enabled    : False
====================================================================================================
