============================================================
Job started at: Wed  6 May 12:35:40 BST 2026
Running on node: gpu06.pri.stanage.alces.network
Python: /users/aca21jo/.conda/envs/lejepa_gpu/bin/python
Python 3.10.20
Wed May  6 12:35:40 2026       
+-----------------------------------------------------------------------------------------+
| NVIDIA-SMI 550.163.01             Driver Version: 550.163.01     CUDA Version: 12.4     |
|-----------------------------------------+------------------------+----------------------+
| GPU  Name                 Persistence-M | Bus-Id          Disp.A | Volatile Uncorr. ECC |
| Fan  Temp   Perf          Pwr:Usage/Cap |           Memory-Usage | GPU-Util  Compute M. |
|                                         |                        |               MIG M. |
|=========================================+========================+======================|
|   0  NVIDIA A100-SXM4-80GB          On  |   00000000:C1:00.0 Off |                    0 |
| N/A   31C    P0             64W /  500W |       1MiB /  81920MiB |      0%      Default |
|                                         |                        |             Disabled |
+-----------------------------------------+------------------------+----------------------+
                                                                                         
+-----------------------------------------------------------------------------------------+
| Processes:                                                                              |
|  GPU   GI   CI        PID   Type   Process name                              GPU Memory |
|        ID   ID                                                               Usage      |
|=========================================================================================|
|  No running processes found                                                             |
+-----------------------------------------------------------------------------------------+
============================================================
Training roots:
  /mnt/parscratch/users/aca21jo/2025_Forge/OSINFOR_data/01. Ortomosaicos/2023
============================================================
Phase 1: DINOv2-backbone SSL pretraining on expanded imagery
============================================================
====================================================================================================
Recursive TIFF scan
Train roots       :
  /mnt/parscratch/users/aca21jo/2025_Forge/OSINFOR_data/01. Ortomosaicos/2023
Found TIFF files  : 179
====================================================================================================
First 10 TIFF files:
  /mnt/parscratch/users/aca21jo/2025_Forge/OSINFOR_data/01. Ortomosaicos/2023/2023-01/25-PUC-C-DE-CPC-002-12_18032023_001_idw_transparent_mosaic_group1.tif
  /mnt/parscratch/users/aca21jo/2025_Forge/OSINFOR_data/01. Ortomosaicos/2023/2023-01/25-PUC-C-DE-CPC-002-12_20032023_003_IDW_transparent_mosaic_group1.tif
  /mnt/parscratch/users/aca21jo/2025_Forge/OSINFOR_data/01. Ortomosaicos/2023/2023-01/25-PUC-C-DE-CPC-002-12_23032023_004_idw_transparent_mosaic_group1.tif
  /mnt/parscratch/users/aca21jo/2025_Forge/OSINFOR_data/01. Ortomosaicos/2023/2023-01/25-PUC-C-DE-CPC-002-12_26032023_002_idw_transparent_mosaic_group1.tif
  /mnt/parscratch/users/aca21jo/2025_Forge/OSINFOR_data/01. Ortomosaicos/2023/2023-01/25-PUC-C-DE-CPC-002-12_26032023_005_idw_transparent_mosaic_group1.tif
  /mnt/parscratch/users/aca21jo/2025_Forge/OSINFOR_data/01. Ortomosaicos/2023/2023-01/25-PUC-C-DE-CPC-002-12_26032023_006_idw_transparent_mosaic_group1.tif
  /mnt/parscratch/users/aca21jo/2025_Forge/OSINFOR_data/01. Ortomosaicos/2023/2023-01/25-PUC-C-DE-CPC-002-12_26032023_007_idw_transparent_mosaic_group1.tif
  /mnt/parscratch/users/aca21jo/2025_Forge/OSINFOR_data/01. Ortomosaicos/2023/2023-02/06-CAJ-PER-FMC-2021-001_02042023_01_IDW_transparent_mosaic_group1.tif
  /mnt/parscratch/users/aca21jo/2025_Forge/OSINFOR_data/01. Ortomosaicos/2023/2023-02/06-CAJ-PER-FMC-2021-001_03042023_02_IDW_transparent_mosaic_group1.tif
  /mnt/parscratch/users/aca21jo/2025_Forge/OSINFOR_data/01. Ortomosaicos/2023/2023-02/06-CAJ-PER-FMC-2021-001_03042023_03_IDW_transparent_mosaic_group1.tif
====================================================================================================
[WARN] Skipping unreadable TIFF in training set: /mnt/parscratch/users/aca21jo/2025_Forge/OSINFOR_data/01. Ortomosaicos/2023/2023-19/25-PUCC-DE-CPC001-13_25102023_001_orto_pv17_idw_transparent_mosaic_group1.tif
====================================================================================================
Phase 1 started
Backbone              : vit_small_patch14_dinov2.lvd142m
Pretrained backbone   : True
Device                : cuda
AMP enabled           : True
Train TIFF files      : 179
Patches per image     : 64
Train samples         : 11392
SSL epochs            : 20
Patch size            : 224
Global image size     : 224
Local image size      : 224
Extraction enabled    : False
====================================================================================================
[SSL][Epoch 1/20] total=19.9362 align=0.0039 var=0.6778 cov=2.0194 slice=0.9675 proxy_eval=19.7162 lr=6.67e-06
[INFO] Saved best checkpoint: proxy_loss=19.716228
[SSL][Epoch 2/20] total=19.2994 align=0.0037 var=0.6421 cov=2.2693 slice=0.9729 proxy_eval=19.2714 lr=1.00e-05
[INFO] Saved best checkpoint: proxy_loss=19.271376
[SSL][Epoch 3/20] total=19.1558 align=0.0034 var=0.6349 cov=2.3116 slice=0.9684 proxy_eval=19.0801 lr=1.00e-05
[INFO] Saved best checkpoint: proxy_loss=19.080057
[SSL][Epoch 4/20] total=19.0756 align=0.0032 var=0.6316 cov=2.3262 slice=0.9566 proxy_eval=18.9985 lr=9.91e-06
[INFO] Saved best checkpoint: proxy_loss=18.998531
[SSL][Epoch 5/20] total=19.0320 align=0.0035 var=0.6302 cov=2.3289 slice=0.9446 proxy_eval=19.0012 lr=9.66e-06
[SSL][Epoch 6/20] total=19.0019 align=0.0036 var=0.6286 cov=2.3405 slice=0.9429 proxy_eval=18.9160 lr=9.25e-06
[INFO] Saved best checkpoint: proxy_loss=18.915985
[SSL][Epoch 7/20] total=18.9809 align=0.0036 var=0.6278 cov=2.3417 slice=0.9415 proxy_eval=18.8885 lr=8.70e-06
[INFO] Saved best checkpoint: proxy_loss=18.888507
[SSL][Epoch 8/20] total=18.9614 align=0.0036 var=0.6268 cov=2.3482 slice=0.9403 proxy_eval=18.8845 lr=8.02e-06
[INFO] Saved best checkpoint: proxy_loss=18.884545
[SSL][Epoch 9/20] total=18.9571 align=0.0036 var=0.6267 cov=2.3454 slice=0.9393 proxy_eval=18.9893 lr=7.23e-06
[SSL][Epoch 10/20] total=18.9426 align=0.0036 var=0.6261 cov=2.3491 slice=0.9382 proxy_eval=18.8666 lr=6.37e-06
[INFO] Saved best checkpoint: proxy_loss=18.866601
[SSL][Epoch 11/20] total=18.9408 align=0.0037 var=0.6261 cov=2.3458 slice=0.9376 proxy_eval=18.8216 lr=5.47e-06
[INFO] Saved best checkpoint: proxy_loss=18.821573
[SSL][Epoch 12/20] total=18.9342 align=0.0037 var=0.6258 cov=2.3485 slice=0.9369 proxy_eval=18.8217 lr=4.54e-06
[SSL][Epoch 13/20] total=18.9175 align=0.0037 var=0.6249 cov=2.3545 slice=0.9364 proxy_eval=18.8707 lr=3.64e-06
[SSL][Epoch 14/20] total=18.9097 align=0.0037 var=0.6246 cov=2.3547 slice=0.9359 proxy_eval=18.8078 lr=2.78e-06
[INFO] Saved best checkpoint: proxy_loss=18.807758
[SSL][Epoch 15/20] total=18.8896 align=0.0037 var=0.6235 cov=2.3625 slice=0.9354 proxy_eval=18.8200 lr=1.99e-06
[SSL][Epoch 16/20] total=18.8907 align=0.0037 var=0.6237 cov=2.3578 slice=0.9352 proxy_eval=18.8256 lr=1.31e-06
[SSL][Epoch 17/20] total=18.8974 align=0.0037 var=0.6241 cov=2.3568 slice=0.9351 proxy_eval=18.9505 lr=7.58e-07
[SSL][Epoch 18/20] total=18.8823 align=0.0037 var=0.6231 cov=2.3656 slice=0.9349 proxy_eval=18.7998 lr=3.47e-07
[INFO] Saved best checkpoint: proxy_loss=18.799796
[SSL][Epoch 19/20] total=18.8859 align=0.0037 var=0.6235 cov=2.3591 slice=0.9349 proxy_eval=18.8009 lr=9.50e-08
[SSL][Epoch 20/20] total=18.8908 align=0.0037 var=0.6235 cov=2.3646 slice=0.9349 proxy_eval=18.7905 lr=1.00e-08
[INFO] Saved best checkpoint: proxy_loss=18.790505

====================================================================================================
Phase 1 completed
Best checkpoint      : ./outputs/phase1_dino_ssl_large/phase1_encoder_best.pth
Last checkpoint      : ./outputs/phase1_dino_ssl_large/phase1_encoder_last.pth
Embedding CSV        : skipped
Best proxy loss      : 18.7905
Total elapsed        : 01:37:38
====================================================================================================
============================================================
Job finished at: Wed  6 May 14:13:42 BST 2026
DINO SSL output: ./outputs/phase1_dino_ssl_large -> /mnt/parscratch/users/aca21jo/realign_outputs/phase1_dino_ssl_large
============================================================
