============================================================
Job started at: Thu  7 May 23:17:29 BST 2026
Running on node: gpu05.pri.stanage.alces.network
MIL output dir : outputs/mil_dino_shared_seasonal_20m_rgb_green_mean_green_mean_cuda
PCA output dir : outputs/mil_dino_shared_seasonal_20m_rgb_green_mean_green_mean_cuda/pca_val_best
Python 3.10.20
Thu May  7 23:17:29 2026       
+-----------------------------------------------------------------------------------------+
| NVIDIA-SMI 550.163.01             Driver Version: 550.163.01     CUDA Version: 12.4     |
|-----------------------------------------+------------------------+----------------------+
| GPU  Name                 Persistence-M | Bus-Id          Disp.A | Volatile Uncorr. ECC |
| Fan  Temp   Perf          Pwr:Usage/Cap |           Memory-Usage | GPU-Util  Compute M. |
|                                         |                        |               MIG M. |
|=========================================+========================+======================|
|   0  NVIDIA A100-SXM4-80GB          On  |   00000000:41:00.0 Off |                    0 |
| N/A   33C    P0             59W /  500W |       1MiB /  81920MiB |      0%      Default |
|                                         |                        |             Disabled |
+-----------------------------------------+------------------------+----------------------+
                                                                                         
+-----------------------------------------------------------------------------------------+
| Processes:                                                                              |
|  GPU   GI   CI        PID   Type   Process name                              GPU Memory |
|        ID   ID                                                               Usage      |
|=========================================================================================|
|  No running processes found                                                             |
+-----------------------------------------------------------------------------------------+
============================================================
[INFO] Building TIFF index...
[INFO] Indexed TIFF folders: 22
[INFO] Indexed TIFF files  : 310
[INFO] Resolving MIL bags for valid_points_val.shp...
[INFO] Resolved bags: 218
[INFO] Failed rows  : 0
[INFO] Bag labels   : {0: 163, 1: 55}
{
  "num_instances": 3706,
  "num_bags": 218,
  "pca_explained_variance_ratio": [
    0.1501341611146927,
    0.0978115126490593
  ],
  "pca_explained_variance_ratio_sum": 0.2479456663131714,
  "selected_average_precision": 0.5733504870912842,
  "selected_roc_auc": 0.8614612381483547,
  "selected_instance_average_precision": 0.7692939834797502,
  "selected_instance_roc_auc": 0.9332961517010597,
  "selected_status_counts": {
    "TN": 128,
    "TP": 46,
    "FP": 35,
    "FN": 9
  },
  "selected_offset_m_by_true_class": {
    "0": {
      "count": 163.0,
      "mean": 0.0,
      "std": 0.0,
      "min": 0.0,
      "25%": 0.0,
      "50%": 0.0,
      "75%": 0.0,
      "max": 0.0
    },
    "1": {
      "count": 55.0,
      "mean": 15.4545456698,
      "std": 5.7148869869,
      "min": 0.0,
      "25%": 10.0000003073,
      "50%": 19.999999401,
      "75%": 20.0000006146,
      "max": 20.0000009424
    }
  }
}
Instance PCA CSV : outputs/mil_dino_shared_seasonal_20m_rgb_green_mean_green_mean_cuda/pca_val_best/mil_instance_pca.csv
Selected PCA CSV : outputs/mil_dino_shared_seasonal_20m_rgb_green_mean_green_mean_cuda/pca_val_best/mil_selected_pca.csv
Output directory : outputs/mil_dino_shared_seasonal_20m_rgb_green_mean_green_mean_cuda/pca_val_best
outputs/mil_dino_shared_seasonal_20m_rgb_green_mean_green_mean_cuda/pca_val_best/debug_top_confident/contact_sheet.html
outputs/mil_dino_shared_seasonal_20m_rgb_green_mean_green_mean_cuda/pca_val_best/debug_top_confident/mil_debug_patches.csv
outputs/mil_dino_shared_seasonal_20m_rgb_green_mean_green_mean_cuda/pca_val_best/debug_false_positives/contact_sheet.html
outputs/mil_dino_shared_seasonal_20m_rgb_green_mean_green_mean_cuda/pca_val_best/debug_false_positives/mil_debug_patches.csv
outputs/mil_dino_shared_seasonal_20m_rgb_green_mean_green_mean_cuda/pca_val_best/debug_false_negatives/contact_sheet.html
outputs/mil_dino_shared_seasonal_20m_rgb_green_mean_green_mean_cuda/pca_val_best/debug_false_negatives/mil_debug_patches.csv
outputs/mil_dino_shared_seasonal_20m_rgb_green_mean_green_mean_cuda/pca_val_best/debug_largest_offsets/contact_sheet.html
outputs/mil_dino_shared_seasonal_20m_rgb_green_mean_green_mean_cuda/pca_val_best/debug_largest_offsets/mil_debug_patches.csv
============================================================
Analysis finished at: Thu  7 May 23:21:51 BST 2026
Summary:
{
  "num_instances": 3706,
  "num_bags": 218,
  "pca_explained_variance_ratio": [
    0.1501341611146927,
    0.0978115126490593
  ],
  "pca_explained_variance_ratio_sum": 0.2479456663131714,
  "selected_average_precision": 0.5733504870912842,
  "selected_roc_auc": 0.8614612381483547,
  "selected_instance_average_precision": 0.7692939834797502,
  "selected_instance_roc_auc": 0.9332961517010597,
  "selected_status_counts": {
    "TN": 128,
    "TP": 46,
    "FP": 35,
    "FN": 9
  },
  "selected_offset_m_by_true_class": {
    "0": {
      "count": 163.0,
      "mean": 0.0,
      "std": 0.0,
      "min": 0.0,
      "25%": 0.0,
      "50%": 0.0,
      "75%": 0.0,
      "max": 0.0
    },
    "1": {
      "count": 55.0,
      "mean": 15.4545456698,
      "std": 5.7148869869,
      "min": 0.0,
      "25%": 10.0000003073,
      "50%": 19.999999401,
      "75%": 20.0000006146,
      "max": 20.0000009424
    }
  }
}
PCA plots and CSVs: outputs/mil_dino_shared_seasonal_20m_rgb_green_mean_green_mean_cuda/pca_val_best
Top confident sheet: outputs/mil_dino_shared_seasonal_20m_rgb_green_mean_green_mean_cuda/pca_val_best/debug_top_confident/contact_sheet.html
False positives   : outputs/mil_dino_shared_seasonal_20m_rgb_green_mean_green_mean_cuda/pca_val_best/debug_false_positives/contact_sheet.html
False negatives   : outputs/mil_dino_shared_seasonal_20m_rgb_green_mean_green_mean_cuda/pca_val_best/debug_false_negatives/contact_sheet.html
Largest offsets   : outputs/mil_dino_shared_seasonal_20m_rgb_green_mean_green_mean_cuda/pca_val_best/debug_largest_offsets/contact_sheet.html
============================================================
