============================================================
Job started at: Wed  6 May 02:00:48 BST 2026
Running on node: gpu05.pri.stanage.alces.network
Python: /users/aca21jo/.conda/envs/lejepa_gpu/bin/python
Python 3.10.20
Wed May  6 02:00:48 2026       
+-----------------------------------------------------------------------------------------+
| NVIDIA-SMI 550.163.01             Driver Version: 550.163.01     CUDA Version: 12.4     |
|-----------------------------------------+------------------------+----------------------+
| GPU  Name                 Persistence-M | Bus-Id          Disp.A | Volatile Uncorr. ECC |
| Fan  Temp   Perf          Pwr:Usage/Cap |           Memory-Usage | GPU-Util  Compute M. |
|                                         |                        |               MIG M. |
|=========================================+========================+======================|
|   0  NVIDIA A100-SXM4-80GB          On  |   00000000:C1:00.0 Off |                    0 |
| N/A   31C    P0             59W /  500W |       1MiB /  81920MiB |      0%      Default |
|                                         |                        |             Disabled |
+-----------------------------------------+------------------------+----------------------+
                                                                                         
+-----------------------------------------------------------------------------------------+
| Processes:                                                                              |
|  GPU   GI   CI        PID   Type   Process name                              GPU Memory |
|        ID   ID                                                               Usage      |
|=========================================================================================|
|  No running processes found                                                             |
+-----------------------------------------------------------------------------------------+
============================================================
Checking required inputs...
All required inputs found.
============================================================
Step 1: Low-data RGB 112px training
============================================================
[INFO] Building TIFF index...
[INFO] Indexed TIFF folders: 22
[INFO] Indexed TIFF files  : 310
[INFO] Resolving TIFF paths for valid_points_train.shp...
[INFO] Resolved samples: 744
[INFO] Failed samples  : 40
[INFO] Saving 80 class-balanced debug patches to ./outputs/binary_resnet50_rgb_lowdata_112_filtered_cuda/debug_patches/train
[INFO] Resolving TIFF paths for valid_points_val.shp...
[INFO] Resolved samples: 209
[INFO] Failed samples  : 9
[INFO] Saving 80 class-balanced debug patches to ./outputs/binary_resnet50_rgb_lowdata_112_filtered_cuda/debug_patches/val
================================================================================
Phase 1.5 supervised fine-tuning setup
Classes: ['0', '1']
Train samples: 2976
Val samples: 209
Coord mode: auto
AMP enabled: True
Class weights: True
Balanced sampler: True
Image mode: rgb
Max black fraction: 0.2
Max bright fraction: 0.35
Train repeat factor: 4
Label smoothing: 0.05
Debug patches: ./outputs/binary_resnet50_rgb_lowdata_112_filtered_cuda/debug_patches
================================================================================
Class weights: [0.19354839622974396, 1.806451678276062]
[VAL epoch 1] True counts by index: {0: 155, 1: 54}
[VAL epoch 1] Pred counts by index: {1: 209}
[VAL epoch 1] True counts by class:
  00 0: 155
  01 1: 54
[VAL epoch 1] Pred counts by class:
  01 1: 209
Epoch 001 | frozen=1 | train loss 0.4003 acc 0.5081 macro_f1 0.3429 weighted_f1 0.3491 | val loss 1.4462 acc 0.2584 macro_f1 0.2053 weighted_f1 0.1061
[INFO] Saved best checkpoint at epoch 1: val_macro_f1=0.205323
[VAL epoch 2] True counts by index: {0: 155, 1: 54}
[VAL epoch 2] Pred counts by index: {1: 209}
[VAL epoch 2] True counts by class:
  00 0: 155
  01 1: 54
[VAL epoch 2] Pred counts by class:
  01 1: 209
Epoch 002 | frozen=1 | train loss 0.3859 acc 0.4876 macro_f1 0.3278 weighted_f1 0.3196 | val loss 1.4187 acc 0.2584 macro_f1 0.2053 weighted_f1 0.1061
[VAL epoch 3] True counts by index: {0: 155, 1: 54}
[VAL epoch 3] Pred counts by index: {1: 209}
[VAL epoch 3] True counts by class:
  00 0: 155
  01 1: 54
[VAL epoch 3] Pred counts by class:
  01 1: 209
Epoch 003 | frozen=1 | train loss 0.3804 acc 0.4919 macro_f1 0.3297 weighted_f1 0.3244 | val loss 1.3389 acc 0.2584 macro_f1 0.2053 weighted_f1 0.1061
[VAL epoch 4] True counts by index: {0: 155, 1: 54}
[VAL epoch 4] Pred counts by index: {1: 209}
[VAL epoch 4] True counts by class:
  00 0: 155
  01 1: 54
[VAL epoch 4] Pred counts by class:
  01 1: 209
Epoch 004 | frozen=1 | train loss 0.3595 acc 0.4960 macro_f1 0.3315 weighted_f1 0.3289 | val loss 1.3443 acc 0.2584 macro_f1 0.2053 weighted_f1 0.1061
[VAL epoch 5] True counts by index: {0: 155, 1: 54}
[VAL epoch 5] Pred counts by index: {1: 209}
[VAL epoch 5] True counts by class:
  00 0: 155
  01 1: 54
[VAL epoch 5] Pred counts by class:
  01 1: 209
Epoch 005 | frozen=1 | train loss 0.3462 acc 0.5071 macro_f1 0.3365 weighted_f1 0.3412 | val loss 1.3499 acc 0.2584 macro_f1 0.2053 weighted_f1 0.1061
[VAL epoch 6] True counts by index: {0: 155, 1: 54}
[VAL epoch 6] Pred counts by index: {1: 209}
[VAL epoch 6] True counts by class:
  00 0: 155
  01 1: 54
[VAL epoch 6] Pred counts by class:
  01 1: 209
Epoch 006 | frozen=0 | train loss 0.3568 acc 0.4866 macro_f1 0.3273 weighted_f1 0.3185 | val loss 1.3242 acc 0.2584 macro_f1 0.2053 weighted_f1 0.1061
[VAL epoch 7] True counts by index: {0: 155, 1: 54}
[VAL epoch 7] Pred counts by index: {1: 209}
[VAL epoch 7] True counts by class:
  00 0: 155
  01 1: 54
[VAL epoch 7] Pred counts by class:
  01 1: 209
Epoch 007 | frozen=0 | train loss 0.3322 acc 0.5091 macro_f1 0.3373 weighted_f1 0.3435 | val loss 1.3487 acc 0.2584 macro_f1 0.2053 weighted_f1 0.1061
[VAL epoch 8] True counts by index: {0: 155, 1: 54}
[VAL epoch 8] Pred counts by index: {1: 209}
[VAL epoch 8] True counts by class:
  00 0: 155
  01 1: 54
[VAL epoch 8] Pred counts by class:
  01 1: 209
Epoch 008 | frozen=0 | train loss 0.3523 acc 0.4849 macro_f1 0.3265 weighted_f1 0.3167 | val loss 1.2963 acc 0.2584 macro_f1 0.2053 weighted_f1 0.1061
[VAL epoch 9] True counts by index: {0: 155, 1: 54}
[VAL epoch 9] Pred counts by index: {1: 209}
[VAL epoch 9] True counts by class:
  00 0: 155
  01 1: 54
[VAL epoch 9] Pred counts by class:
  01 1: 209
Epoch 009 | frozen=0 | train loss 0.3375 acc 0.5020 macro_f1 0.3342 weighted_f1 0.3356 | val loss 1.3459 acc 0.2584 macro_f1 0.2053 weighted_f1 0.1061
[VAL epoch 10] True counts by index: {0: 155, 1: 54}
[VAL epoch 10] Pred counts by index: {1: 209}
[VAL epoch 10] True counts by class:
  00 0: 155
  01 1: 54
[VAL epoch 10] Pred counts by class:
  01 1: 209
Epoch 010 | frozen=0 | train loss 0.3266 acc 0.5148 macro_f1 0.3398 weighted_f1 0.3499 | val loss 1.3634 acc 0.2584 macro_f1 0.2053 weighted_f1 0.1061
[VAL epoch 11] True counts by index: {0: 155, 1: 54}
[VAL epoch 11] Pred counts by index: {1: 209}
[VAL epoch 11] True counts by class:
  00 0: 155
  01 1: 54
[VAL epoch 11] Pred counts by class:
  01 1: 209
Epoch 011 | frozen=0 | train loss 0.3489 acc 0.4933 macro_f1 0.3303 weighted_f1 0.3259 | val loss 1.2383 acc 0.2584 macro_f1 0.2053 weighted_f1 0.1061
[VAL epoch 12] True counts by index: {0: 155, 1: 54}
[VAL epoch 12] Pred counts by index: {1: 209}
[VAL epoch 12] True counts by class:
  00 0: 155
  01 1: 54
[VAL epoch 12] Pred counts by class:
  01 1: 209
Epoch 012 | frozen=0 | train loss 0.3412 acc 0.5000 macro_f1 0.3333 weighted_f1 0.3333 | val loss 1.3026 acc 0.2584 macro_f1 0.2053 weighted_f1 0.1061
[VAL epoch 13] True counts by index: {0: 155, 1: 54}
[VAL epoch 13] Pred counts by index: {1: 209}
[VAL epoch 13] True counts by class:
  00 0: 155
  01 1: 54
[VAL epoch 13] Pred counts by class:
  01 1: 209
Epoch 013 | frozen=0 | train loss 0.3282 acc 0.5071 macro_f1 0.3365 weighted_f1 0.3412 | val loss 1.3614 acc 0.2584 macro_f1 0.2053 weighted_f1 0.1061
[VAL epoch 14] True counts by index: {0: 155, 1: 54}
[VAL epoch 14] Pred counts by index: {1: 209}
[VAL epoch 14] True counts by class:
  00 0: 155
  01 1: 54
[VAL epoch 14] Pred counts by class:
  01 1: 209
Epoch 014 | frozen=0 | train loss 0.3412 acc 0.4923 macro_f1 0.3299 weighted_f1 0.3248 | val loss 1.2406 acc 0.2584 macro_f1 0.2053 weighted_f1 0.1061
[VAL epoch 15] True counts by index: {0: 155, 1: 54}
[VAL epoch 15] Pred counts by index: {1: 209}
[VAL epoch 15] True counts by class:
  00 0: 155
  01 1: 54
[VAL epoch 15] Pred counts by class:
  01 1: 209
Epoch 015 | frozen=0 | train loss 0.3261 acc 0.5111 macro_f1 0.3382 weighted_f1 0.3457 | val loss 1.3817 acc 0.2584 macro_f1 0.2053 weighted_f1 0.1061
[VAL epoch 16] True counts by index: {0: 155, 1: 54}
[VAL epoch 16] Pred counts by index: {1: 209}
[VAL epoch 16] True counts by class:
  00 0: 155
  01 1: 54
[VAL epoch 16] Pred counts by class:
  01 1: 209
Epoch 016 | frozen=0 | train loss 0.3302 acc 0.5030 macro_f1 0.3347 weighted_f1 0.3367 | val loss 1.2826 acc 0.2584 macro_f1 0.2053 weighted_f1 0.1061
