============================================================
Job started at: Wed  6 May 11:05:42 BST 2026
Running on node: gpu08.pri.stanage.alces.network
Python: /users/aca21jo/.conda/envs/lejepa_gpu/bin/python
Python 3.10.20
Wed May  6 11:05:42 2026       
+-----------------------------------------------------------------------------------------+
| NVIDIA-SMI 550.163.01             Driver Version: 550.163.01     CUDA Version: 12.4     |
|-----------------------------------------+------------------------+----------------------+
| GPU  Name                 Persistence-M | Bus-Id          Disp.A | Volatile Uncorr. ECC |
| Fan  Temp   Perf          Pwr:Usage/Cap |           Memory-Usage | GPU-Util  Compute M. |
|                                         |                        |               MIG M. |
|=========================================+========================+======================|
|   0  NVIDIA A100-SXM4-80GB          On  |   00000000:C1:00.0 Off |                    0 |
| N/A   39C    P0             60W /  500W |       1MiB /  81920MiB |      0%      Default |
|                                         |                        |             Disabled |
+-----------------------------------------+------------------------+----------------------+
                                                                                         
+-----------------------------------------------------------------------------------------+
| Processes:                                                                              |
|  GPU   GI   CI        PID   Type   Process name                              GPU Memory |
|        ID   ID                                                               Usage      |
|=========================================================================================|
|  No running processes found                                                             |
+-----------------------------------------------------------------------------------------+
============================================================
Checking required inputs...
All required inputs found.
============================================================
Step 1: Low-data RGB 112px training
============================================================
[INFO] Building TIFF index...
[INFO] Indexed TIFF folders: 22
[INFO] Indexed TIFF files  : 310
[INFO] Resolving TIFF paths for valid_points_train.shp...
[INFO] Resolved samples: 744
[INFO] Failed samples  : 40
[INFO] Saving 80 class-balanced debug patches to ./outputs/binary_resnet50_rgb_lowdata_112_filtered_cuda/debug_patches/train
[INFO] Resolving TIFF paths for valid_points_val.shp...
[INFO] Resolved samples: 209
[INFO] Failed samples  : 9
[INFO] Saving 80 class-balanced debug patches to ./outputs/binary_resnet50_rgb_lowdata_112_filtered_cuda/debug_patches/val
================================================================================
Phase 1.5 supervised fine-tuning setup
Classes: ['0', '1']
Train samples: 2976
Val samples: 209
Coord mode: auto
AMP enabled: True
Class weights: True
Balanced sampler: True
Image mode: rgb
Max black fraction: 0.2
Max bright fraction: 0.35
Train repeat factor: 4
Label smoothing: 0.05
Debug patches: ./outputs/binary_resnet50_rgb_lowdata_112_filtered_cuda/debug_patches
================================================================================
Class weights: [0.19354839622974396, 1.806451678276062]
[VAL epoch 1] True counts by index: {0: 155, 1: 54}
[VAL epoch 1] Pred counts by index: {1: 209}
[VAL epoch 1] True counts by class:
  00 0: 155
  01 1: 54
[VAL epoch 1] Pred counts by class:
  01 1: 209
Epoch 001 | frozen=1 | train loss 0.4003 acc 0.5081 macro_f1 0.3429 weighted_f1 0.3491 | val loss 1.4462 acc 0.2584 macro_f1 0.2053 weighted_f1 0.1061
[INFO] Saved best checkpoint at epoch 1: val_macro_f1=0.205323
[VAL epoch 2] True counts by index: {0: 155, 1: 54}
[VAL epoch 2] Pred counts by index: {1: 209}
[VAL epoch 2] True counts by class:
  00 0: 155
  01 1: 54
[VAL epoch 2] Pred counts by class:
  01 1: 209
Epoch 002 | frozen=1 | train loss 0.3859 acc 0.4876 macro_f1 0.3278 weighted_f1 0.3196 | val loss 1.4187 acc 0.2584 macro_f1 0.2053 weighted_f1 0.1061
[VAL epoch 3] True counts by index: {0: 155, 1: 54}
[VAL epoch 3] Pred counts by index: {1: 209}
[VAL epoch 3] True counts by class:
  00 0: 155
  01 1: 54
[VAL epoch 3] Pred counts by class:
  01 1: 209
Epoch 003 | frozen=1 | train loss 0.3804 acc 0.4919 macro_f1 0.3297 weighted_f1 0.3244 | val loss 1.3389 acc 0.2584 macro_f1 0.2053 weighted_f1 0.1061
[VAL epoch 4] True counts by index: {0: 155, 1: 54}
[VAL epoch 4] Pred counts by index: {1: 209}
[VAL epoch 4] True counts by class:
  00 0: 155
  01 1: 54
[VAL epoch 4] Pred counts by class:
  01 1: 209
Epoch 004 | frozen=1 | train loss 0.3595 acc 0.4960 macro_f1 0.3315 weighted_f1 0.3289 | val loss 1.3443 acc 0.2584 macro_f1 0.2053 weighted_f1 0.1061
[VAL epoch 5] True counts by index: {0: 155, 1: 54}
[VAL epoch 5] Pred counts by index: {1: 209}
[VAL epoch 5] True counts by class:
  00 0: 155
  01 1: 54
[VAL epoch 5] Pred counts by class:
  01 1: 209
Epoch 005 | frozen=1 | train loss 0.3462 acc 0.5071 macro_f1 0.3365 weighted_f1 0.3412 | val loss 1.3499 acc 0.2584 macro_f1 0.2053 weighted_f1 0.1061
[VAL epoch 6] True counts by index: {0: 155, 1: 54}
[VAL epoch 6] Pred counts by index: {1: 209}
[VAL epoch 6] True counts by class:
  00 0: 155
  01 1: 54
[VAL epoch 6] Pred counts by class:
  01 1: 209
Epoch 006 | frozen=0 | train loss 0.3568 acc 0.4866 macro_f1 0.3273 weighted_f1 0.3185 | val loss 1.3225 acc 0.2584 macro_f1 0.2053 weighted_f1 0.1061
[VAL epoch 7] True counts by index: {0: 155, 1: 54}
[VAL epoch 7] Pred counts by index: {1: 209}
[VAL epoch 7] True counts by class:
  00 0: 155
  01 1: 54
[VAL epoch 7] Pred counts by class:
  01 1: 209
Epoch 007 | frozen=0 | train loss 0.3322 acc 0.5091 macro_f1 0.3373 weighted_f1 0.3435 | val loss 1.3413 acc 0.2584 macro_f1 0.2053 weighted_f1 0.1061
[VAL epoch 8] True counts by index: {0: 155, 1: 54}
[VAL epoch 8] Pred counts by index: {1: 209}
[VAL epoch 8] True counts by class:
  00 0: 155
  01 1: 54
[VAL epoch 8] Pred counts by class:
  01 1: 209
Epoch 008 | frozen=0 | train loss 0.3523 acc 0.4849 macro_f1 0.3265 weighted_f1 0.3167 | val loss 1.2955 acc 0.2584 macro_f1 0.2053 weighted_f1 0.1061
[VAL epoch 9] True counts by index: {0: 155, 1: 54}
[VAL epoch 9] Pred counts by index: {1: 209}
[VAL epoch 9] True counts by class:
  00 0: 155
  01 1: 54
[VAL epoch 9] Pred counts by class:
  01 1: 209
Epoch 009 | frozen=0 | train loss 0.3375 acc 0.5020 macro_f1 0.3342 weighted_f1 0.3356 | val loss 1.3466 acc 0.2584 macro_f1 0.2053 weighted_f1 0.1061
[VAL epoch 10] True counts by index: {0: 155, 1: 54}
[VAL epoch 10] Pred counts by index: {1: 209}
[VAL epoch 10] True counts by class:
  00 0: 155
  01 1: 54
[VAL epoch 10] Pred counts by class:
  01 1: 209
Epoch 010 | frozen=0 | train loss 0.3265 acc 0.5148 macro_f1 0.3398 weighted_f1 0.3499 | val loss 1.3658 acc 0.2584 macro_f1 0.2053 weighted_f1 0.1061
[VAL epoch 11] True counts by index: {0: 155, 1: 54}
[VAL epoch 11] Pred counts by index: {1: 209}
[VAL epoch 11] True counts by class:
  00 0: 155
  01 1: 54
[VAL epoch 11] Pred counts by class:
  01 1: 209
Epoch 011 | frozen=0 | train loss 0.3490 acc 0.4933 macro_f1 0.3303 weighted_f1 0.3259 | val loss 1.2386 acc 0.2584 macro_f1 0.2053 weighted_f1 0.1061
[VAL epoch 12] True counts by index: {0: 155, 1: 54}
[VAL epoch 12] Pred counts by index: {1: 209}
[VAL epoch 12] True counts by class:
  00 0: 155
  01 1: 54
[VAL epoch 12] Pred counts by class:
  01 1: 209
Epoch 012 | frozen=0 | train loss 0.3412 acc 0.5000 macro_f1 0.3333 weighted_f1 0.3333 | val loss 1.3030 acc 0.2584 macro_f1 0.2053 weighted_f1 0.1061
[VAL epoch 13] True counts by index: {0: 155, 1: 54}
[VAL epoch 13] Pred counts by index: {1: 209}
[VAL epoch 13] True counts by class:
  00 0: 155
  01 1: 54
[VAL epoch 13] Pred counts by class:
  01 1: 209
Epoch 013 | frozen=0 | train loss 0.3281 acc 0.5071 macro_f1 0.3365 weighted_f1 0.3412 | val loss 1.3642 acc 0.2584 macro_f1 0.2053 weighted_f1 0.1061
[VAL epoch 14] True counts by index: {0: 155, 1: 54}
[VAL epoch 14] Pred counts by index: {1: 209}
[VAL epoch 14] True counts by class:
  00 0: 155
  01 1: 54
[VAL epoch 14] Pred counts by class:
  01 1: 209
Epoch 014 | frozen=0 | train loss 0.3412 acc 0.4923 macro_f1 0.3299 weighted_f1 0.3248 | val loss 1.2419 acc 0.2584 macro_f1 0.2053 weighted_f1 0.1061
[VAL epoch 15] True counts by index: {0: 155, 1: 54}
[VAL epoch 15] Pred counts by index: {1: 209}
[VAL epoch 15] True counts by class:
  00 0: 155
  01 1: 54
[VAL epoch 15] Pred counts by class:
  01 1: 209
Epoch 015 | frozen=0 | train loss 0.3261 acc 0.5111 macro_f1 0.3382 weighted_f1 0.3457 | val loss 1.3806 acc 0.2584 macro_f1 0.2053 weighted_f1 0.1061
[VAL epoch 16] True counts by index: {0: 155, 1: 54}
[VAL epoch 16] Pred counts by index: {1: 209}
[VAL epoch 16] True counts by class:
  00 0: 155
  01 1: 54
[VAL epoch 16] Pred counts by class:
  01 1: 209
Epoch 016 | frozen=0 | train loss 0.3303 acc 0.5030 macro_f1 0.3347 weighted_f1 0.3367 | val loss 1.2840 acc 0.2584 macro_f1 0.2053 weighted_f1 0.1061
[VAL epoch 17] True counts by index: {0: 155, 1: 54}
[VAL epoch 17] Pred counts by index: {1: 208, 0: 1}
[VAL epoch 17] True counts by class:
  00 0: 155
  01 1: 54
[VAL epoch 17] Pred counts by class:
  00 0: 1
  01 1: 208
Epoch 017 | frozen=0 | train loss 0.3401 acc 0.4960 macro_f1 0.3315 weighted_f1 0.3289 | val loss 1.2826 acc 0.2536 macro_f1 0.2023 weighted_f1 0.1045
[VAL epoch 18] True counts by index: {0: 155, 1: 54}
[VAL epoch 18] Pred counts by index: {1: 209}
[VAL epoch 18] True counts by class:
  00 0: 155
  01 1: 54
[VAL epoch 18] Pred counts by class:
  01 1: 209
Epoch 018 | frozen=0 | train loss 0.3332 acc 0.4970 macro_f1 0.3320 weighted_f1 0.3300 | val loss 1.2077 acc 0.2584 macro_f1 0.2053 weighted_f1 0.1061
[VAL epoch 19] True counts by index: {0: 155, 1: 54}
[VAL epoch 19] Pred counts by index: {1: 209}
[VAL epoch 19] True counts by class:
  00 0: 155
  01 1: 54
[VAL epoch 19] Pred counts by class:
  01 1: 209
Epoch 019 | frozen=0 | train loss 0.3424 acc 0.4943 macro_f1 0.3308 weighted_f1 0.3270 | val loss 1.2469 acc 0.2584 macro_f1 0.2053 weighted_f1 0.1061
[VAL epoch 20] True counts by index: {0: 155, 1: 54}
[VAL epoch 20] Pred counts by index: {1: 209}
[VAL epoch 20] True counts by class:
  00 0: 155
  01 1: 54
[VAL epoch 20] Pred counts by class:
  01 1: 209
Epoch 020 | frozen=0 | train loss 0.3333 acc 0.5097 macro_f1 0.3376 weighted_f1 0.3442 | val loss 1.2581 acc 0.2584 macro_f1 0.2053 weighted_f1 0.1061
[VAL epoch 21] True counts by index: {0: 155, 1: 54}
[VAL epoch 21] Pred counts by index: {1: 209}
[VAL epoch 21] True counts by class:
  00 0: 155
  01 1: 54
[VAL epoch 21] Pred counts by class:
  01 1: 209
Epoch 021 | frozen=0 | train loss 0.3443 acc 0.4940 macro_f1 0.3312 weighted_f1 0.3270 | val loss 1.2226 acc 0.2584 macro_f1 0.2053 weighted_f1 0.1061
[VAL epoch 22] True counts by index: {0: 155, 1: 54}
[VAL epoch 22] Pred counts by index: {1: 208, 0: 1}
[VAL epoch 22] True counts by class:
  00 0: 155
  01 1: 54
[VAL epoch 22] Pred counts by class:
  00 0: 1
  01 1: 208
Epoch 022 | frozen=0 | train loss 0.3325 acc 0.5024 macro_f1 0.3356 weighted_f1 0.3367 | val loss 1.2517 acc 0.2536 macro_f1 0.2023 weighted_f1 0.1045
[VAL epoch 23] True counts by index: {0: 155, 1: 54}
[VAL epoch 23] Pred counts by index: {1: 209}
[VAL epoch 23] True counts by class:
  00 0: 155
  01 1: 54
[VAL epoch 23] Pred counts by class:
  01 1: 209
Epoch 023 | frozen=0 | train loss 0.3319 acc 0.5024 macro_f1 0.3344 weighted_f1 0.3360 | val loss 1.3162 acc 0.2584 macro_f1 0.2053 weighted_f1 0.1061
[VAL epoch 24] True counts by index: {0: 155, 1: 54}
[VAL epoch 24] Pred counts by index: {1: 209}
[VAL epoch 24] True counts by class:
  00 0: 155
  01 1: 54
[VAL epoch 24] Pred counts by class:
  01 1: 209
Epoch 024 | frozen=0 | train loss 0.3255 acc 0.5034 macro_f1 0.3354 weighted_f1 0.3374 | val loss 1.3037 acc 0.2584 macro_f1 0.2053 weighted_f1 0.1061
[VAL epoch 25] True counts by index: {0: 155, 1: 54}
[VAL epoch 25] Pred counts by index: {1: 209}
[VAL epoch 25] True counts by class:
  00 0: 155
  01 1: 54
[VAL epoch 25] Pred counts by class:
  01 1: 209
Epoch 025 | frozen=0 | train loss 0.3318 acc 0.4987 macro_f1 0.3327 weighted_f1 0.3318 | val loss 1.2728 acc 0.2584 macro_f1 0.2053 weighted_f1 0.1061
[VAL epoch 26] True counts by index: {0: 155, 1: 54}
[VAL epoch 26] Pred counts by index: {1: 208, 0: 1}
[VAL epoch 26] True counts by class:
  00 0: 155
  01 1: 54
[VAL epoch 26] Pred counts by class:
  00 0: 1
  01 1: 208
Epoch 026 | frozen=0 | train loss 0.3281 acc 0.5003 macro_f1 0.3335 weighted_f1 0.3337 | val loss 1.2442 acc 0.2536 macro_f1 0.2023 weighted_f1 0.1045
[VAL epoch 27] True counts by index: {0: 155, 1: 54}
[VAL epoch 27] Pred counts by index: {1: 209}
[VAL epoch 27] True counts by class:
  00 0: 155
  01 1: 54
[VAL epoch 27] Pred counts by class:
  01 1: 209
Epoch 027 | frozen=0 | train loss 0.3371 acc 0.4946 macro_f1 0.3309 weighted_f1 0.3274 | val loss 1.2481 acc 0.2584 macro_f1 0.2053 weighted_f1 0.1061
[VAL epoch 28] True counts by index: {0: 155, 1: 54}
[VAL epoch 28] Pred counts by index: {1: 209}
[VAL epoch 28] True counts by class:
  00 0: 155
  01 1: 54
[VAL epoch 28] Pred counts by class:
  01 1: 209
Epoch 028 | frozen=0 | train loss 0.3433 acc 0.4976 macro_f1 0.3323 weighted_f1 0.3307 | val loss 1.2852 acc 0.2584 macro_f1 0.2053 weighted_f1 0.1061
[VAL epoch 29] True counts by index: {0: 155, 1: 54}
[VAL epoch 29] Pred counts by index: {1: 209}
[VAL epoch 29] True counts by class:
  00 0: 155
  01 1: 54
[VAL epoch 29] Pred counts by class:
  01 1: 209
Epoch 029 | frozen=0 | train loss 0.3320 acc 0.5067 macro_f1 0.3369 weighted_f1 0.3412 | val loss 1.2456 acc 0.2584 macro_f1 0.2053 weighted_f1 0.1061
[VAL epoch 30] True counts by index: {0: 155, 1: 54}
[VAL epoch 30] Pred counts by index: {1: 209}
[VAL epoch 30] True counts by class:
  00 0: 155
  01 1: 54
[VAL epoch 30] Pred counts by class:
  01 1: 209
Epoch 030 | frozen=0 | train loss 0.3206 acc 0.5134 macro_f1 0.3399 weighted_f1 0.3487 | val loss 1.1959 acc 0.2584 macro_f1 0.2053 weighted_f1 0.1061
[VAL epoch 30] True counts by index: {0: 155, 1: 54}
[VAL epoch 30] Pred counts by index: {1: 209}
[VAL epoch 30] True counts by class:
  00 0: 155
  01 1: 54
[VAL epoch 30] Pred counts by class:
  01 1: 209
================================================================================
Phase 1.5 supervised fine-tuning completed
Best monitored metric: val_macro_f1 = 0.205323
Best epoch: 1
Saved best encoder: ./outputs/binary_resnet50_rgb_lowdata_112_filtered_cuda/phase1_encoder_best.pth
Saved last encoder: ./outputs/binary_resnet50_rgb_lowdata_112_filtered_cuda/phase1_encoder_last.pth
Elapsed: 877.7s
================================================================================
============================================================
Step 2: Evaluating low-data RGB classifier
============================================================
[INFO] Building TIFF index...
[INFO] Indexed TIFF folders: 22
[INFO] Indexed TIFF files  : 310
[INFO] Resolving TIFF paths for valid_points_val.shp...
[INFO] Resolved samples: 218
[INFO] Failed samples  : 0
Binary score diagnostics:
{
  "positive_class": "1",
  "positive_count": 55,
  "negative_count": 163,
  "positive_prevalence": 0.25229357798165136,
  "probability_column": "prob_1",
  "average_precision": 0.2521872682170285,
  "roc_auc": 0.45119910764082544,
  "score_summary_by_true_class": {
    "negative": {
      "count": 163.0,
      "mean": 0.8750628529,
      "std": 0.0513036863,
      "min": 0.6240941286,
      "25%": 0.8573226333,
      "50%": 0.880735755,
      "75%": 0.9014210701,
      "max": 0.9953312278
    },
    "positive": {
      "count": 55.0,
      "mean": 0.8710129012,
      "std": 0.0486405709,
      "min": 0.6240941286,
      "25%": 0.856030494,
      "50%": 0.8740273714,
      "75%": 0.8911830783,
      "max": 0.9525532722
    }
  },
  "positive_mean_minus_negative_mean": -0.00404995173897349
}
{
  "0": {
    "precision": 0.0,
    "recall": 0.0,
    "f1-score": 0.0,
    "support": 163.0
  },
  "1": {
    "precision": 0.25229357798165136,
    "recall": 1.0,
    "f1-score": 0.40293040293040294,
    "support": 55.0
  },
  "accuracy": 0.25229357798165136,
  "macro avg": {
    "precision": 0.12614678899082568,
    "recall": 0.5,
    "f1-score": 0.20146520146520147,
    "support": 218.0
  },
  "weighted avg": {
    "precision": 0.0636520494907836,
    "recall": 0.25229357798165136,
    "f1-score": 0.10165675303289982,
    "support": 218.0
  }
}
============================================================
Step 3: Tuning binary threshold
============================================================
Positive prevalence: 0.252294
All-positive F1 baseline: 0.402930
Average precision (PR-AUC): 0.252187
ROC-AUC: 0.451199
Best threshold by Shihuahuaco F1:
threshold                     0.690000
accuracy                      0.266055
precision_shihuahuaco         0.253521
recall_shihuahuaco            0.981818
f1_shihuahuaco                0.402985
pred_positive               213.000000
positive_prevalence           0.252294
f1_all_positive_baseline      0.402930
Name: 64, dtype: float64
============================================================
Job finished at: Wed  6 May 11:23:51 BST 2026
Training output   : ./outputs/binary_resnet50_rgb_lowdata_112_filtered_cuda
Evaluation output : ./outputs/phase2_classifier_binary_rgb_lowdata_112_filtered_cuda
Diagnostics       : ./outputs/phase2_classifier_binary_rgb_lowdata_112_filtered_cuda/binary_score_diagnostics.json
============================================================
