============================================================
Job started at: Wed  6 May 01:09:38 BST 2026
Running on node: gpu05.pri.stanage.alces.network
Python: /users/aca21jo/.conda/envs/lejepa_gpu/bin/python
Python 3.10.20
CUDA check:
Wed May  6 01:09:38 2026       
+-----------------------------------------------------------------------------------------+
| NVIDIA-SMI 550.163.01             Driver Version: 550.163.01     CUDA Version: 12.4     |
|-----------------------------------------+------------------------+----------------------+
| GPU  Name                 Persistence-M | Bus-Id          Disp.A | Volatile Uncorr. ECC |
| Fan  Temp   Perf          Pwr:Usage/Cap |           Memory-Usage | GPU-Util  Compute M. |
|                                         |                        |               MIG M. |
|=========================================+========================+======================|
|   0  NVIDIA A100-SXM4-80GB          On  |   00000000:C1:00.0 Off |                    0 |
| N/A   30C    P0             59W /  500W |       1MiB /  81920MiB |      0%      Default |
|                                         |                        |             Disabled |
+-----------------------------------------+------------------------+----------------------+
                                                                                         
+-----------------------------------------------------------------------------------------+
| Processes:                                                                              |
|  GPU   GI   CI        PID   Type   Process name                              GPU Memory |
|        ID   ID                                                               Usage      |
|=========================================================================================|
|  No running processes found                                                             |
+-----------------------------------------------------------------------------------------+
============================================================
Checking required inputs...
All required inputs found.
============================================================
Step 1: Training RGB binary classifier with balanced batches
============================================================
[INFO] Building TIFF index...
[INFO] Indexed TIFF folders: 22
[INFO] Indexed TIFF files  : 310
[INFO] Resolving TIFF paths for valid_points_train.shp...
[INFO] Resolved samples: 784
[INFO] Failed samples  : 0
[INFO] Saving 80 class-balanced debug patches to ./outputs/binary_resnet50_rgb_balanced_cuda/debug_patches/train
[INFO] Resolving TIFF paths for valid_points_val.shp...
[INFO] Resolved samples: 218
[INFO] Failed samples  : 0
[INFO] Saving 80 class-balanced debug patches to ./outputs/binary_resnet50_rgb_balanced_cuda/debug_patches/val
================================================================================
Phase 1.5 supervised fine-tuning setup
Classes: ['0', '1']
Train samples: 784
Val samples: 218
Coord mode: auto
AMP enabled: True
Class weights: True
Balanced sampler: True
Image mode: rgb
Debug patches: ./outputs/binary_resnet50_rgb_balanced_cuda/debug_patches
================================================================================
Class weights: [0.18622449040412903, 1.8137754201889038]
[VAL epoch 1] True counts by index: {0: 163, 1: 55}
[VAL epoch 1] Pred counts by index: {1: 218}
[VAL epoch 1] True counts by class:
  00 0: 163
  01 1: 55
[VAL epoch 1] Pred counts by class:
  01 1: 218
Epoch 001 | frozen=0 | train loss 0.5087 acc 0.5013 macro_f1 0.3574 weighted_f1 0.3644 | val loss 1.0995 acc 0.2523 macro_f1 0.2015 weighted_f1 0.1017
[INFO] Saved best checkpoint at epoch 1: val_macro_f1=0.201465
[VAL epoch 2] True counts by index: {0: 163, 1: 55}
[VAL epoch 2] Pred counts by index: {1: 218}
[VAL epoch 2] True counts by class:
  00 0: 163
  01 1: 55
[VAL epoch 2] Pred counts by class:
  01 1: 218
Epoch 002 | frozen=0 | train loss 0.4030 acc 0.4694 macro_f1 0.3194 weighted_f1 0.2999 | val loss 1.2977 acc 0.2523 macro_f1 0.2015 weighted_f1 0.1017
[VAL epoch 3] True counts by index: {0: 163, 1: 55}
[VAL epoch 3] Pred counts by index: {1: 218}
[VAL epoch 3] True counts by class:
  00 0: 163
  01 1: 55
[VAL epoch 3] Pred counts by class:
  01 1: 218
Epoch 003 | frozen=0 | train loss 0.3885 acc 0.5051 macro_f1 0.3356 weighted_f1 0.3390 | val loss 1.3885 acc 0.2523 macro_f1 0.2015 weighted_f1 0.1017
[VAL epoch 4] True counts by index: {0: 163, 1: 55}
[VAL epoch 4] Pred counts by index: {1: 218}
[VAL epoch 4] True counts by class:
  00 0: 163
  01 1: 55
[VAL epoch 4] Pred counts by class:
  01 1: 218
Epoch 004 | frozen=0 | train loss 0.3496 acc 0.5089 macro_f1 0.3373 weighted_f1 0.3433 | val loss 1.4280 acc 0.2523 macro_f1 0.2015 weighted_f1 0.1017
[VAL epoch 5] True counts by index: {0: 163, 1: 55}
[VAL epoch 5] Pred counts by index: {1: 218}
[VAL epoch 5] True counts by class:
  00 0: 163
  01 1: 55
[VAL epoch 5] Pred counts by class:
  01 1: 218
Epoch 005 | frozen=0 | train loss 0.3247 acc 0.5179 macro_f1 0.3412 weighted_f1 0.3534 | val loss 1.4873 acc 0.2523 macro_f1 0.2015 weighted_f1 0.1017
[VAL epoch 6] True counts by index: {0: 163, 1: 55}
[VAL epoch 6] Pred counts by index: {1: 218}
[VAL epoch 6] True counts by class:
  00 0: 163
  01 1: 55
[VAL epoch 6] Pred counts by class:
  01 1: 218
Epoch 006 | frozen=0 | train loss 0.3566 acc 0.4923 macro_f1 0.3299 weighted_f1 0.3249 | val loss 1.4656 acc 0.2523 macro_f1 0.2015 weighted_f1 0.1017
[VAL epoch 7] True counts by index: {0: 163, 1: 55}
[VAL epoch 7] Pred counts by index: {1: 218}
[VAL epoch 7] True counts by class:
  00 0: 163
  01 1: 55
[VAL epoch 7] Pred counts by class:
  01 1: 218
Epoch 007 | frozen=0 | train loss 0.3578 acc 0.4898 macro_f1 0.3288 weighted_f1 0.3221 | val loss 1.4536 acc 0.2523 macro_f1 0.2015 weighted_f1 0.1017
[VAL epoch 8] True counts by index: {0: 163, 1: 55}
[VAL epoch 8] Pred counts by index: {1: 218}
[VAL epoch 8] True counts by class:
  00 0: 163
  01 1: 55
[VAL epoch 8] Pred counts by class:
  01 1: 218
Epoch 008 | frozen=0 | train loss 0.3495 acc 0.4898 macro_f1 0.3288 weighted_f1 0.3221 | val loss 1.4545 acc 0.2523 macro_f1 0.2015 weighted_f1 0.1017
[VAL epoch 9] True counts by index: {0: 163, 1: 55}
[VAL epoch 9] Pred counts by index: {1: 218}
[VAL epoch 9] True counts by class:
  00 0: 163
  01 1: 55
[VAL epoch 9] Pred counts by class:
  01 1: 218
Epoch 009 | frozen=0 | train loss 0.3470 acc 0.4936 macro_f1 0.3305 weighted_f1 0.3263 | val loss 1.3957 acc 0.2523 macro_f1 0.2015 weighted_f1 0.1017
[VAL epoch 10] True counts by index: {0: 163, 1: 55}
[VAL epoch 10] Pred counts by index: {1: 218}
[VAL epoch 10] True counts by class:
  00 0: 163
  01 1: 55
[VAL epoch 10] Pred counts by class:
  01 1: 218
Epoch 010 | frozen=0 | train loss 0.3554 acc 0.4758 macro_f1 0.3224 weighted_f1 0.3068 | val loss 1.4211 acc 0.2523 macro_f1 0.2015 weighted_f1 0.1017
[VAL epoch 11] True counts by index: {0: 163, 1: 55}
[VAL epoch 11] Pred counts by index: {1: 218}
[VAL epoch 11] True counts by class:
  00 0: 163
  01 1: 55
[VAL epoch 11] Pred counts by class:
  01 1: 218
Epoch 011 | frozen=0 | train loss 0.3303 acc 0.4974 macro_f1 0.3322 weighted_f1 0.3305 | val loss 1.4365 acc 0.2523 macro_f1 0.2015 weighted_f1 0.1017
[VAL epoch 12] True counts by index: {0: 163, 1: 55}
[VAL epoch 12] Pred counts by index: {1: 218}
[VAL epoch 12] True counts by class:
  00 0: 163
  01 1: 55
[VAL epoch 12] Pred counts by class:
  01 1: 218
Epoch 012 | frozen=0 | train loss 0.3303 acc 0.5077 macro_f1 0.3367 weighted_f1 0.3419 | val loss 1.4261 acc 0.2523 macro_f1 0.2015 weighted_f1 0.1017
[VAL epoch 13] True counts by index: {0: 163, 1: 55}
[VAL epoch 13] Pred counts by index: {1: 218}
[VAL epoch 13] True counts by class:
  00 0: 163
  01 1: 55
[VAL epoch 13] Pred counts by class:
  01 1: 218
Epoch 013 | frozen=0 | train loss 0.3287 acc 0.5115 macro_f1 0.3384 weighted_f1 0.3462 | val loss 1.4377 acc 0.2523 macro_f1 0.2015 weighted_f1 0.1017
[VAL epoch 14] True counts by index: {0: 163, 1: 55}
[VAL epoch 14] Pred counts by index: {1: 218}
[VAL epoch 14] True counts by class:
  00 0: 163
  01 1: 55
[VAL epoch 14] Pred counts by class:
  01 1: 218
Epoch 014 | frozen=0 | train loss 0.3718 acc 0.5026 macro_f1 0.3345 weighted_f1 0.3362 | val loss 1.4436 acc 0.2523 macro_f1 0.2015 weighted_f1 0.1017
[VAL epoch 15] True counts by index: {0: 163, 1: 55}
[VAL epoch 15] Pred counts by index: {1: 218}
[VAL epoch 15] True counts by class:
  00 0: 163
  01 1: 55
[VAL epoch 15] Pred counts by class:
  01 1: 218
Epoch 015 | frozen=0 | train loss 0.3520 acc 0.4758 macro_f1 0.3224 weighted_f1 0.3068 | val loss 1.3965 acc 0.2523 macro_f1 0.2015 weighted_f1 0.1017
[VAL epoch 16] True counts by index: {0: 163, 1: 55}
[VAL epoch 16] Pred counts by index: {1: 218}
[VAL epoch 16] True counts by class:
  00 0: 163
  01 1: 55
[VAL epoch 16] Pred counts by class:
  01 1: 218
Epoch 016 | frozen=0 | train loss 0.3333 acc 0.4911 macro_f1 0.3293 weighted_f1 0.3235 | val loss 1.4175 acc 0.2523 macro_f1 0.2015 weighted_f1 0.1017
[VAL epoch 17] True counts by index: {0: 163, 1: 55}
[VAL epoch 17] Pred counts by index: {1: 218}
[VAL epoch 17] True counts by class:
  00 0: 163
  01 1: 55
[VAL epoch 17] Pred counts by class:
  01 1: 218
Epoch 017 | frozen=0 | train loss 0.3273 acc 0.5153 macro_f1 0.3401 weighted_f1 0.3505 | val loss 1.4171 acc 0.2523 macro_f1 0.2015 weighted_f1 0.1017
[VAL epoch 18] True counts by index: {0: 163, 1: 55}
[VAL epoch 18] Pred counts by index: {1: 218}
[VAL epoch 18] True counts by class:
  00 0: 163
  01 1: 55
[VAL epoch 18] Pred counts by class:
  01 1: 218
Epoch 018 | frozen=0 | train loss 0.3922 acc 0.4439 macro_f1 0.3074 weighted_f1 0.2729 | val loss 1.3854 acc 0.2523 macro_f1 0.2015 weighted_f1 0.1017
[VAL epoch 19] True counts by index: {0: 163, 1: 55}
[VAL epoch 19] Pred counts by index: {1: 218}
[VAL epoch 19] True counts by class:
  00 0: 163
  01 1: 55
[VAL epoch 19] Pred counts by class:
  01 1: 218
Epoch 019 | frozen=0 | train loss 0.3475 acc 0.4898 macro_f1 0.3288 weighted_f1 0.3221 | val loss 1.3875 acc 0.2523 macro_f1 0.2015 weighted_f1 0.1017
[VAL epoch 20] True counts by index: {0: 163, 1: 55}
[VAL epoch 20] Pred counts by index: {1: 218}
[VAL epoch 20] True counts by class:
  00 0: 163
  01 1: 55
[VAL epoch 20] Pred counts by class:
  01 1: 218
Epoch 020 | frozen=0 | train loss 0.3496 acc 0.4732 macro_f1 0.3212 weighted_f1 0.3040 | val loss 1.4216 acc 0.2523 macro_f1 0.2015 weighted_f1 0.1017
[VAL epoch 21] True counts by index: {0: 163, 1: 55}
[VAL epoch 21] Pred counts by index: {1: 218}
[VAL epoch 21] True counts by class:
  00 0: 163
  01 1: 55
[VAL epoch 21] Pred counts by class:
  01 1: 218
Epoch 021 | frozen=0 | train loss 0.3108 acc 0.5242 macro_f1 0.3439 weighted_f1 0.3606 | val loss 1.3956 acc 0.2523 macro_f1 0.2015 weighted_f1 0.1017
[VAL epoch 22] True counts by index: {0: 163, 1: 55}
[VAL epoch 22] Pred counts by index: {1: 218}
[VAL epoch 22] True counts by class:
  00 0: 163
  01 1: 55
[VAL epoch 22] Pred counts by class:
  01 1: 218
Epoch 022 | frozen=0 | train loss 0.3121 acc 0.5281 macro_f1 0.3456 weighted_f1 0.3650 | val loss 1.4501 acc 0.2523 macro_f1 0.2015 weighted_f1 0.1017
[VAL epoch 23] True counts by index: {0: 163, 1: 55}
[VAL epoch 23] Pred counts by index: {1: 218}
[VAL epoch 23] True counts by class:
  00 0: 163
  01 1: 55
[VAL epoch 23] Pred counts by class:
  01 1: 218
Epoch 023 | frozen=0 | train loss 0.3481 acc 0.4898 macro_f1 0.3288 weighted_f1 0.3221 | val loss 1.4070 acc 0.2523 macro_f1 0.2015 weighted_f1 0.1017
[VAL epoch 24] True counts by index: {0: 163, 1: 55}
[VAL epoch 24] Pred counts by index: {1: 218}
[VAL epoch 24] True counts by class:
  00 0: 163
  01 1: 55
[VAL epoch 24] Pred counts by class:
  01 1: 218
Epoch 024 | frozen=0 | train loss 0.3645 acc 0.5153 macro_f1 0.3401 weighted_f1 0.3505 | val loss 1.4003 acc 0.2523 macro_f1 0.2015 weighted_f1 0.1017
[VAL epoch 25] True counts by index: {0: 163, 1: 55}
[VAL epoch 25] Pred counts by index: {1: 218}
[VAL epoch 25] True counts by class:
  00 0: 163
  01 1: 55
[VAL epoch 25] Pred counts by class:
  01 1: 218
Epoch 025 | frozen=0 | train loss 0.3661 acc 0.4681 macro_f1 0.3189 weighted_f1 0.2985 | val loss 1.4221 acc 0.2523 macro_f1 0.2015 weighted_f1 0.1017
[VAL epoch 26] True counts by index: {0: 163, 1: 55}
[VAL epoch 26] Pred counts by index: {1: 218}
[VAL epoch 26] True counts by class:
  00 0: 163
  01 1: 55
[VAL epoch 26] Pred counts by class:
  01 1: 218
Epoch 026 | frozen=0 | train loss 0.3565 acc 0.4911 macro_f1 0.3293 weighted_f1 0.3235 | val loss 1.3561 acc 0.2523 macro_f1 0.2015 weighted_f1 0.1017
[VAL epoch 27] True counts by index: {0: 163, 1: 55}
[VAL epoch 27] Pred counts by index: {1: 218}
[VAL epoch 27] True counts by class:
  00 0: 163
  01 1: 55
[VAL epoch 27] Pred counts by class:
  01 1: 218
Epoch 027 | frozen=0 | train loss 0.3802 acc 0.4872 macro_f1 0.3276 weighted_f1 0.3193 | val loss 1.4194 acc 0.2523 macro_f1 0.2015 weighted_f1 0.1017
[VAL epoch 28] True counts by index: {0: 163, 1: 55}
[VAL epoch 28] Pred counts by index: {1: 218}
[VAL epoch 28] True counts by class:
  00 0: 163
  01 1: 55
[VAL epoch 28] Pred counts by class:
  01 1: 218
Epoch 028 | frozen=0 | train loss 0.3159 acc 0.5242 macro_f1 0.3439 weighted_f1 0.3606 | val loss 1.4241 acc 0.2523 macro_f1 0.2015 weighted_f1 0.1017
[VAL epoch 29] True counts by index: {0: 163, 1: 55}
[VAL epoch 29] Pred counts by index: {1: 218}
[VAL epoch 29] True counts by class:
  00 0: 163
  01 1: 55
[VAL epoch 29] Pred counts by class:
  01 1: 218
Epoch 029 | frozen=0 | train loss 0.3526 acc 0.4872 macro_f1 0.3276 weighted_f1 0.3193 | val loss 1.3825 acc 0.2523 macro_f1 0.2015 weighted_f1 0.1017
[VAL epoch 30] True counts by index: {0: 163, 1: 55}
[VAL epoch 30] Pred counts by index: {1: 218}
[VAL epoch 30] True counts by class:
  00 0: 163
  01 1: 55
[VAL epoch 30] Pred counts by class:
  01 1: 218
Epoch 030 | frozen=0 | train loss 0.3536 acc 0.5115 macro_f1 0.3384 weighted_f1 0.3462 | val loss 1.3981 acc 0.2523 macro_f1 0.2015 weighted_f1 0.1017
[VAL epoch 31] True counts by index: {0: 163, 1: 55}
[VAL epoch 31] Pred counts by index: {1: 218}
[VAL epoch 31] True counts by class:
  00 0: 163
  01 1: 55
[VAL epoch 31] Pred counts by class:
  01 1: 218
Epoch 031 | frozen=0 | train loss 0.3572 acc 0.4872 macro_f1 0.3276 weighted_f1 0.3193 | val loss 1.4118 acc 0.2523 macro_f1 0.2015 weighted_f1 0.1017
[VAL epoch 32] True counts by index: {0: 163, 1: 55}
[VAL epoch 32] Pred counts by index: {1: 218}
[VAL epoch 32] True counts by class:
  00 0: 163
  01 1: 55
[VAL epoch 32] Pred counts by class:
  01 1: 218
Epoch 032 | frozen=0 | train loss 0.3055 acc 0.5191 macro_f1 0.3417 weighted_f1 0.3548 | val loss 1.4285 acc 0.2523 macro_f1 0.2015 weighted_f1 0.1017
[VAL epoch 33] True counts by index: {0: 163, 1: 55}
[VAL epoch 33] Pred counts by index: {1: 218}
[VAL epoch 33] True counts by class:
  00 0: 163
  01 1: 55
[VAL epoch 33] Pred counts by class:
  01 1: 218
Epoch 033 | frozen=0 | train loss 0.3433 acc 0.4923 macro_f1 0.3299 weighted_f1 0.3249 | val loss 1.3951 acc 0.2523 macro_f1 0.2015 weighted_f1 0.1017
[VAL epoch 34] True counts by index: {0: 163, 1: 55}
[VAL epoch 34] Pred counts by index: {1: 218}
[VAL epoch 34] True counts by class:
  00 0: 163
  01 1: 55
[VAL epoch 34] Pred counts by class:
  01 1: 218
Epoch 034 | frozen=0 | train loss 0.3203 acc 0.5089 macro_f1 0.3373 weighted_f1 0.3433 | val loss 1.4017 acc 0.2523 macro_f1 0.2015 weighted_f1 0.1017
[VAL epoch 35] True counts by index: {0: 163, 1: 55}
[VAL epoch 35] Pred counts by index: {1: 218}
[VAL epoch 35] True counts by class:
  00 0: 163
  01 1: 55
[VAL epoch 35] Pred counts by class:
  01 1: 218
Epoch 035 | frozen=0 | train loss 0.3763 acc 0.4656 macro_f1 0.3177 weighted_f1 0.2958 | val loss 1.4122 acc 0.2523 macro_f1 0.2015 weighted_f1 0.1017
[VAL epoch 36] True counts by index: {0: 163, 1: 55}
[VAL epoch 36] Pred counts by index: {1: 218}
[VAL epoch 36] True counts by class:
  00 0: 163
  01 1: 55
[VAL epoch 36] Pred counts by class:
  01 1: 218
Epoch 036 | frozen=0 | train loss 0.3277 acc 0.5064 macro_f1 0.3362 weighted_f1 0.3404 | val loss 1.4155 acc 0.2523 macro_f1 0.2015 weighted_f1 0.1017
[VAL epoch 37] True counts by index: {0: 163, 1: 55}
[VAL epoch 37] Pred counts by index: {1: 218}
[VAL epoch 37] True counts by class:
  00 0: 163
  01 1: 55
[VAL epoch 37] Pred counts by class:
  01 1: 218
Epoch 037 | frozen=0 | train loss 0.3424 acc 0.4847 macro_f1 0.3265 weighted_f1 0.3165 | val loss 1.3536 acc 0.2523 macro_f1 0.2015 weighted_f1 0.1017
[VAL epoch 38] True counts by index: {0: 163, 1: 55}
[VAL epoch 38] Pred counts by index: {1: 218}
[VAL epoch 38] True counts by class:
  00 0: 163
  01 1: 55
[VAL epoch 38] Pred counts by class:
  01 1: 218
Epoch 038 | frozen=0 | train loss 0.3372 acc 0.4885 macro_f1 0.3282 weighted_f1 0.3207 | val loss 1.4040 acc 0.2523 macro_f1 0.2015 weighted_f1 0.1017
[VAL epoch 39] True counts by index: {0: 163, 1: 55}
[VAL epoch 39] Pred counts by index: {1: 218}
[VAL epoch 39] True counts by class:
  00 0: 163
  01 1: 55
[VAL epoch 39] Pred counts by class:
  01 1: 218
Epoch 039 | frozen=0 | train loss 0.3420 acc 0.4936 macro_f1 0.3305 weighted_f1 0.3263 | val loss 1.4259 acc 0.2523 macro_f1 0.2015 weighted_f1 0.1017
[VAL epoch 40] True counts by index: {0: 163, 1: 55}
[VAL epoch 40] Pred counts by index: {1: 218}
[VAL epoch 40] True counts by class:
  00 0: 163
  01 1: 55
[VAL epoch 40] Pred counts by class:
  01 1: 218
Epoch 040 | frozen=0 | train loss 0.3528 acc 0.4809 macro_f1 0.3247 weighted_f1 0.3123 | val loss 1.4171 acc 0.2523 macro_f1 0.2015 weighted_f1 0.1017
[VAL epoch 40] True counts by index: {0: 163, 1: 55}
[VAL epoch 40] Pred counts by index: {1: 218}
[VAL epoch 40] True counts by class:
  00 0: 163
  01 1: 55
[VAL epoch 40] Pred counts by class:
  01 1: 218
================================================================================
Phase 1.5 supervised fine-tuning completed
Best monitored metric: val_macro_f1 = 0.201465
Best epoch: 1
Saved best encoder: ./outputs/binary_resnet50_rgb_balanced_cuda/phase1_encoder_best.pth
Saved last encoder: ./outputs/binary_resnet50_rgb_balanced_cuda/phase1_encoder_last.pth
Elapsed: 689.4s
================================================================================
============================================================
Step 2: Evaluating RGB classifier
============================================================
[INFO] Building TIFF index...
[INFO] Indexed TIFF folders: 22
[INFO] Indexed TIFF files  : 310
[INFO] Resolving TIFF paths for valid_points_val.shp...
[INFO] Resolved samples: 218
[INFO] Failed samples  : 0
Binary score diagnostics:
{
  "positive_class": "1",
  "positive_count": 55,
  "negative_count": 163,
  "positive_prevalence": 0.25229357798165136,
  "probability_column": "prob_1",
  "average_precision": 0.3113565405377511,
  "roc_auc": 0.546793084216397,
  "score_summary_by_true_class": {
    "negative": {
      "count": 163.0,
      "mean": 0.7819045618,
      "std": 0.0371672121,
      "min": 0.6424598098,
      "25%": 0.7591335177,
      "50%": 0.7844250202,
      "75%": 0.8055797815,
      "max": 0.8490618467
    },
    "positive": {
      "count": 55.0,
      "mean": 0.7890662713,
      "std": 0.0379731929,
      "min": 0.6424598098,
      "25%": 0.7714957595,
      "50%": 0.7929401398,
      "75%": 0.8082049489,
      "max": 0.8863174915
    }
  },
  "positive_mean_minus_negative_mean": 0.007161709594779797
}
{
  "0": {
    "precision": 0.0,
    "recall": 0.0,
    "f1-score": 0.0,
    "support": 163.0
  },
  "1": {
    "precision": 0.25229357798165136,
    "recall": 1.0,
    "f1-score": 0.40293040293040294,
    "support": 55.0
  },
  "accuracy": 0.25229357798165136,
  "macro avg": {
    "precision": 0.12614678899082568,
    "recall": 0.5,
    "f1-score": 0.20146520146520147,
    "support": 218.0
  },
  "weighted avg": {
    "precision": 0.0636520494907836,
    "recall": 0.25229357798165136,
    "f1-score": 0.10165675303289982,
    "support": 218.0
  }
}
============================================================
Step 3: Tuning binary threshold
============================================================
Positive prevalence: 0.252294
All-positive F1 baseline: 0.402930
Average precision (PR-AUC): 0.311357
ROC-AUC: 0.546793
Best threshold by Shihuahuaco F1:
threshold                     0.760000
accuracy                      0.403670
precision_shihuahuaco         0.275449
recall_shihuahuaco            0.836364
f1_shihuahuaco                0.414414
pred_positive               167.000000
positive_prevalence           0.252294
f1_all_positive_baseline      0.402930
Name: 71, dtype: float64
============================================================
Job finished at: Wed  6 May 01:22:34 BST 2026
Training output   : ./outputs/binary_resnet50_rgb_balanced_cuda
Evaluation output : ./outputs/phase2_classifier_binary_rgb_balanced_cuda
Diagnostics       : ./outputs/phase2_classifier_binary_rgb_balanced_cuda/binary_score_diagnostics.json
============================================================
