Using Python from: /users/acb20si/.conda/envs/lejepa/bin/python
Python 3.11.13
====================================================================================================
Recursive TIFF scan
Train root        : /mnt/parscratch/users/acb20si/2025_Forge/OSINFOR_data/01. Ortomosaicos/2023
Found TIFF files  : 179
====================================================================================================
First 10 TIFF files:
  /mnt/parscratch/users/acb20si/2025_Forge/OSINFOR_data/01. Ortomosaicos/2023/2023-01/25-PUC-C-DE-CPC-002-12_18032023_001_idw_transparent_mosaic_group1.tif
  /mnt/parscratch/users/acb20si/2025_Forge/OSINFOR_data/01. Ortomosaicos/2023/2023-01/25-PUC-C-DE-CPC-002-12_20032023_003_IDW_transparent_mosaic_group1.tif
  /mnt/parscratch/users/acb20si/2025_Forge/OSINFOR_data/01. Ortomosaicos/2023/2023-01/25-PUC-C-DE-CPC-002-12_23032023_004_idw_transparent_mosaic_group1.tif
  /mnt/parscratch/users/acb20si/2025_Forge/OSINFOR_data/01. Ortomosaicos/2023/2023-01/25-PUC-C-DE-CPC-002-12_26032023_002_idw_transparent_mosaic_group1.tif
  /mnt/parscratch/users/acb20si/2025_Forge/OSINFOR_data/01. Ortomosaicos/2023/2023-01/25-PUC-C-DE-CPC-002-12_26032023_005_idw_transparent_mosaic_group1.tif
  /mnt/parscratch/users/acb20si/2025_Forge/OSINFOR_data/01. Ortomosaicos/2023/2023-01/25-PUC-C-DE-CPC-002-12_26032023_006_idw_transparent_mosaic_group1.tif
  /mnt/parscratch/users/acb20si/2025_Forge/OSINFOR_data/01. Ortomosaicos/2023/2023-01/25-PUC-C-DE-CPC-002-12_26032023_007_idw_transparent_mosaic_group1.tif
  /mnt/parscratch/users/acb20si/2025_Forge/OSINFOR_data/01. Ortomosaicos/2023/2023-02/06-CAJ-PER-FMC-2021-001_02042023_01_IDW_transparent_mosaic_group1.tif
  /mnt/parscratch/users/acb20si/2025_Forge/OSINFOR_data/01. Ortomosaicos/2023/2023-02/06-CAJ-PER-FMC-2021-001_03042023_02_IDW_transparent_mosaic_group1.tif
  /mnt/parscratch/users/acb20si/2025_Forge/OSINFOR_data/01. Ortomosaicos/2023/2023-02/06-CAJ-PER-FMC-2021-001_03042023_03_IDW_transparent_mosaic_group1.tif
====================================================================================================
[WARN] Skipping unreadable TIFF in training set: /mnt/parscratch/users/acb20si/2025_Forge/OSINFOR_data/01. Ortomosaicos/2023/2023-19/25-PUCC-DE-CPC001-13_25102023_001_orto_pv17_idw_transparent_mosaic_group1.tif
[WARN] Skipping unreadable TIFF in extraction set: /mnt/parscratch/users/acb20si/2025_Forge/OSINFOR_data/01. Ortomosaicos/2023/2023-19/25-PUCC-DE-CPC001-13_25102023_001_orto_pv17_idw_transparent_mosaic_group1.tif | 25-PUCC-DE-CPC001-13_25102023_001_orto_pv17_idw_transparent_mosaic_group1.tif: TIFFReadDirectory:Failed to read directory at offset 1529645938
====================================================================================================
Phase 1 started
Backbone              : resnet50
Pretrained backbone   : True
Device                : cuda
AMP enabled           : True
Train TIFF files      : 179
Patches per image     : 10
Train samples         : 1780
SSL epochs            : 100
Patch size            : 224
Global image size     : 224
Local image size      : 224
Extraction enabled    : True
Extraction stride     : 1024
Extraction samples    : 3560
====================================================================================================
[SSL][Epoch 1/100] total=19.3716 align=0.0035 var=0.6441 cov=2.3034 slice=0.9617 proxy_eval=19.2657 lr=3.33e-04
[INFO] Saved best checkpoint: proxy_loss=19.265692
[SSL][Epoch 2/100] total=19.1637 align=0.0036 var=0.6333 cov=2.3842 slice=0.9446 proxy_eval=19.5097 lr=5.00e-04
[SSL][Epoch 3/100] total=19.3117 align=0.0036 var=0.6388 cov=2.3831 slice=0.9562 proxy_eval=20.1372 lr=5.00e-04
[SSL][Epoch 4/100] total=19.0210 align=0.0037 var=0.6263 cov=2.4090 slice=0.9496 proxy_eval=20.3444 lr=5.00e-04
[SSL][Epoch 5/100] total=18.7516 align=0.0038 var=0.6155 cov=2.4236 slice=0.9357 proxy_eval=20.2429 lr=4.99e-04
[SSL][Epoch 6/100] total=18.6177 align=0.0038 var=0.6096 cov=2.4446 slice=0.9285 proxy_eval=20.8900 lr=4.99e-04
[SSL][Epoch 7/100] total=18.5441 align=0.0038 var=0.6056 cov=2.4765 slice=0.9247 proxy_eval=21.3878 lr=4.98e-04
[SSL][Epoch 8/100] total=18.5207 align=0.0038 var=0.6049 cov=2.4735 slice=0.9215 proxy_eval=20.1708 lr=4.97e-04
[SSL][Epoch 9/100] total=18.5366 align=0.0039 var=0.6063 cov=2.4530 slice=0.9228 proxy_eval=21.5986 lr=4.95e-04
[SSL][Epoch 10/100] total=18.5221 align=0.0039 var=0.6054 cov=2.4610 slice=0.9214 proxy_eval=21.2582 lr=4.94e-04
[SSL][Epoch 11/100] total=18.4862 align=0.0039 var=0.6035 cov=2.4754 slice=0.9206 proxy_eval=20.2569 lr=4.92e-04
[SSL][Epoch 12/100] total=18.4603 align=0.0039 var=0.6024 cov=2.4772 slice=0.9198 proxy_eval=20.7006 lr=4.89e-04
[SSL][Epoch 13/100] total=18.4777 align=0.0039 var=0.6025 cov=2.4916 slice=0.9198 proxy_eval=20.4175 lr=4.87e-04
[SSL][Epoch 14/100] total=18.4498 align=0.0039 var=0.6014 cov=2.4906 slice=0.9199 proxy_eval=20.6853 lr=4.84e-04
[SSL][Epoch 15/100] total=18.4677 align=0.0039 var=0.6026 cov=2.4786 slice=0.9197 proxy_eval=20.5998 lr=4.81e-04
[SSL][Epoch 16/100] total=18.4715 align=0.0039 var=0.6032 cov=2.4679 slice=0.9197 proxy_eval=20.7200 lr=4.78e-04
[SSL][Epoch 17/100] total=18.4605 align=0.0039 var=0.6018 cov=2.4914 slice=0.9191 proxy_eval=20.5267 lr=4.75e-04
[SSL][Epoch 18/100] total=18.4549 align=0.0039 var=0.6021 cov=2.4804 slice=0.9189 proxy_eval=20.5234 lr=4.71e-04
[SSL][Epoch 19/100] total=18.4550 align=0.0038 var=0.6018 cov=2.4855 slice=0.9196 proxy_eval=21.0641 lr=4.67e-04
[SSL][Epoch 20/100] total=18.4391 align=0.0038 var=0.6012 cov=2.4871 slice=0.9191 proxy_eval=20.4555 lr=4.63e-04
[SSL][Epoch 21/100] total=18.4515 align=0.0038 var=0.6015 cov=2.4904 slice=0.9189 proxy_eval=20.7257 lr=4.59e-04
[SSL][Epoch 22/100] total=18.4258 align=0.0039 var=0.6007 cov=2.4844 slice=0.9188 proxy_eval=20.5894 lr=4.54e-04
[SSL][Epoch 23/100] total=18.4456 align=0.0038 var=0.6018 cov=2.4778 slice=0.9190 proxy_eval=20.7748 lr=4.49e-04
[SSL][Epoch 24/100] total=18.4586 align=0.0039 var=0.6017 cov=2.4936 slice=0.9197 proxy_eval=21.7540 lr=4.44e-04
[SSL][Epoch 25/100] total=18.4602 align=0.0039 var=0.6021 cov=2.4858 slice=0.9194 proxy_eval=21.2380 lr=4.39e-04
[SSL][Epoch 26/100] total=18.4730 align=0.0039 var=0.6029 cov=2.4784 slice=0.9195 proxy_eval=20.8343 lr=4.34e-04
[SSL][Epoch 27/100] total=18.4617 align=0.0039 var=0.6025 cov=2.4763 slice=0.9191 proxy_eval=20.8672 lr=4.28e-04
[SSL][Epoch 28/100] total=18.4753 align=0.0039 var=0.6036 cov=2.4624 slice=0.9198 proxy_eval=20.8711 lr=4.23e-04
[SSL][Epoch 29/100] total=18.4622 align=0.0039 var=0.6023 cov=2.4815 slice=0.9190 proxy_eval=21.4190 lr=4.17e-04
[SSL][Epoch 30/100] total=18.4333 align=0.0039 var=0.6010 cov=2.4852 slice=0.9185 proxy_eval=20.7358 lr=4.10e-04
[SSL][Epoch 31/100] total=18.4531 align=0.0039 var=0.6026 cov=2.4663 slice=0.9190 proxy_eval=20.6545 lr=4.04e-04
[SSL][Epoch 32/100] total=18.4390 align=0.0039 var=0.6012 cov=2.4861 slice=0.9187 proxy_eval=21.3894 lr=3.98e-04
[SSL][Epoch 33/100] total=18.4592 align=0.0039 var=0.6018 cov=2.4925 slice=0.9189 proxy_eval=21.1887 lr=3.91e-04
[SSL][Epoch 34/100] total=18.4500 align=0.0039 var=0.6017 cov=2.4837 slice=0.9191 proxy_eval=20.8609 lr=3.84e-04
[SSL][Epoch 35/100] total=18.4660 align=0.0038 var=0.6027 cov=2.4754 slice=0.9199 proxy_eval=20.9922 lr=3.77e-04
[SSL][Epoch 36/100] total=18.4569 align=0.0039 var=0.6022 cov=2.4791 slice=0.9192 proxy_eval=20.5420 lr=3.70e-04
[SSL][Epoch 37/100] total=18.4478 align=0.0039 var=0.6020 cov=2.4756 slice=0.9192 proxy_eval=21.7361 lr=3.63e-04
[SSL][Epoch 38/100] total=18.4815 align=0.0039 var=0.6031 cov=2.4807 slice=0.9195 proxy_eval=22.0855 lr=3.56e-04
[SSL][Epoch 39/100] total=18.4400 align=0.0039 var=0.6016 cov=2.4786 slice=0.9188 proxy_eval=20.7839 lr=3.49e-04
[SSL][Epoch 40/100] total=18.4292 align=0.0039 var=0.6007 cov=2.4881 slice=0.9186 proxy_eval=21.2829 lr=3.41e-04
[SSL][Epoch 41/100] total=18.4217 align=0.0039 var=0.6006 cov=2.4853 slice=0.9187 proxy_eval=21.0866 lr=3.34e-04
[SSL][Epoch 42/100] total=18.4283 align=0.0039 var=0.6012 cov=2.4758 slice=0.9188 proxy_eval=23.5278 lr=3.26e-04
[SSL][Epoch 43/100] total=18.4354 align=0.0039 var=0.6013 cov=2.4813 slice=0.9187 proxy_eval=21.1914 lr=3.18e-04
[SSL][Epoch 44/100] total=18.4214 align=0.0039 var=0.6002 cov=2.4933 slice=0.9186 proxy_eval=21.4462 lr=3.10e-04
[SSL][Epoch 45/100] total=18.4409 align=0.0038 var=0.6012 cov=2.4876 slice=0.9189 proxy_eval=22.1742 lr=3.02e-04
[SSL][Epoch 46/100] total=18.4167 align=0.0038 var=0.6000 cov=2.4943 slice=0.9187 proxy_eval=21.5806 lr=2.95e-04
[SSL][Epoch 47/100] total=18.4393 align=0.0038 var=0.6014 cov=2.4816 slice=0.9187 proxy_eval=21.9031 lr=2.87e-04
[SSL][Epoch 48/100] total=18.4211 align=0.0039 var=0.6008 cov=2.4784 slice=0.9186 proxy_eval=21.8877 lr=2.79e-04
[SSL][Epoch 49/100] total=18.4227 align=0.0038 var=0.6006 cov=2.4851 slice=0.9188 proxy_eval=20.9653 lr=2.70e-04
[SSL][Epoch 50/100] total=18.4217 align=0.0038 var=0.6001 cov=2.4967 slice=0.9187 proxy_eval=21.9194 lr=2.62e-04
[SSL][Epoch 51/100] total=18.4219 align=0.0039 var=0.6005 cov=2.4863 slice=0.9188 proxy_eval=22.0012 lr=2.54e-04
[SSL][Epoch 52/100] total=18.4303 align=0.0039 var=0.6008 cov=2.4866 slice=0.9189 proxy_eval=22.1374 lr=2.46e-04
[SSL][Epoch 53/100] total=18.4239 align=0.0039 var=0.6006 cov=2.4876 slice=0.9187 proxy_eval=20.8924 lr=2.38e-04
[SSL][Epoch 54/100] total=18.4288 align=0.0039 var=0.6009 cov=2.4836 slice=0.9185 proxy_eval=23.4091 lr=2.30e-04
[SSL][Epoch 55/100] total=18.4130 align=0.0039 var=0.5998 cov=2.4960 slice=0.9185 proxy_eval=21.5976 lr=2.22e-04
[SSL][Epoch 56/100] total=18.4321 align=0.0039 var=0.6006 cov=2.4960 slice=0.9186 proxy_eval=23.0016 lr=2.14e-04
[SSL][Epoch 57/100] total=18.4002 align=0.0039 var=0.5991 cov=2.4997 slice=0.9184 proxy_eval=22.1367 lr=2.06e-04
[SSL][Epoch 58/100] total=18.4045 align=0.0039 var=0.5994 cov=2.4979 slice=0.9183 proxy_eval=20.9561 lr=1.98e-04
[SSL][Epoch 59/100] total=18.3907 align=0.0039 var=0.5985 cov=2.5059 slice=0.9182 proxy_eval=22.0099 lr=1.90e-04
[SSL][Epoch 60/100] total=18.3902 align=0.0039 var=0.5987 cov=2.5004 slice=0.9182 proxy_eval=21.6589 lr=1.82e-04
[SSL][Epoch 61/100] total=18.4041 align=0.0039 var=0.5992 cov=2.5024 slice=0.9182 proxy_eval=21.5902 lr=1.75e-04
[SSL][Epoch 62/100] total=18.4077 align=0.0039 var=0.5997 cov=2.4942 slice=0.9183 proxy_eval=22.1933 lr=1.67e-04
[SSL][Epoch 63/100] total=18.4078 align=0.0039 var=0.5995 cov=2.4978 slice=0.9183 proxy_eval=21.3104 lr=1.59e-04
[SSL][Epoch 64/100] total=18.4238 align=0.0039 var=0.6005 cov=2.4894 slice=0.9184 proxy_eval=21.3837 lr=1.52e-04
[SSL][Epoch 65/100] total=18.3921 align=0.0039 var=0.5986 cov=2.5047 slice=0.9181 proxy_eval=21.4054 lr=1.44e-04
[SSL][Epoch 66/100] total=18.3928 align=0.0039 var=0.5986 cov=2.5052 slice=0.9182 proxy_eval=21.1025 lr=1.37e-04
[SSL][Epoch 67/100] total=18.4014 align=0.0039 var=0.5992 cov=2.4993 slice=0.9182 proxy_eval=21.3450 lr=1.30e-04
[SSL][Epoch 68/100] total=18.4080 align=0.0039 var=0.5994 cov=2.5005 slice=0.9183 proxy_eval=21.7492 lr=1.23e-04
[SSL][Epoch 69/100] total=18.4128 align=0.0039 var=0.5996 cov=2.5008 slice=0.9184 proxy_eval=21.2380 lr=1.16e-04
[SSL][Epoch 70/100] total=18.4104 align=0.0039 var=0.5997 cov=2.4946 slice=0.9183 proxy_eval=21.2386 lr=1.09e-04
[SSL][Epoch 71/100] total=18.3918 align=0.0039 var=0.5985 cov=2.5065 slice=0.9181 proxy_eval=21.0033 lr=1.03e-04
[SSL][Epoch 72/100] total=18.4019 align=0.0039 var=0.5993 cov=2.4973 slice=0.9181 proxy_eval=21.9052 lr=9.63e-05
[SSL][Epoch 73/100] total=18.3839 align=0.0039 var=0.5982 cov=2.5078 slice=0.9181 proxy_eval=21.4132 lr=9.01e-05
[SSL][Epoch 74/100] total=18.3836 align=0.0039 var=0.5983 cov=2.5050 slice=0.9181 proxy_eval=21.3700 lr=8.39e-05
[SSL][Epoch 75/100] total=18.4122 align=0.0039 var=0.5998 cov=2.4955 slice=0.9182 proxy_eval=20.9106 lr=7.80e-05
[SSL][Epoch 76/100] total=18.3918 align=0.0039 var=0.5985 cov=2.5075 slice=0.9181 proxy_eval=20.9744 lr=7.22e-05
[SSL][Epoch 77/100] total=18.3912 align=0.0039 var=0.5986 cov=2.5056 slice=0.9181 proxy_eval=21.7349 lr=6.66e-05
[SSL][Epoch 78/100] total=18.3898 align=0.0039 var=0.5985 cov=2.5060 slice=0.9180 proxy_eval=21.7745 lr=6.13e-05
[SSL][Epoch 79/100] total=18.3961 align=0.0038 var=0.5988 cov=2.5035 slice=0.9180 proxy_eval=22.3829 lr=5.61e-05
[SSL][Epoch 80/100] total=18.3980 align=0.0038 var=0.5991 cov=2.5002 slice=0.9181 proxy_eval=21.9927 lr=5.11e-05
[SSL][Epoch 81/100] total=18.3909 align=0.0038 var=0.5985 cov=2.5057 slice=0.9181 proxy_eval=22.1917 lr=4.63e-05
[SSL][Epoch 82/100] total=18.3768 align=0.0038 var=0.5977 cov=2.5130 slice=0.9180 proxy_eval=21.2926 lr=4.18e-05
[SSL][Epoch 83/100] total=18.3959 align=0.0038 var=0.5989 cov=2.5022 slice=0.9181 proxy_eval=20.7585 lr=3.74e-05
[SSL][Epoch 84/100] total=18.3833 align=0.0038 var=0.5981 cov=2.5080 slice=0.9181 proxy_eval=21.7429 lr=3.33e-05
[SSL][Epoch 85/100] total=18.3812 align=0.0038 var=0.5980 cov=2.5085 slice=0.9181 proxy_eval=21.4758 lr=2.94e-05
[SSL][Epoch 86/100] total=18.3858 align=0.0038 var=0.5984 cov=2.5053 slice=0.9181 proxy_eval=21.3289 lr=2.57e-05
[SSL][Epoch 87/100] total=18.3998 align=0.0038 var=0.5990 cov=2.5025 slice=0.9181 proxy_eval=21.8552 lr=2.23e-05
[SSL][Epoch 88/100] total=18.3915 align=0.0038 var=0.5985 cov=2.5069 slice=0.9181 proxy_eval=21.6403 lr=1.91e-05
[SSL][Epoch 89/100] total=18.3891 align=0.0038 var=0.5984 cov=2.5061 slice=0.9181 proxy_eval=21.2792 lr=1.62e-05
[SSL][Epoch 90/100] total=18.3793 align=0.0039 var=0.5979 cov=2.5109 slice=0.9180 proxy_eval=22.5814 lr=1.35e-05
[SSL][Epoch 91/100] total=18.3976 align=0.0038 var=0.5989 cov=2.5033 slice=0.9182 proxy_eval=22.1475 lr=1.10e-05
[SSL][Epoch 92/100] total=18.3714 align=0.0038 var=0.5975 cov=2.5113 slice=0.9180 proxy_eval=21.4280 lr=8.84e-06
[SSL][Epoch 93/100] total=18.3847 align=0.0038 var=0.5982 cov=2.5072 slice=0.9181 proxy_eval=22.0610 lr=6.89e-06
[SSL][Epoch 94/100] total=18.3975 align=0.0038 var=0.5989 cov=2.5019 slice=0.9181 proxy_eval=20.5094 lr=5.20e-06
[SSL][Epoch 95/100] total=18.3916 align=0.0038 var=0.5986 cov=2.5053 slice=0.9181 proxy_eval=20.9847 lr=3.77e-06
[SSL][Epoch 96/100] total=18.3746 align=0.0038 var=0.5977 cov=2.5102 slice=0.9180 proxy_eval=21.3303 lr=2.59e-06
[SSL][Epoch 97/100] total=18.3823 align=0.0038 var=0.5981 cov=2.5083 slice=0.9181 proxy_eval=21.3114 lr=1.68e-06
[SSL][Epoch 98/100] total=18.3866 align=0.0038 var=0.5983 cov=2.5067 slice=0.9180 proxy_eval=20.9419 lr=1.02e-06
[SSL][Epoch 99/100] total=18.3811 align=0.0038 var=0.5980 cov=2.5094 slice=0.9181 proxy_eval=22.0954 lr=6.31e-07
[SSL][Epoch 100/100] total=18.3899 align=0.0038 var=0.5985 cov=2.5054 slice=0.9181 proxy_eval=21.3250 lr=5.00e-07

[Stage 2/2] Embedding extraction

====================================================================================================
Phase 1 completed
Best checkpoint      : ./outputs/phase1_resnet50/phase1_encoder_best.pth
Last checkpoint      : ./outputs/phase1_resnet50/phase1_encoder_last.pth
Embedding CSV        : ./outputs/phase1_resnet50/phase1_embeddings.csv
Best proxy loss      : 19.2657
Total elapsed        : 06:04:20
====================================================================================================
Job finished at Fri  1 May 03:57:43 BST 2026
